2025-11-22T12:50:32.7769260Z Current runner version: '2.329.0'
2025-11-22T12:50:32.7783460Z ##[group]Runner Image Provisioner
2025-11-22T12:50:32.7783910Z Hosted Compute Agent
2025-11-22T12:50:32.7784230Z Version: 20251117.445
2025-11-22T12:50:32.7784590Z Commit: 17780a5d4025a96787933ab442dc95c406773466
2025-11-22T12:50:32.7785010Z Build Date: 2025-11-17T20:36:01Z
2025-11-22T12:50:32.7785380Z ##[endgroup]
2025-11-22T12:50:32.7785700Z ##[group]Operating System
2025-11-22T12:50:32.7786040Z macOS
2025-11-22T12:50:32.7786330Z 14.8.2
2025-11-22T12:50:32.7786610Z 23J126
2025-11-22T12:50:32.7786880Z ##[endgroup]
2025-11-22T12:50:32.7787170Z ##[group]Runner Image
2025-11-22T12:50:32.7787490Z Image: macos-14-arm64
2025-11-22T12:50:32.7787790Z Version: 20251111.0092
2025-11-22T12:50:32.7788460Z Included Software: https://github.com/actions/runner-images/blob/macos-14-arm64/20251111.0092/images/macos/macos-14-arm64-Readme.md
2025-11-22T12:50:32.7789460Z Image Release: https://github.com/actions/runner-images/releases/tag/macos-14-arm64%2F20251111.0092
2025-11-22T12:50:32.7790050Z ##[endgroup]
2025-11-22T12:50:32.7791690Z ##[group]GITHUB_TOKEN Permissions
2025-11-22T12:50:32.7792900Z Actions: write
2025-11-22T12:50:32.7793210Z ArtifactMetadata: write
2025-11-22T12:50:32.7793530Z Attestations: write
2025-11-22T12:50:32.7793830Z Checks: write
2025-11-22T12:50:32.7794110Z Contents: write
2025-11-22T12:50:32.7794400Z Deployments: write
2025-11-22T12:50:32.7794700Z Discussions: write
2025-11-22T12:50:32.7795000Z Issues: write
2025-11-22T12:50:32.7795280Z Metadata: read
2025-11-22T12:50:32.7795580Z Models: read
2025-11-22T12:50:32.7795860Z Packages: write
2025-11-22T12:50:32.7796150Z Pages: write
2025-11-22T12:50:32.7796440Z PullRequests: write
2025-11-22T12:50:32.7796760Z RepositoryProjects: write
2025-11-22T12:50:32.7797140Z SecurityEvents: write
2025-11-22T12:50:32.7797450Z Statuses: write
2025-11-22T12:50:32.7797750Z ##[endgroup]
2025-11-22T12:50:32.7799010Z Secret source: Actions
2025-11-22T12:50:32.7799420Z Prepare workflow directory
2025-11-22T12:50:32.8015810Z Prepare all required actions
2025-11-22T12:50:32.8043850Z Getting action download info
2025-11-22T12:50:33.0141360Z Download action repository 'actions/checkout@v4' (SHA:34e114876b0b11c390a56381ad16ebd13914f8d5)
2025-11-22T12:50:34.3759720Z Download action repository 'actions/cache@v4' (SHA:0057852bfaa89a56745cba8c7296529d2fc39830)
2025-11-22T12:50:34.4513000Z Download action repository 'actions/upload-artifact@v4' (SHA:ea165f8d65b6e75b540449e92b4886f43607fa02)
2025-11-22T12:50:34.6135920Z Complete job name: Development build (2, ios)
2025-11-22T12:50:34.6434450Z ##[group]Run set -e
2025-11-22T12:50:34.6434830Z [36;1mset -e[0m
2025-11-22T12:50:34.6435200Z [36;1mecho "Available apps in /Applications (matching Xcode*):"[0m
2025-11-22T12:50:34.6435700Z [36;1mls /Applications | grep -E "Xcode(.+)?\.app" || true[0m
2025-11-22T12:50:34.6436290Z [36;1m# Prefer Xcode_16, then Xcode_15, then /Applications/Xcode.app[0m
2025-11-22T12:50:34.6436750Z [36;1mif [ -d "/Applications/Xcode_16.app" ]; then[0m
2025-11-22T12:50:34.6437270Z [36;1m  echo "Selecting /Applications/Xcode_16.app"[0m
2025-11-22T12:50:34.6437820Z [36;1m  sudo xcode-select -s /Applications/Xcode_16.app/Contents/Developer[0m
2025-11-22T12:50:34.6438300Z [36;1melif [ -d "/Applications/Xcode_15.app" ]; then[0m
2025-11-22T12:50:34.6438710Z [36;1m  echo "Selecting /Applications/Xcode_15.app"[0m
2025-11-22T12:50:34.6439200Z [36;1m  sudo xcode-select -s /Applications/Xcode_15.app/Contents/Developer[0m
2025-11-22T12:50:34.6439760Z [36;1melif [ -d "/Applications/Xcode.app" ]; then[0m
2025-11-22T12:50:34.6440180Z [36;1m  echo "Selecting /Applications/Xcode.app"[0m
2025-11-22T12:50:34.6440660Z [36;1m  sudo xcode-select -s /Applications/Xcode.app/Contents/Developer[0m
2025-11-22T12:50:34.6441100Z [36;1melse[0m
2025-11-22T12:50:34.6441630Z [36;1m  echo "No preinstalled Xcode found under /Applications that matches the search. Leaving system default."[0m
2025-11-22T12:50:34.6442230Z [36;1mfi[0m
2025-11-22T12:50:34.6442500Z [36;1mxcodebuild -version || true[0m
2025-11-22T12:50:34.6443370Z [36;1mecho "Available simulator runtimes (for debugging):"[0m
2025-11-22T12:50:34.6443790Z [36;1mxcrun simctl list runtimes || true[0m
2025-11-22T12:50:34.6531520Z shell: /bin/bash -e {0}
2025-11-22T12:50:34.6532010Z ##[endgroup]
2025-11-22T12:50:34.6824210Z Available apps in /Applications (matching Xcode*):
2025-11-22T12:50:34.6846370Z Xcode.app
2025-11-22T12:50:34.6847030Z Xcode_15.0.1.app
2025-11-22T12:50:34.6847440Z Xcode_15.0.app
2025-11-22T12:50:34.6847800Z Xcode_15.1.0.app
2025-11-22T12:50:34.6848230Z Xcode_15.1.app
2025-11-22T12:50:34.6848510Z Xcode_15.2.0.app
2025-11-22T12:50:34.6848800Z Xcode_15.2.app
2025-11-22T12:50:34.6849080Z Xcode_15.3.0.app
2025-11-22T12:50:34.6849430Z Xcode_15.3.app
2025-11-22T12:50:34.6849740Z Xcode_15.4.0.app
2025-11-22T12:50:34.6850030Z Xcode_15.4.app
2025-11-22T12:50:34.6850300Z Xcode_16.1.0.app
2025-11-22T12:50:34.6850580Z Xcode_16.1.app
2025-11-22T12:50:34.6850880Z Xcode_16.2.0.app
2025-11-22T12:50:34.6851180Z Xcode_16.2.app
2025-11-22T12:50:34.6851500Z Selecting /Applications/Xcode.app
2025-11-22T12:50:35.6052050Z Xcode 15.4
2025-11-22T12:50:35.6057040Z Build version 15F31d
2025-11-22T12:50:35.6058450Z Available simulator runtimes (for debugging):
2025-11-22T12:50:44.3409280Z == Runtimes ==
2025-11-22T12:50:44.3412050Z iOS 17.0 (17.0.1 - 21A342) - com.apple.CoreSimulator.SimRuntime.iOS-17-0
2025-11-22T12:50:44.3413900Z iOS 17.2 (17.2 - 21C62) - com.apple.CoreSimulator.SimRuntime.iOS-17-2
2025-11-22T12:50:44.3415370Z iOS 17.4 (17.4 - 21E213) - com.apple.CoreSimulator.SimRuntime.iOS-17-4
2025-11-22T12:50:44.3416570Z iOS 17.5 (17.5 - 21F79) - com.apple.CoreSimulator.SimRuntime.iOS-17-5
2025-11-22T12:50:44.3417570Z iOS 18.1 (18.1 - 22B81) - com.apple.CoreSimulator.SimRuntime.iOS-18-1
2025-11-22T12:50:44.3418600Z iOS 18.2 (18.2 - 22C150) - com.apple.CoreSimulator.SimRuntime.iOS-18-2
2025-11-22T12:50:44.3419590Z tvOS 17.0 (17.0 - 21J353) - com.apple.CoreSimulator.SimRuntime.tvOS-17-0
2025-11-22T12:50:44.3420800Z tvOS 17.2 (17.2 - 21K364) - com.apple.CoreSimulator.SimRuntime.tvOS-17-2
2025-11-22T12:50:44.3421950Z tvOS 17.4 (17.4 - 21L224) - com.apple.CoreSimulator.SimRuntime.tvOS-17-4
2025-11-22T12:50:44.3423150Z tvOS 17.5 (17.5 - 21L569) - com.apple.CoreSimulator.SimRuntime.tvOS-17-5
2025-11-22T12:50:44.3424580Z tvOS 18.1 (18.1 - 22J578) - com.apple.CoreSimulator.SimRuntime.tvOS-18-1
2025-11-22T12:50:44.3425890Z tvOS 18.2 (18.2 - 22K154) - com.apple.CoreSimulator.SimRuntime.tvOS-18-2
2025-11-22T12:50:44.3427650Z watchOS 10.0 (10.0 - 21R355) - com.apple.CoreSimulator.SimRuntime.watchOS-10-0
2025-11-22T12:50:44.3429210Z watchOS 10.2 (10.2 - 21S364) - com.apple.CoreSimulator.SimRuntime.watchOS-10-2
2025-11-22T12:50:44.3430880Z watchOS 10.4 (10.4 - 21T214) - com.apple.CoreSimulator.SimRuntime.watchOS-10-4
2025-11-22T12:50:44.3432390Z watchOS 10.5 (10.5 - 21T575) - com.apple.CoreSimulator.SimRuntime.watchOS-10-5
2025-11-22T12:50:44.3433790Z watchOS 11.1 (11.1 - 22R581) - com.apple.CoreSimulator.SimRuntime.watchOS-11-1
2025-11-22T12:50:44.3435360Z watchOS 11.2 (11.2 - 22S99) - com.apple.CoreSimulator.SimRuntime.watchOS-11-2
2025-11-22T12:50:44.3436770Z visionOS 1.0 (1.0 - 21N305) - com.apple.CoreSimulator.SimRuntime.xrOS-1-0
2025-11-22T12:50:44.3438110Z visionOS 1.1 (1.1 - 21O209) - com.apple.CoreSimulator.SimRuntime.xrOS-1-1
2025-11-22T12:50:44.3439430Z visionOS 1.2 (1.2 - 21O5565d) - com.apple.CoreSimulator.SimRuntime.xrOS-1-2
2025-11-22T12:50:44.3440780Z visionOS 2.1 (2.1 - 22N580) - com.apple.CoreSimulator.SimRuntime.xrOS-2-1
2025-11-22T12:50:44.3442110Z visionOS 2.2 (2.2 - 22N840) - com.apple.CoreSimulator.SimRuntime.xrOS-2-2
2025-11-22T12:50:44.3598320Z ##[group]Run brew update
2025-11-22T12:50:44.3599220Z [36;1mbrew update[0m
2025-11-22T12:50:44.3600070Z [36;1mbrew install make[0m
2025-11-22T12:50:44.4041280Z shell: /bin/bash -e {0}
2025-11-22T12:50:44.4042110Z ##[endgroup]
2025-11-22T12:50:47.3139210Z [34m==>[0m [1mUpdating Homebrew...[0m
2025-11-22T12:51:01.6448410Z To restore the stashed changes to /opt/homebrew/Library/Taps/homebrew/homebrew-core, run:
2025-11-22T12:51:01.6456450Z   cd /opt/homebrew/Library/Taps/homebrew/homebrew-core && git stash pop
2025-11-22T12:51:02.4001880Z [34m==>[0m [1mDownloading https://ghcr.io/v2/homebrew/core/portable-ruby/blobs/sha256:c6946ba2c387b47934e77c352c2056489421003ec7ddb2abf246cef2168ec140[0m
2025-11-22T12:51:02.7219960Z #=#=#                                                                          
2025-11-22T12:51:02.8163610Z ##O#-#                                                                         
2025-11-22T12:51:02.8164120Z 
2025-11-22T12:51:02.8164560Z ######################################################################## 100.0%
2025-11-22T12:51:02.9163400Z [34m==>[0m [1mPouring portable-ruby-3.4.7.arm64_big_sur.bottle.tar.gz[0m
2025-11-22T12:51:03.9994930Z [34m==>[0m [1mHomebrew's analytics have entirely moved to our InfluxDB instance in the EU.[0m
2025-11-22T12:51:03.9996100Z We gather less data than before and have destroyed all Google Analytics data:
2025-11-22T12:51:03.9997180Z   [4mhttps://docs.brew.sh/Analytics[24m[0m
2025-11-22T12:51:03.9997840Z Please reconsider re-enabling analytics to help our volunteer maintainers with:
2025-11-22T12:51:03.9998360Z   brew analytics on
2025-11-22T12:51:04.0145770Z [34m==>[0m [1mHomebrew is run entirely by unpaid volunteers. Please consider donating:[0m
2025-11-22T12:51:04.0146400Z   [4mhttps://github.com/Homebrew/brew#donations[24m
2025-11-22T12:51:04.0146720Z 
2025-11-22T12:51:05.1672150Z Updated 4 taps (hashicorp/tap, azure/bicep, homebrew/core and homebrew/cask).
2025-11-22T12:51:05.1690720Z [34m==>[0m [1mNew Formulae[0m
2025-11-22T12:51:05.5447880Z ansible@12: Automate deployment, configuration, and upgrading
2025-11-22T12:51:05.5449490Z devcockpit: TUI system monitor for Apple Silicon
2025-11-22T12:51:05.5453190Z fnox: Fort Knox for your secrets - flexible secret management tool
2025-11-22T12:51:05.5454630Z forgejo-cli: CLI tool for interacting with Forgejo
2025-11-22T12:51:05.5457930Z gitnr: Create `.gitignore` using templates from TopTal, GitHub or your own collection
2025-11-22T12:51:05.5462470Z gotun: Lightweight HTTP proxy over SSH
2025-11-22T12:51:05.5464050Z gruyere: TUI program for viewing and killing processes listening on ports
2025-11-22T12:51:05.5466200Z gwctl: CLI for managing and inspecting Gateway API resources in Kubernetes clusters
2025-11-22T12:51:05.5467550Z hapless: Run and manage background processes
2025-11-22T12:51:05.5470840Z helm@3: Kubernetes package manager
2025-11-22T12:51:05.5472460Z hf-mcp-server: MCP Server for Hugging Face
2025-11-22T12:51:05.5478580Z icu4c@78: C/C++ and Java libraries for Unicode and globalization
2025-11-22T12:51:05.5480350Z kagent: Kubernetes native framework for building AI agents
2025-11-22T12:51:05.5483570Z kanata-tray: System tray for kanata keyboard remapper
2025-11-22T12:51:05.5487970Z libaegis: Portable C implementations of the AEGIS family of encryption algorithms
2025-11-22T12:51:05.5490310Z libdecor: Client-side decorations library for Wayland client
2025-11-22T12:51:05.5497300Z mbedtls@3: Cryptographic & SSL/TLS library
2025-11-22T12:51:05.5499390Z mdfried: Terminal markdown viewer
2025-11-22T12:51:05.5506500Z mitama-cpp-result: Provides `result<T, E>` and `maybe<T>` and monadic functions for them
2025-11-22T12:51:05.5518160Z parqeye: Peek inside Parquet files right from your terminal
2025-11-22T12:51:05.5526510Z php@8.4: General-purpose scripting language
2025-11-22T12:51:05.5531850Z pipewire: Server and user space API to deal with multimedia pipelines
2025-11-22T12:51:05.5549850Z redis@8.2: Persistent key-value database, with built-in net interface
2025-11-22T12:51:05.5552040Z resterm: Terminal client for .http/.rest files with HTTP, GraphQL, and gRPC support
2025-11-22T12:51:05.5566490Z spiffe-helper: Tool that can be used to retrieve and manage SVIDs on behalf of a workload
2025-11-22T12:51:05.5567520Z strands-agents-sops: Standard Operating Procedures for AI agents using natural language
2025-11-22T12:51:05.5575310Z torrra: Find and download torrents without leaving your CLI
2025-11-22T12:51:05.5583060Z vibecheck: AI-powered git commit assistant written in Go
2025-11-22T12:51:05.5591000Z xcp: Fast & lightweight command-line tool for managing Xcode projects, built in Swift
2025-11-22T12:51:05.5634210Z [34m==>[0m [1mNew Casks[0m
2025-11-22T12:51:05.7478120Z antigravity: AI Coding Agent IDE
2025-11-22T12:51:05.7478590Z ape: Software for DNA sequence analysis and annotation
2025-11-22T12:51:05.7479010Z appbox: iOS app distribution tool
2025-11-22T12:51:05.7479460Z butterkit: App Store screenshots editor
2025-11-22T12:51:05.7479850Z cadreader: CAD drawing viewer
2025-11-22T12:51:05.7480230Z chatglm: Desktop client for the ChatGLM AI chatbot
2025-11-22T12:51:05.7480740Z daruma: Track your goals using the Daruma Method
2025-11-22T12:51:05.7481560Z dotnet-sdk@9: Developer platform
2025-11-22T12:51:05.7482940Z filo: AI-powered email client designed for Gmail
2025-11-22T12:51:05.7486750Z font-myna
2025-11-22T12:51:05.7490890Z font-psudofont-liga-mono
2025-11-22T12:51:05.7495790Z karing: Proxy utility
2025-11-22T12:51:05.7498770Z kimi: AI chat assistant from Moonshot
2025-11-22T12:51:05.7502320Z meituxiuxiu: Photo editing and beautification software
2025-11-22T12:51:05.7506080Z mountmate: Menubar app to easily manage external drives
2025-11-22T12:51:05.7509940Z notepadexe: Lightweight code editor
2025-11-22T12:51:05.7514000Z okta-verify: Identity verification provider
2025-11-22T12:51:05.7519790Z qianwen: AI assistant and chatbot powered by Alibaba's Qwen model
2025-11-22T12:51:05.7523720Z qqnews: Tencent News client
2025-11-22T12:51:05.7529250Z shell360: Cross-platform SSH & SFTP client
2025-11-22T12:51:05.7533720Z sodamusic: Music app
2025-11-22T12:51:05.7539140Z taobao: Online Shopping Client
2025-11-22T12:51:05.7545420Z white-rabbit: SVG utility and optimiser
2025-11-22T12:51:05.7549720Z whodb: Database management tool with AI-powered features
2025-11-22T12:51:05.7555840Z wiso-steuer-2026: Tax declaration for the fiscal year 2025
2025-11-22T12:51:06.1661960Z [34m==>[0m [1mOutdated Formulae[0m
2025-11-22T12:51:06.1662440Z aws-sam-cli
2025-11-22T12:51:06.1662730Z azure-cli
2025-11-22T12:51:06.1663030Z bicep
2025-11-22T12:51:06.1663280Z certifi
2025-11-22T12:51:06.1663450Z cmake
2025-11-22T12:51:06.1663590Z gh
2025-11-22T12:51:06.1663690Z git
2025-11-22T12:51:06.1663810Z glib
2025-11-22T12:51:06.1663920Z gnutls
2025-11-22T12:51:06.1664030Z gradle
2025-11-22T12:51:06.1664430Z harfbuzz
2025-11-22T12:51:06.1664580Z icu4c@77
2025-11-22T12:51:06.1664770Z libpq
2025-11-22T12:51:06.1664930Z ninja
2025-11-22T12:51:06.1665100Z packer
2025-11-22T12:51:06.1665320Z rpds-py
2025-11-22T12:51:06.1665440Z swiftformat
2025-11-22T12:51:06.1665560Z yq
2025-11-22T12:51:06.1706410Z 
2025-11-22T12:51:06.1706690Z You have [1m18[0m outdated formulae installed.
2025-11-22T12:51:06.1706960Z You can upgrade them with [1mbrew upgrade[0m
2025-11-22T12:51:06.1707200Z or list them with [1mbrew outdated[0m.
2025-11-22T12:51:07.9546700Z [32m==>[0m [1mFetching downloads for: [32mmake[39m[0m
2025-11-22T12:51:08.4733260Z ✔︎ Bottle Manifest make (4.4.1)
2025-11-22T12:51:09.1029890Z ✔︎ Bottle make (4.4.1)
2025-11-22T12:51:09.1685050Z [34m==>[0m [1mPouring make--4.4.1.arm64_sonoma.bottle.1.tar.gz[0m
2025-11-22T12:51:09.2843750Z [34m==>[0m [1mCaveats[0m
2025-11-22T12:51:09.2844260Z GNU "make" has been installed as "gmake".
2025-11-22T12:51:09.2844590Z If you need to use it as "make", you can add a "gnubin" directory
2025-11-22T12:51:09.2844920Z to your PATH from your bashrc like:
2025-11-22T12:51:09.2845440Z 
2025-11-22T12:51:09.2845820Z     PATH="/opt/homebrew/opt/make/libexec/gnubin:$PATH"
2025-11-22T12:51:09.2846290Z [34m==>[0m [1mSummary[0m
2025-11-22T12:51:09.2853100Z 🍺  /opt/homebrew/Cellar/make/4.4.1: 17 files, 1.3MB
2025-11-22T12:51:09.3194460Z ##[group]Run brew install --cask temurin@8 || true
2025-11-22T12:51:09.3194800Z [36;1mbrew install --cask temurin@8 || true[0m
2025-11-22T12:51:09.3301030Z shell: /bin/bash -e {0}
2025-11-22T12:51:09.3301200Z ##[endgroup]
2025-11-22T12:51:09.9669010Z [34m==>[0m [1mCaveats[0m
2025-11-22T12:51:09.9669680Z temurin@8 is built for Intel macOS and so requires Rosetta 2 to be installed.
2025-11-22T12:51:09.9670530Z You can install Rosetta 2 with:
2025-11-22T12:51:09.9670890Z   softwareupdate --install-rosetta --agree-to-license
2025-11-22T12:51:09.9671280Z Note that it is very difficult to remove Rosetta 2 once it is installed.
2025-11-22T12:51:09.9671630Z 
2025-11-22T12:51:10.4108960Z [34m==>[0m [1mDownloading https://github.com/adoptium/temurin8-binaries/releases/download/jdk8u472-b08/OpenJDK8U-jdk_x64_mac_hotspot_8u472b08.pkg[0m
2025-11-22T12:51:10.4114330Z [34m==>[0m [1mDownloading from https://release-assets.githubusercontent.com/github-production-release-asset/372924428/9aeaee9a-6a0b-4f1e-8e9a-745548f2094f?sp=r&sv=2018-11-09&sr=b&spr=https&se=2025-11-22T13%3A36%3A14Z&rscd=attachment%3B+filename%3DOpenJDK8U-jdk_x64_mac_hotspot_8u472b08.pkg&rsct=application%2Foctet-stream&skoid=96c2d410-5711-43a1-aedd-ab1947aa7ab0&sktid=398a6654-997b-47e9-b12b-9515b896b4de&skt=2025-11-22T12%3A36%3A08Z&ske=2025-11-22T13%3A36%3A14Z&sks=b&skv=2018-11-09&sig=UeQjwMiyKvhoZPwzxwfozUtIb1SF8BrYrvsF%2BO6EoJs%3D&jwt=***
2025-11-22T12:51:13.7751010Z [32m==>[0m [1mInstalling Cask [32mtemurin@8[39m[0m
2025-11-22T12:51:13.8821720Z [34m==>[0m [1mRunning installer for temurin@8 with `sudo` (which may request your password)...[0m
2025-11-22T12:51:37.0108690Z installer: Package name is Eclipse Temurin
2025-11-22T12:51:37.0109700Z installer: Installing at base path /
2025-11-22T12:51:37.0110580Z installer: The install was successful.
2025-11-22T12:51:37.0515210Z 🍺  temurin@8 was successfully installed!
2025-11-22T12:51:37.0781550Z ##[group]Run brew install ldid || true
2025-11-22T12:51:37.0781820Z [36;1mbrew install ldid || true[0m
2025-11-22T12:51:37.0997200Z shell: /bin/bash -e {0}
2025-11-22T12:51:37.0997400Z ##[endgroup]
2025-11-22T12:51:38.8039150Z [32m==>[0m [1mFetching downloads for: [32mldid[39m[0m
2025-11-22T12:51:39.3694550Z ✔︎ Bottle Manifest ldid (2.1.5_1)
2025-11-22T12:51:39.9338000Z ✔︎ Bottle Manifest libplist (2.7.0)
2025-11-22T12:51:39.9910490Z ✔︎ Bottle ldid (2.1.5_1)
2025-11-22T12:51:40.1454190Z ✔︎ Bottle libplist (2.7.0)
2025-11-22T12:51:40.3598230Z [32m==>[0m [1mInstalling ldid dependency: [32mlibplist[39m[0m
2025-11-22T12:51:40.3665700Z [34m==>[0m [1mPouring libplist--2.7.0.arm64_sonoma.bottle.tar.gz[0m
2025-11-22T12:51:40.6292310Z 🍺  /opt/homebrew/Cellar/libplist/2.7.0: 32 files, 662KB
2025-11-22T12:51:40.6296960Z [34m==>[0m [1mPouring ldid--2.1.5_1.arm64_sonoma.bottle.1.tar.gz[0m
2025-11-22T12:51:40.7004820Z 🍺  /opt/homebrew/Cellar/ldid/2.1.5_1: 6 files, 292.6KB
2025-11-22T12:51:40.7217790Z ##[group]Run echo "before"
2025-11-22T12:51:40.7218110Z [36;1mecho "before"[0m
2025-11-22T12:51:40.7218630Z [36;1mls -lah ./[0m
2025-11-22T12:51:40.7218900Z [36;1mrm -rf ./* || true[0m
2025-11-22T12:51:40.7219180Z [36;1mrm -rf ./.??* || true[0m
2025-11-22T12:51:40.7219390Z [36;1mecho "after"[0m
2025-11-22T12:51:40.7219610Z [36;1mls -lah ./[0m
2025-11-22T12:51:40.7273430Z shell: /bin/bash -e {0}
2025-11-22T12:51:40.7273660Z ##[endgroup]
2025-11-22T12:51:40.7569670Z before
2025-11-22T12:51:40.7604950Z total 0
2025-11-22T12:51:40.7605440Z drwxr-xr-x  2 runner  staff    64B Nov 22 12:50 .
2025-11-22T12:51:40.7605840Z drwxr-xr-x  3 runner  staff    96B Nov 22 12:50 ..
2025-11-22T12:51:40.7639740Z after
2025-11-22T12:51:40.7666440Z total 0
2025-11-22T12:51:40.7667430Z drwxr-xr-x  2 runner  staff    64B Nov 22 12:50 .
2025-11-22T12:51:40.7669160Z drwxr-xr-x  3 runner  staff    96B Nov 22 12:50 ..
2025-11-22T12:51:40.7773260Z ##[group]Run actions/checkout@v4
2025-11-22T12:51:40.7773460Z with:
2025-11-22T12:51:40.7773640Z   repository: herbrine8403/Amethyst-iOS-MyRemastered
2025-11-22T12:51:40.7773970Z   token: ***
2025-11-22T12:51:40.7774120Z   ssh-strict: true
2025-11-22T12:51:40.7774260Z   ssh-user: git
2025-11-22T12:51:40.7774390Z   persist-credentials: true
2025-11-22T12:51:40.7774540Z   clean: true
2025-11-22T12:51:40.7775070Z   sparse-checkout-cone-mode: true
2025-11-22T12:51:40.7775240Z   fetch-depth: 1
2025-11-22T12:51:40.7775420Z   fetch-tags: false
2025-11-22T12:51:40.7775550Z   show-progress: true
2025-11-22T12:51:40.7775680Z   lfs: false
2025-11-22T12:51:40.7775860Z   submodules: false
2025-11-22T12:51:40.7776010Z   set-safe-directory: true
2025-11-22T12:51:40.7776170Z ##[endgroup]
2025-11-22T12:51:41.0510680Z Syncing repository: herbrine8403/Amethyst-iOS-MyRemastered
2025-11-22T12:51:41.0511970Z ##[group]Getting Git version info
2025-11-22T12:51:41.0512430Z Working directory is '/Users/runner/work/Amethyst-iOS-MyRemastered/Amethyst-iOS-MyRemastered'
2025-11-22T12:51:41.0513060Z [command]/opt/homebrew/bin/git version
2025-11-22T12:51:41.0513250Z git version 2.50.1
2025-11-22T12:51:41.0513980Z ##[endgroup]
2025-11-22T12:51:41.0516620Z Copying '/Users/runner/.gitconfig' to '/Users/runner/work/_temp/692eff50-7ffe-4bf1-b215-fe0654e06d48/.gitconfig'
2025-11-22T12:51:41.0517250Z Temporarily overriding HOME='/Users/runner/work/_temp/692eff50-7ffe-4bf1-b215-fe0654e06d48' before making global git config changes
2025-11-22T12:51:41.0517810Z Adding repository directory to the temporary git global config as a safe directory
2025-11-22T12:51:41.0518470Z [command]/opt/homebrew/bin/git config --global --add safe.directory /Users/runner/work/Amethyst-iOS-MyRemastered/Amethyst-iOS-MyRemastered
2025-11-22T12:51:41.0578730Z Deleting the contents of '/Users/runner/work/Amethyst-iOS-MyRemastered/Amethyst-iOS-MyRemastered'
2025-11-22T12:51:41.0581400Z ##[group]Initializing the repository
2025-11-22T12:51:41.0585200Z [command]/opt/homebrew/bin/git init /Users/runner/work/Amethyst-iOS-MyRemastered/Amethyst-iOS-MyRemastered
2025-11-22T12:51:41.0714690Z hint: Using 'master' as the name for the initial branch. This default branch name
2025-11-22T12:51:41.0726690Z hint: is subject to change. To configure the initial branch name to use in all
2025-11-22T12:51:41.0766910Z hint: of your new repositories, which will suppress this warning, call:
2025-11-22T12:51:41.0767490Z hint:
2025-11-22T12:51:41.0767790Z hint: 	git config --global init.defaultBranch <name>
2025-11-22T12:51:41.0768160Z hint:
2025-11-22T12:51:41.0768530Z hint: Names commonly chosen instead of 'master' are 'main', 'trunk' and
2025-11-22T12:51:41.0769030Z hint: 'development'. The just-created branch can be renamed via this command:
2025-11-22T12:51:41.0769400Z hint:
2025-11-22T12:51:41.0769640Z hint: 	git branch -m <name>
2025-11-22T12:51:41.0769890Z hint:
2025-11-22T12:51:41.0770230Z hint: Disable this message with "git config set advice.defaultBranchName false"
2025-11-22T12:51:41.0770910Z Initialized empty Git repository in /Users/runner/work/Amethyst-iOS-MyRemastered/Amethyst-iOS-MyRemastered/.git/
2025-11-22T12:51:41.0809570Z [command]/opt/homebrew/bin/git remote add origin https://github.com/herbrine8403/Amethyst-iOS-MyRemastered
2025-11-22T12:51:41.0811370Z ##[endgroup]
2025-11-22T12:51:41.0811760Z ##[group]Disabling automatic garbage collection
2025-11-22T12:51:41.0812340Z [command]/opt/homebrew/bin/git config --local gc.auto 0
2025-11-22T12:51:41.0840030Z ##[endgroup]
2025-11-22T12:51:41.0840430Z ##[group]Setting up auth
2025-11-22T12:51:41.0845410Z [command]/opt/homebrew/bin/git config --local --name-only --get-regexp core\.sshCommand
2025-11-22T12:51:41.0893910Z [command]/opt/homebrew/bin/git submodule foreach --recursive sh -c "git config --local --name-only --get-regexp 'core\.sshCommand' && git config --local --unset-all 'core.sshCommand' || :"
2025-11-22T12:51:41.1770120Z [command]/opt/homebrew/bin/git config --local --name-only --get-regexp http\.https\:\/\/github\.com\/\.extraheader
2025-11-22T12:51:41.1884920Z [command]/opt/homebrew/bin/git submodule foreach --recursive sh -c "git config --local --name-only --get-regexp 'http\.https\:\/\/github\.com\/\.extraheader' && git config --local --unset-all 'http.https://github.com/.extraheader' || :"
2025-11-22T12:51:41.3422790Z [command]/opt/homebrew/bin/git config --local --name-only --get-regexp ^includeIf\.gitdir:
2025-11-22T12:51:41.3591940Z [command]/opt/homebrew/bin/git submodule foreach --recursive git config --local --show-origin --name-only --get-regexp remote.origin.url
2025-11-22T12:51:41.4514490Z [command]/opt/homebrew/bin/git config --local http.https://github.com/.extraheader AUTHORIZATION: basic ***
2025-11-22T12:51:41.4529130Z ##[endgroup]
2025-11-22T12:51:41.4536070Z ##[group]Fetching the repository
2025-11-22T12:51:41.4539560Z [command]/opt/homebrew/bin/git -c protocol.version=2 fetch --no-tags --prune --no-recurse-submodules --depth=1 origin +098360a1758bdcc087867106d58b2f9a171bd000:refs/remotes/origin/main
2025-11-22T12:51:44.7050410Z From https://github.com/herbrine8403/Amethyst-iOS-MyRemastered
2025-11-22T12:51:44.7052150Z  * [new ref]         098360a1758bdcc087867106d58b2f9a171bd000 -> origin/main
2025-11-22T12:51:44.7189290Z ##[endgroup]
2025-11-22T12:51:44.7204990Z ##[group]Determining the checkout info
2025-11-22T12:51:44.7228270Z ##[endgroup]
2025-11-22T12:51:44.7264240Z [command]/opt/homebrew/bin/git sparse-checkout disable
2025-11-22T12:51:44.7338100Z [command]/opt/homebrew/bin/git config --local --unset-all extensions.worktreeConfig
2025-11-22T12:51:44.7346460Z ##[group]Checking out the ref
2025-11-22T12:51:44.7368270Z [command]/opt/homebrew/bin/git checkout --progress --force -B main refs/remotes/origin/main
2025-11-22T12:51:45.0389910Z Switched to a new branch 'main'
2025-11-22T12:51:45.0491930Z branch 'main' set up to track 'origin/main'.
2025-11-22T12:51:45.0774060Z ##[endgroup]
2025-11-22T12:51:45.1191080Z [command]/opt/homebrew/bin/git log -1 --format=%H
2025-11-22T12:51:45.1309630Z 098360a1758bdcc087867106d58b2f9a171bd000
2025-11-22T12:51:45.1976940Z ##[group]Run git submodule update --init --recursive
2025-11-22T12:51:45.1977280Z [36;1mgit submodule update --init --recursive[0m
2025-11-22T12:51:45.2029550Z shell: /bin/bash -e {0}
2025-11-22T12:51:45.2029750Z ##[endgroup]
2025-11-22T12:51:45.3738390Z Submodule 'Natives/external/AFNetworking' (https://github.com/AFNetworking/AFNetworking) registered for path 'Natives/external/AFNetworking'
2025-11-22T12:51:45.3844680Z Submodule 'Natives/external/DBNumberedSlider' (https://github.com/khanhduytran0/DBNumberedSlider) registered for path 'Natives/external/DBNumberedSlider'
2025-11-22T12:51:45.3947300Z Submodule 'Natives/external/MobileGlues' (https://github.com/MobileGL-Dev/MobileGlues) registered for path 'Natives/external/MobileGlues'
2025-11-22T12:51:45.4052420Z Submodule 'Natives/external/fishhook' (https://github.com/khanhduytran0/fishhook) registered for path 'Natives/external/fishhook'
2025-11-22T12:51:45.4154210Z Cloning into '/Users/runner/work/Amethyst-iOS-MyRemastered/Amethyst-iOS-MyRemastered/Natives/external/AFNetworking'...
2025-11-22T12:51:47.0710050Z Cloning into '/Users/runner/work/Amethyst-iOS-MyRemastered/Amethyst-iOS-MyRemastered/Natives/external/DBNumberedSlider'...
2025-11-22T12:51:47.7902600Z Cloning into '/Users/runner/work/Amethyst-iOS-MyRemastered/Amethyst-iOS-MyRemastered/Natives/external/MobileGlues'...
2025-11-22T12:51:51.2508040Z Cloning into '/Users/runner/work/Amethyst-iOS-MyRemastered/Amethyst-iOS-MyRemastered/Natives/external/fishhook'...
2025-11-22T12:51:52.0349130Z Submodule path 'Natives/external/AFNetworking': checked out '4eaec5b586ddd897ebeda896e332a62a9fdab818'
2025-11-22T12:51:52.0673290Z Submodule path 'Natives/external/DBNumberedSlider': checked out '4eddc68b5f92247f8afc0f6114d1b92b338749f4'
2025-11-22T12:51:52.4418400Z Submodule path 'Natives/external/MobileGlues': checked out '039171ee672595da95b5138cffad576c48e327c9'
2025-11-22T12:51:52.4460000Z Submodule 'src/main/cpp/3rdparty/glm' (https://github.com/g-truc/glm.git) registered for path 'Natives/external/MobileGlues/src/main/cpp/3rdparty/glm'
2025-11-22T12:51:52.4464530Z Submodule 'src/main/cpp/3rdparty/perfetto' (https://android.googlesource.com/platform/external/perfetto) registered for path 'Natives/external/MobileGlues/src/main/cpp/3rdparty/perfetto'
2025-11-22T12:51:52.4475220Z Submodule 'src/main/cpp/3rdparty/xxhash' (https://github.com/stbrumme/xxhash.git) registered for path 'Natives/external/MobileGlues/src/main/cpp/3rdparty/xxhash'
2025-11-22T12:51:52.4479130Z Submodule 'src/main/cpp/include/FastSTL' (https://github.com/MobileGL-Dev/FastSTL.git) registered for path 'Natives/external/MobileGlues/src/main/cpp/include/FastSTL'
2025-11-22T12:51:52.4544580Z Cloning into '/Users/runner/work/Amethyst-iOS-MyRemastered/Amethyst-iOS-MyRemastered/Natives/external/MobileGlues/src/main/cpp/3rdparty/glm'...
2025-11-22T12:51:56.1564400Z Cloning into '/Users/runner/work/Amethyst-iOS-MyRemastered/Amethyst-iOS-MyRemastered/Natives/external/MobileGlues/src/main/cpp/3rdparty/perfetto'...
2025-11-22T12:52:07.7493060Z Cloning into '/Users/runner/work/Amethyst-iOS-MyRemastered/Amethyst-iOS-MyRemastered/Natives/external/MobileGlues/src/main/cpp/3rdparty/xxhash'...
2025-11-22T12:52:08.4267790Z Cloning into '/Users/runner/work/Amethyst-iOS-MyRemastered/Amethyst-iOS-MyRemastered/Natives/external/MobileGlues/src/main/cpp/include/FastSTL'...
2025-11-22T12:52:09.3516530Z Submodule path 'Natives/external/MobileGlues/src/main/cpp/3rdparty/glm': checked out '2d4c4b4dd31fde06cfffad7915c2b3006402322f'
2025-11-22T12:52:10.8684050Z Submodule path 'Natives/external/MobileGlues/src/main/cpp/3rdparty/perfetto': checked out '33a4fd07897a9a648664926ea27769278a19ff13'
2025-11-22T12:52:10.9079800Z Submodule path 'Natives/external/MobileGlues/src/main/cpp/3rdparty/xxhash': checked out 'c2866db364b6ea3a11933e62235ddc166ba18565'
2025-11-22T12:52:10.9368730Z Submodule path 'Natives/external/MobileGlues/src/main/cpp/include/FastSTL': checked out '644b3b01e6e7dcb6a67818289d2fb9bbe85232f2'
2025-11-22T12:52:10.9802070Z Submodule path 'Natives/external/fishhook': checked out '27bedb2ab670cc51d7be06d538b249564b47cfbf'
2025-11-22T12:52:10.9908620Z ##[group]Run echo "sha=$(git ls-remote https://github.com/PojavLauncherTeam/gl4es-114-extra refs/heads/master | grep -io '^\S*')" >> $GITHUB_OUTPUT
2025-11-22T12:52:10.9909460Z [36;1mecho "sha=$(git ls-remote https://github.com/PojavLauncherTeam/gl4es-114-extra refs/heads/master | grep -io '^\S*')" >> $GITHUB_OUTPUT[0m
2025-11-22T12:52:11.0218170Z shell: /bin/bash -e {0}
2025-11-22T12:52:11.0218470Z ##[endgroup]
2025-11-22T12:52:11.5388900Z ##[group]Run export PATH=/opt/homebrew/bin:$PATH
2025-11-22T12:52:11.5389480Z [36;1mexport PATH=/opt/homebrew/bin:$PATH[0m
2025-11-22T12:52:11.5389850Z [36;1mexport SLIMMED=0[0m
2025-11-22T12:52:11.5390170Z [36;1mif [ "ios" == "ios" ]; then[0m
2025-11-22T12:52:11.5390600Z [36;1m  # Build ipa and tipa for iOS[0m
2025-11-22T12:52:11.5391020Z [36;1m  gmake -j$(sysctl -n hw.ncpu) dsym package PLATFORM=2[0m
2025-11-22T12:52:11.5391560Z [36;1m  gmake -j$(sysctl -n hw.ncpu) dsym package PLATFORM=2 TROLLSTORE_JIT_ENT=1[0m
2025-11-22T12:52:11.5392150Z [36;1melif [ "ios" == "tvos" ]; then[0m
2025-11-22T12:52:11.5392490Z [36;1m  # Build tipa only for tvOS[0m
2025-11-22T12:52:11.5392950Z [36;1m  gmake -j$(sysctl -n hw.ncpu) dsym package PLATFORM=2 TROLLSTORE_JIT_ENT=1[0m
2025-11-22T12:52:11.5393410Z [36;1melse[0m
2025-11-22T12:52:11.5393810Z [36;1m  # Build ipa only for everything else[0m
2025-11-22T12:52:11.5394340Z [36;1m  gmake -j$(sysctl -n hw.ncpu) dsym package PLATFORM=2[0m
2025-11-22T12:52:11.5394730Z [36;1mfi[0m
2025-11-22T12:52:11.5470510Z shell: /bin/bash -e {0}
2025-11-22T12:52:11.5470760Z env:
2025-11-22T12:52:11.5471070Z   IPHONEOS_DEPLOYMENT_TARGET: 14
2025-11-22T12:52:11.5471340Z ##[endgroup]
2025-11-22T12:52:11.6293450Z Makefile:55: Building on macOS.
2025-11-22T12:52:11.6293900Z Makefile:79: Set PLATFORM to 2, which is equal to iOS.
2025-11-22T12:52:14.5465230Z [Amethyst v1.0] native - start
2025-11-22T12:52:14.6351510Z gmake[1]: warning: -j3 forced in submake: resetting jobserver mode.
2025-11-22T12:52:14.6351870Z [Amethyst v1.0] java - start
2025-11-22T12:52:14.6453600Z [Amethyst v1.0] assets - start
2025-11-22T12:52:14.6555760Z CMake Warning:
2025-11-22T12:52:14.6556250Z gmake[1]: Entering directory '/Users/runner/work/Amethyst-iOS-MyRemastered/Amethyst-iOS-MyRemastered/JavaApp'
2025-11-22T12:52:14.6677470Z   Ignoring extra path from command line:
2025-11-22T12:52:14.6678040Z Compiling src/launcher/net/kdt/pojavlaunch/PojavClassLoader.java
2025-11-22T12:52:14.6808420Z 
2025-11-22T12:52:14.6808690Z Compiling src/launcher/net/kdt/pojavlaunch/PojavLauncher.java
2025-11-22T12:52:14.6811060Z    "/Users/runner/work/Amethyst-iOS-MyRemastered/Amethyst-iOS-MyRemastered/Natives/build"
2025-11-22T12:52:14.6916870Z Compiling src/launcher/net/kdt/pojavlaunch/LWJGLGLFWKeycode.java
2025-11-22T12:52:14.6917360Z 
2025-11-22T12:52:14.7025660Z 
2025-11-22T12:52:14.7126650Z CMake Warning:
2025-11-22T12:52:14.7229060Z   Ignoring extra path from command line:
2025-11-22T12:52:14.7334510Z 
2025-11-22T12:52:14.7435240Z    "."
2025-11-22T12:52:14.7536650Z 
2025-11-22T12:52:14.7644560Z 
2025-11-22T12:52:14.7745620Z CMake Deprecation Warning at CMakeLists.txt:1 (cmake_minimum_required):
2025-11-22T12:52:14.7846140Z   Compatibility with CMake < 3.10 will be removed from a future version of
2025-11-22T12:52:14.7946380Z   CMake.
2025-11-22T12:52:14.8047070Z 
2025-11-22T12:52:14.8153420Z   Update the VERSION argument <min> value.  Or, use the <min>...<max> syntax
2025-11-22T12:52:14.8254970Z   to tell CMake that the project requires at least <min> but has been updated
2025-11-22T12:52:14.8357320Z   to work with policies introduced by <max> or earlier.
2025-11-22T12:52:14.8458310Z 
2025-11-22T12:52:14.8558580Z 
2025-11-22T12:52:15.4307300Z -- The C compiler identification is AppleClang 15.0.0.15000309
2025-11-22T12:52:19.0928060Z Compiling src/launcher/net/kdt/pojavlaunch/uikit/UIKitCallback.java
2025-11-22T12:52:19.2755260Z -- The CXX compiler identification is AppleClang 15.0.0.15000309
2025-11-22T12:52:19.3257330Z -- Detecting C compiler ABI info
2025-11-22T12:52:19.4969750Z -- Detecting C compiler ABI info - done
2025-11-22T12:52:19.5069990Z -- Check for working C compiler: /usr/bin/cc - skipped
2025-11-22T12:52:19.5171450Z -- Detecting C compile features
2025-11-22T12:52:19.5271690Z -- Detecting C compile features - done
2025-11-22T12:52:19.5372090Z -- Detecting CXX compiler ABI info
2025-11-22T12:52:19.6808870Z -- Detecting CXX compiler ABI info - done
2025-11-22T12:52:19.7016720Z -- Check for working CXX compiler: /usr/bin/c++ - skipped
2025-11-22T12:52:19.7118270Z -- Detecting CXX compile features
2025-11-22T12:52:19.7118620Z -- Detecting CXX compile features - done
2025-11-22T12:52:19.7219760Z -- Including mod loader icon in bundle: fabric_dark.png
2025-11-22T12:52:19.7320810Z -- Including mod loader icon in bundle: fabric_light.png
2025-11-22T12:52:19.7422480Z -- Including mod loader icon in bundle: forge_dark.png
2025-11-22T12:52:19.7523820Z -- Including mod loader icon in bundle: forge_light.png
2025-11-22T12:52:19.7624870Z -- Including mod loader icon in bundle: neoforge_dark.png
2025-11-22T12:52:19.7726090Z -- Including mod loader icon in bundle: neoforge_light.png
2025-11-22T12:52:19.7827760Z -- minizip folder not found, skipping minizip compilation.
2025-11-22T12:52:19.7928920Z -- Configuring done (5.0s)
2025-11-22T12:52:19.8528130Z Note: src/launcher/net/kdt/pojavlaunch/PojavClassLoader.java uses or overrides a deprecated API.
2025-11-22T12:52:19.8629630Z Note: Recompile with -Xlint:deprecation for details.
2025-11-22T12:52:19.8931570Z -- Generating done (0.2s)
2025-11-22T12:52:19.9032860Z -- Build files have been written to: /Users/runner/work/Amethyst-iOS-MyRemastered/Amethyst-iOS-MyRemastered/Natives/build
2025-11-22T12:52:19.9148060Z gmake[1]: warning: -j3 forced in submake: resetting jobserver mode.
2025-11-22T12:52:19.9148550Z gmake[1]: Entering directory '/Users/runner/work/Amethyst-iOS-MyRemastered/Amethyst-iOS-MyRemastered/Natives/build'
2025-11-22T12:52:19.9583870Z [  1%] Building C object CMakeFiles/tinygl4angle.dir/external/gl4es/string_utils.c.o
2025-11-22T12:52:19.9708360Z [  2%] Building C object CMakeFiles/awt_headless.dir/awt_xawt/empty.m.o
2025-11-22T12:52:19.9811560Z [  2%] Building C object CMakeFiles/AFNetworking.dir/external/AFNetworking/AFNetworking/AFSecurityPolicy.m.o
2025-11-22T12:52:19.9914670Z Compiling src/launcher/net/kdt/pojavlaunch/uikit/UIKit.java
2025-11-22T12:52:20.0016240Z [  3%] Linking C shared library libawt_headless.dylib
2025-11-22T12:52:20.0923480Z [  4%] Building C object CMakeFiles/tinygl4angle.dir/external/gl4es/tinygl4angle.c.o
2025-11-22T12:52:20.3337590Z /Users/runner/work/Amethyst-iOS-MyRemastered/Amethyst-iOS-MyRemastered/Natives/external/AFNetworking/AFNetworking/AFSecurityPolicy.m:68:46: warning: 'SecTrustCopyPublicKey' is deprecated: first deprecated in iOS 14.0 [-Wdeprecated-declarations]
2025-11-22T12:52:20.3445510Z     allowedPublicKey = (__bridge_transfer id)SecTrustCopyPublicKey(allowedTrust);
2025-11-22T12:52:20.3546250Z                                              ^~~~~~~~~~~~~~~~~~~~~
2025-11-22T12:52:20.3646570Z                                              SecTrustCopyKey
2025-11-22T12:52:20.3760880Z /Applications/Xcode_15.4.app/Contents/Developer/Platforms/iPhoneOS.platform/Developer/SDKs/iPhoneOS17.5.sdk/System/Library/Frameworks/Security.framework/Headers/SecTrust.h:476:11: note: 'SecTrustCopyPublicKey' has been explicitly marked deprecated here
2025-11-22T12:52:20.3863040Z SecKeyRef SecTrustCopyPublicKey(SecTrustRef trust)
2025-11-22T12:52:20.3863660Z [  5%] Building C object CMakeFiles/AFNetworking.dir/external/AFNetworking/AFNetworking/AFHTTPSessionManager.m.o
2025-11-22T12:52:20.3962980Z           ^
2025-11-22T12:52:20.3963230Z [  5%] Built target awt_headless
2025-11-22T12:52:20.4066290Z /Users/runner/work/Amethyst-iOS-MyRemastered/Amethyst-iOS-MyRemastered/Natives/external/AFNetworking/AFNetworking/AFSecurityPolicy.m:129:53: warning: 'SecTrustCopyPublicKey' is deprecated: first deprecated in iOS 14.0 [-Wdeprecated-declarations]
2025-11-22T12:52:20.4166400Z         [trustChain addObject:(__bridge_transfer id)SecTrustCopyPublicKey(trust)];
2025-11-22T12:52:20.4266790Z                                                     ^~~~~~~~~~~~~~~~~~~~~
2025-11-22T12:52:20.4267370Z [  6%] Building C object CMakeFiles/AmethystAccountJNI.dir/authenticator/MinecraftAccountJNI.m.o
2025-11-22T12:52:20.4368640Z                                                     SecTrustCopyKey
2025-11-22T12:52:20.4470080Z /Applications/Xcode_15.4.app/Contents/Developer/Platforms/iPhoneOS.platform/Developer/SDKs/iPhoneOS17.5.sdk/System/Library/Frameworks/Security.framework/Headers/SecTrust.h:476:11: note: 'SecTrustCopyPublicKey' has been explicitly marked deprecated here
2025-11-22T12:52:20.4569380Z SecKeyRef SecTrustCopyPublicKey(SecTrustRef trust)
2025-11-22T12:52:20.4669830Z           ^
2025-11-22T12:52:20.4770650Z 2 warnings generated.
2025-11-22T12:52:20.7279290Z [  7%] Linking C shared library libtinygl4angle.dylib
2025-11-22T12:52:20.8084280Z [  8%] Linking C shared library libAmethystAccountJNI.dylib
2025-11-22T12:52:20.8891260Z [  8%] Built target tinygl4angle
2025-11-22T12:52:20.9192400Z [  9%] Building C object CMakeFiles/awt_xawt.dir/awt_xawt/xawt_fake.m.o
2025-11-22T12:52:20.9393620Z [  9%] Built target AmethystAccountJNI
2025-11-22T12:52:20.9494960Z [ 10%] Building C object CMakeFiles/AFNetworking.dir/external/AFNetworking/AFNetworking/AFURLRequestSerialization.m.o
2025-11-22T12:52:20.9596290Z [ 11%] Linking C shared library libawt_xawt.dylib
2025-11-22T12:52:21.0602190Z [ 11%] Built target awt_xawt
2025-11-22T12:52:21.0702750Z [ 12%] Building C object CMakeFiles/AFNetworking.dir/external/AFNetworking/AFNetworking/AFURLSessionManager.m.o
2025-11-22T12:52:21.5936090Z [ 13%] Building C object CMakeFiles/AFNetworking.dir/external/AFNetworking/AFNetworking/AFNetworkReachabilityManager.m.o
2025-11-22T12:52:22.1202860Z [ 14%] Building C object CMakeFiles/AFNetworking.dir/external/AFNetworking/AFNetworking/AFURLResponseSerialization.m.o
2025-11-22T12:52:22.5425310Z [ 15%] Building C object CMakeFiles/AFNetworking.dir/external/AFNetworking/UIKit+AFNetworking/AFNetworkActivityIndicatorManager.m.o
2025-11-22T12:52:22.7332810Z [ 16%] Building C object CMakeFiles/AFNetworking.dir/external/AFNetworking/UIKit+AFNetworking/AFAutoPurgingImageCache.m.o
2025-11-22T12:52:22.8171260Z Compiling src/launcher/net/kdt/pojavlaunch/value/launcherprofiles/MinecraftSelectedUser.java
2025-11-22T12:52:23.1750880Z [ 17%] Building C object CMakeFiles/AFNetworking.dir/external/AFNetworking/UIKit+AFNetworking/AFImageDownloader.m.o
2025-11-22T12:52:23.3458190Z /Users/runner/work/Amethyst-iOS-MyRemastered/Amethyst-iOS-MyRemastered/Natives/external/AFNetworking/UIKit+AFNetworking/AFNetworkActivityIndicatorManager.m:118:48: warning: 'setNetworkActivityIndicatorVisible:' is deprecated: first deprecated in iOS 13.0 - Provide a custom network activity UI in your app if desired. [-Wdeprecated-declarations]
2025-11-22T12:52:23.3557990Z             [[UIApplication sharedApplication] setNetworkActivityIndicatorVisible:networkActivityIndicatorVisible];
2025-11-22T12:52:23.3659340Z                                                ^
2025-11-22T12:52:23.3761100Z /Applications/Xcode_15.4.app/Contents/Developer/Platforms/iPhoneOS.platform/Developer/SDKs/iPhoneOS17.5.sdk/System/Library/Frameworks/UIKit.framework/Headers/UIApplication.h:113:68: note: property 'networkActivityIndicatorVisible' is declared deprecated here
2025-11-22T12:52:23.3861890Z @property(nonatomic,getter=isNetworkActivityIndicatorVisible) BOOL networkActivityIndicatorVisible API_UNAVAILABLE(tvos) API_DEPRECATED("Provide a custom network activity UI in your app if desired.", ios(2.0, 13.0)) API_UNAVAILABLE(visionos);
2025-11-22T12:52:23.3963120Z                                                                    ^
2025-11-22T12:52:23.4064260Z /Applications/Xcode_15.4.app/Contents/Developer/Platforms/iPhoneOS.platform/Developer/SDKs/iPhoneOS17.5.sdk/System/Library/Frameworks/UIKit.framework/Headers/UIApplication.h:113:68: note: 'setNetworkActivityIndicatorVisible:' has been explicitly marked deprecated here
2025-11-22T12:52:23.4265770Z 1 warning generated.
2025-11-22T12:52:23.4468620Z [ 18%] Building C object CMakeFiles/AFNetworking.dir/external/AFNetworking/UIKit+AFNetworking/UIButton+AFNetworking.m.o
2025-11-22T12:52:23.5576750Z [ 19%] Building C object CMakeFiles/AFNetworking.dir/external/AFNetworking/UIKit+AFNetworking/UIImageView+AFNetworking.m.o
2025-11-22T12:52:24.3508410Z [ 20%] Linking C shared library libAFNetworking.dylib
2025-11-22T12:52:24.4726620Z [ 20%] Built target AFNetworking
2025-11-22T12:52:24.5030020Z [ 21%] Building C object CMakeFiles/AngelAuraAmethyst.dir/dyld_bypass_validation.m.o
2025-11-22T12:52:24.5148700Z [ 22%] Building C object CMakeFiles/AngelAuraAmethyst.dir/dyld_patch_platform.m.o
2025-11-22T12:52:24.5243230Z [ 23%] Building C object CMakeFiles/AngelAuraAmethyst.dir/main.m.o
2025-11-22T12:52:24.8094210Z [ 24%] Building C object CMakeFiles/AngelAuraAmethyst.dir/main_hook.m.o
2025-11-22T12:52:25.2805650Z [ 25%] Building C object CMakeFiles/AngelAuraAmethyst.dir/JavaLauncher.m.o
2025-11-22T12:52:26.1676830Z Compiling src/launcher/net/kdt/pojavlaunch/value/launcherprofiles/MinecraftResolution.java
2025-11-22T12:52:26.4199640Z /Users/runner/work/Amethyst-iOS-MyRemastered/Amethyst-iOS-MyRemastered/Natives/JavaLauncher.m:409:13: error: redefinition of 'preferredJavaVersion'
2025-11-22T12:52:26.4301330Z         int preferredJavaVersion = [PLProfiles resolveKeyForCurrentProfile:@"javaVersion"].intValue;
2025-11-22T12:52:26.4401760Z             ^
2025-11-22T12:52:26.4502580Z /Users/runner/work/Amethyst-iOS-MyRemastered/Amethyst-iOS-MyRemastered/Natives/JavaLauncher.m:341:13: note: previous definition is here
2025-11-22T12:52:26.4602790Z         int preferredJavaVersion = [PLProfiles resolveKeyForCurrentProfile:@"javaVersion"].intValue;
2025-11-22T12:52:26.4702950Z             ^
2025-11-22T12:52:26.4804040Z 1 error generated.
2025-11-22T12:52:26.4905300Z gmake[3]: *** [CMakeFiles/AngelAuraAmethyst.dir/build.make:159: CMakeFiles/AngelAuraAmethyst.dir/JavaLauncher.m.o] Error 1
2025-11-22T12:52:26.5005470Z gmake[3]: *** Waiting for unfinished jobs....
2025-11-22T12:52:26.5608020Z gmake[2]: *** [CMakeFiles/Makefile2:262: CMakeFiles/AngelAuraAmethyst.dir/all] Error 2
2025-11-22T12:52:26.5608570Z gmake[1]: Leaving directory '/Users/runner/work/Amethyst-iOS-MyRemastered/Amethyst-iOS-MyRemastered/Natives/build'
2025-11-22T12:52:26.5710390Z gmake[1]: *** [Makefile:91: all] Error 2
2025-11-22T12:52:26.5811600Z gmake: *** [Makefile:257: native] Error 2
2025-11-22T12:52:26.5911860Z gmake: *** Waiting for unfinished jobs....
2025-11-22T12:52:27.8274020Z <?xml version="1.0" encoding="UTF-8"?>
2025-11-22T12:52:27.8374560Z <!DOCTYPE plist PUBLIC "-//Apple//DTD PLIST 1.0//EN" "http://www.apple.com/DTDs/PropertyList-1.0.dtd">
2025-11-22T12:52:27.8475220Z <plist version="1.0">
2025-11-22T12:52:27.8575880Z <dict>
2025-11-22T12:52:27.8676680Z 	<key>com.apple.actool.compilation-results</key>
2025-11-22T12:52:27.8776900Z 	<dict>
2025-11-22T12:52:27.8877320Z 		<key>output-files</key>
2025-11-22T12:52:27.8977740Z 		<array>
2025-11-22T12:52:27.9079490Z 			<string>/Users/runner/work/Amethyst-iOS-MyRemastered/Amethyst-iOS-MyRemastered/Natives/resources/AppIcon-Light60x60@2x.png</string>
2025-11-22T12:52:27.9179700Z 			<string>/Users/runner/work/Amethyst-iOS-MyRemastered/Amethyst-iOS-MyRemastered/Natives/resources/AppIcon-Light76x76@2x~ipad.png</string>
2025-11-22T12:52:27.9281390Z 			<string>/Users/runner/work/Amethyst-iOS-MyRemastered/Amethyst-iOS-MyRemastered/Natives/resources/Assets.car</string>
2025-11-22T12:52:27.9381490Z 			<string>/dev/null</string>
2025-11-22T12:52:27.9481950Z 		</array>
2025-11-22T12:52:27.9582950Z 	</dict>
2025-11-22T12:52:27.9683300Z </dict>
2025-11-22T12:52:27.9783900Z </plist>
2025-11-22T12:52:27.9884220Z [Amethyst v1.0] assets - end
2025-11-22T12:52:28.5608570Z Compiling src/launcher/net/kdt/pojavlaunch/value/launcherprofiles/MinecraftProfile.java
2025-11-22T12:52:29.2535380Z Note: src/launcher/net/kdt/pojavlaunch/PojavClassLoader.java uses or overrides a deprecated API.
2025-11-22T12:52:29.2635080Z Note: Recompile with -Xlint:deprecation for details.
2025-11-22T12:52:29.2736580Z Note: Some input files use unchecked or unsafe operations.
2025-11-22T12:52:29.2837570Z Note: Recompile with -Xlint:unchecked for details.
2025-11-22T12:52:29.2938580Z Compiling src/launcher/net/kdt/pojavlaunch/value/launcherprofiles/MinecraftLauncherProfiles.java
2025-11-22T12:52:30.3132460Z Compiling src/launcher/net/kdt/pojavlaunch/value/launcherprofiles/LauncherProfiles.java
2025-11-22T12:52:32.7462250Z Note: src/launcher/net/kdt/pojavlaunch/PojavClassLoader.java uses or overrides a deprecated API.
2025-11-22T12:52:32.7563200Z Note: Recompile with -Xlint:deprecation for details.
2025-11-22T12:52:32.7665370Z Note: Some input files use unchecked or unsafe operations.
2025-11-22T12:52:32.7765970Z Note: Recompile with -Xlint:unchecked for details.
2025-11-22T12:52:32.7866600Z Compiling src/launcher/net/kdt/pojavlaunch/value/launcherprofiles/MinecraftAuthenticationDatabase.java
2025-11-22T12:52:35.1428850Z Compiling src/launcher/net/kdt/pojavlaunch/value/launcherprofiles/MinecraftLauncherSettings.java
2025-11-22T12:52:37.2964820Z Compiling src/launcher/net/kdt/pojavlaunch/value/MinecraftLibraryArtifact.java
2025-11-22T12:52:39.3122580Z Compiling src/launcher/net/kdt/pojavlaunch/value/MinecraftClientInfo.java
2025-11-22T12:52:40.0350050Z Note: src/launcher/net/kdt/pojavlaunch/PojavClassLoader.java uses or overrides a deprecated API.
2025-11-22T12:52:40.0450090Z Note: Recompile with -Xlint:deprecation for details.
2025-11-22T12:52:40.0551320Z Note: Some input files use unchecked or unsafe operations.
2025-11-22T12:52:40.0651870Z Note: Recompile with -Xlint:unchecked for details.
2025-11-22T12:52:40.1687640Z Compiling src/launcher/net/kdt/pojavlaunch/value/DependentLibrary.java
2025-11-22T12:52:40.9122420Z Note: src/launcher/net/kdt/pojavlaunch/PojavClassLoader.java uses or overrides a deprecated API.
2025-11-22T12:52:40.9223290Z Note: Recompile with -Xlint:deprecation for details.
2025-11-22T12:52:40.9324700Z Note: Some input files use unchecked or unsafe operations.
2025-11-22T12:52:40.9426350Z Note: Recompile with -Xlint:unchecked for details.
2025-11-22T12:52:40.9527690Z Compiling src/launcher/net/kdt/pojavlaunch/value/MinecraftAccount.java
2025-11-22T12:52:40.9651250Z Compiling src/launcher/net/kdt/pojavlaunch/value/ForgeInstallProfile.java
2025-11-22T12:52:42.1708230Z Compiling src/launcher/net/kdt/pojavlaunch/utils/MCOptionUtils.java
2025-11-22T12:52:42.7838000Z Compiling src/launcher/net/kdt/pojavlaunch/utils/JSONUtils.java
2025-11-22T12:52:44.8210340Z Compiling src/launcher/net/kdt/pojavlaunch/JVersion.java
2025-11-22T12:52:46.6169850Z Compiling src/launcher/net/kdt/pojavlaunch/JAssets.java
2025-11-22T12:52:48.9119100Z Compiling src/launcher/net/kdt/pojavlaunch/JAssetInfo.java
2025-11-22T12:52:50.8075390Z Note: src/launcher/net/kdt/pojavlaunch/PojavClassLoader.java uses or overrides a deprecated API.
2025-11-22T12:52:50.8178710Z Note: Recompile with -Xlint:deprecation for details.
2025-11-22T12:52:50.8304930Z Note: Some input files use unchecked or unsafe operations.
2025-11-22T12:52:50.8414010Z Note: Recompile with -Xlint:unchecked for details.
2025-11-22T12:52:50.8735950Z Compiling src/launcher/net/kdt/pojavlaunch/Tools.java
2025-11-22T12:52:52.8720500Z Compiling src/launcher/net/kdt/pojavlaunch/JMinecraftVersionList.java
2025-11-22T12:52:54.4096120Z Note: src/launcher/net/kdt/pojavlaunch/PojavClassLoader.java uses or overrides a deprecated API.
2025-11-22T12:52:54.4200090Z Note: Recompile with -Xlint:deprecation for details.
2025-11-22T12:52:54.4306410Z Note: Some input files use unchecked or unsafe operations.
2025-11-22T12:52:54.4407620Z Note: Recompile with -Xlint:unchecked for details.
2025-11-22T12:52:54.4937530Z Compiling src/launcher/android/util/Objects.java
2025-11-22T12:52:57.7703870Z Compiling src/launcher/android/util/ArrayMap.java
2025-11-22T12:52:58.9522400Z Compiling src/launcher/android/util/EmptyArray.java
2025-11-22T12:53:00.9681630Z Compiling src/launcher/android/util/ContainerHelpers.java
2025-11-22T12:53:02.6338010Z Compiling src/launcher/android/util/MapCollections.java
2025-11-22T12:53:03.5697210Z Note: Some input files use unchecked or unsafe operations.
2025-11-22T12:53:03.5797470Z Note: Recompile with -Xlint:unchecked for details.
2025-11-22T12:53:03.6001060Z Compiling src/launcher/com/mojang/text2speech/NarratorWindows.java
2025-11-22T12:53:04.3585520Z Note: src/launcher/net/kdt/pojavlaunch/PojavClassLoader.java uses or overrides a deprecated API.
2025-11-22T12:53:04.3685040Z Note: Recompile with -Xlint:deprecation for details.
2025-11-22T12:53:04.3785080Z Note: Some input files use unchecked or unsafe operations.
2025-11-22T12:53:04.3885580Z Note: Recompile with -Xlint:unchecked for details.
2025-11-22T12:53:04.3986300Z Compiling src/launcher/com/mojang/text2speech/Narrator.java
2025-11-22T12:53:05.5295540Z Compiling src/launcher/com/mojang/text2speech/NarratorOSX.java
2025-11-22T12:53:06.3158990Z Compiling src/launcher/com/mojang/text2speech/NarratorLinux.java
2025-11-22T12:53:06.5978430Z Note: src/launcher/android/util/MapCollections.java uses unchecked or unsafe operations.
2025-11-22T12:53:06.6078570Z Note: Recompile with -Xlint:unchecked for details.
2025-11-22T12:53:06.6319130Z Compiling src/launcher/com/mojang/text2speech/Text2Speech.java
2025-11-22T12:53:07.1808680Z Compiling src/lwjgl/org/lwjgl/input/InfdevMouse.java
2025-11-22T12:53:08.3431580Z Compiling src/lwjgl/org/lwjgl/glfw/CallbackBridge.java
2025-11-22T12:53:08.6849490Z Compiling src/lwjgl/org/lwjgl/glfw/GLFWNativeCocoa.java
2025-11-22T12:53:09.5142910Z Compiling src/lwjgl/org/lwjgl/glfw/Callbacks.java
2025-11-22T12:53:10.7824540Z Compiling src/lwjgl/org/lwjgl/glfw/GLFWVulkan.java
2025-11-22T12:53:11.2743860Z Compiling src/lwjgl/org/lwjgl/glfw/GLFWNativeEGL.java
2025-11-22T12:53:14.0552080Z Compiling src/lwjgl/org/lwjgl/glfw/GLFWWindowProperties.java
2025-11-22T12:53:19.9295690Z Note: src/launcher/net/kdt/pojavlaunch/PojavClassLoader.java uses or overrides a deprecated API.
2025-11-22T12:53:19.9397070Z Note: Recompile with -Xlint:deprecation for details.
2025-11-22T12:53:19.9498200Z Note: Some input files use unchecked or unsafe operations.
2025-11-22T12:53:19.9599740Z Note: Recompile with -Xlint:unchecked for details.
2025-11-22T12:53:19.9882660Z Compiling src/lwjgl/org/lwjgl/glfw/GLFW.java
2025-11-22T12:53:20.7216250Z Note: src/launcher/net/kdt/pojavlaunch/PojavClassLoader.java uses or overrides a deprecated API.
2025-11-22T12:53:20.7316480Z Note: Recompile with -Xlint:deprecation for details.
2025-11-22T12:53:20.7417180Z Note: Some input files use unchecked or unsafe operations.
2025-11-22T12:53:20.7517910Z Note: Recompile with -Xlint:unchecked for details.
2025-11-22T12:53:20.8041840Z Compiling src/patchjna_agent/net/kdt/patchjna/PatchJNAAgent.java
2025-11-22T12:53:22.8719800Z Compiling src/patchjna_agent/com/sun/jna/Platform.java
2025-11-22T12:53:23.0430200Z Note: src/launcher/net/kdt/pojavlaunch/PojavClassLoader.java uses or overrides a deprecated API.
2025-11-22T12:53:23.0531880Z Note: Recompile with -Xlint:deprecation for details.
2025-11-22T12:53:23.0633300Z Note: Some input files use unchecked or unsafe operations.
2025-11-22T12:53:23.0734450Z Note: Recompile with -Xlint:unchecked for details.
2025-11-22T12:53:24.8578820Z Note: src/patchjna_agent/com/sun/jna/Platform.java uses unchecked or unsafe operations.
2025-11-22T12:53:24.8679800Z Note: Recompile with -Xlint:unchecked for details.
2025-11-22T12:53:27.6598140Z Note: src/launcher/net/kdt/pojavlaunch/PojavClassLoader.java uses or overrides a deprecated API.
2025-11-22T12:53:27.6698340Z Note: Recompile with -Xlint:deprecation for details.
2025-11-22T12:53:27.6799780Z Note: Some input files use unchecked or unsafe operations.
2025-11-22T12:53:27.6901460Z Note: Recompile with -Xlint:unchecked for details.
2025-11-22T12:53:27.7002830Z Creating build/launcher.jar
2025-11-22T12:53:27.7103940Z Creating build/lwjgl.jar
2025-11-22T12:53:27.7234080Z Creating build/patchjna_agent.jar
2025-11-22T12:53:34.2891340Z gmake[1]: Leaving directory '/Users/runner/work/Amethyst-iOS-MyRemastered/Amethyst-iOS-MyRemastered/JavaApp'
2025-11-22T12:53:34.2994300Z [Amethyst v1.0] java - end
2025-11-22T12:53:34.3076640Z ##[error]Process completed with exit code 2.
2025-11-22T12:53:34.3230120Z Post job cleanup.
2025-11-22T12:53:34.6146310Z [command]/opt/homebrew/bin/git version
2025-11-22T12:53:34.6246790Z git version 2.50.1
2025-11-22T12:53:34.6749730Z Copying '/Users/runner/.gitconfig' to '/Users/runner/work/_temp/93ceff8d-33f5-4b27-8bf5-5df06c3b4f11/.gitconfig'
2025-11-22T12:53:34.6850170Z Temporarily overriding HOME='/Users/runner/work/_temp/93ceff8d-33f5-4b27-8bf5-5df06c3b4f11' before making global git config changes
2025-11-22T12:53:34.6950690Z Adding repository directory to the temporary git global config as a safe directory
2025-11-22T12:53:34.7052270Z [command]/opt/homebrew/bin/git config --global --add safe.directory /Users/runner/work/Amethyst-iOS-MyRemastered/Amethyst-iOS-MyRemastered
2025-11-22T12:53:34.7354150Z [command]/opt/homebrew/bin/git config --local --name-only --get-regexp core\.sshCommand
2025-11-22T12:53:34.7655150Z [command]/opt/homebrew/bin/git submodule foreach --recursive sh -c "git config --local --name-only --get-regexp 'core\.sshCommand' && git config --local --unset-all 'core.sshCommand' || :"
2025-11-22T12:53:34.7755780Z Entering 'Natives/external/AFNetworking'
2025-11-22T12:53:34.8057710Z Entering 'Natives/external/DBNumberedSlider'
2025-11-22T12:53:34.8358620Z Entering 'Natives/external/MobileGlues'
2025-11-22T12:53:34.8559280Z Entering 'Natives/external/MobileGlues/src/main/cpp/3rdparty/glm'
2025-11-22T12:53:34.8859930Z Entering 'Natives/external/MobileGlues/src/main/cpp/3rdparty/perfetto'
2025-11-22T12:53:34.9203340Z Entering 'Natives/external/MobileGlues/src/main/cpp/3rdparty/xxhash'
2025-11-22T12:53:34.9410700Z Entering 'Natives/external/MobileGlues/src/main/cpp/include/FastSTL'
2025-11-22T12:53:34.9657600Z Entering 'Natives/external/fishhook'
2025-11-22T12:53:35.0038570Z [command]/opt/homebrew/bin/git config --local --name-only --get-regexp http\.https\:\/\/github\.com\/\.extraheader
2025-11-22T12:53:35.0042750Z http.https://github.com/.extraheader
2025-11-22T12:53:35.0048750Z [command]/opt/homebrew/bin/git config --local --unset-all http.https://github.com/.extraheader
2025-11-22T12:53:35.0049960Z [command]/opt/homebrew/bin/git submodule foreach --recursive sh -c "git config --local --name-only --get-regexp 'http\.https\:\/\/github\.com\/\.extraheader' && git config --local --unset-all 'http.https://github.com/.extraheader' || :"
2025-11-22T12:53:35.0798120Z Entering 'Natives/external/AFNetworking'
2025-11-22T12:53:35.0923150Z Entering 'Natives/external/DBNumberedSlider'
2025-11-22T12:53:35.1038790Z Entering 'Natives/external/MobileGlues'
2025-11-22T12:53:35.1176040Z Entering 'Natives/external/MobileGlues/src/main/cpp/3rdparty/glm'
2025-11-22T12:53:35.1337370Z Entering 'Natives/external/MobileGlues/src/main/cpp/3rdparty/perfetto'
2025-11-22T12:53:35.1491270Z Entering 'Natives/external/MobileGlues/src/main/cpp/3rdparty/xxhash'
2025-11-22T12:53:35.1913050Z Entering 'Natives/external/MobileGlues/src/main/cpp/include/FastSTL'
2025-11-22T12:53:35.2144010Z Entering 'Natives/external/fishhook'
2025-11-22T12:53:35.2655250Z [command]/opt/homebrew/bin/git config --local --name-only --get-regexp ^includeIf\.gitdir:
2025-11-22T12:53:35.2957460Z [command]/opt/homebrew/bin/git submodule foreach --recursive git config --local --show-origin --name-only --get-regexp remote.origin.url
2025-11-22T12:53:35.3606710Z Entering 'Natives/external/AFNetworking'
2025-11-22T12:53:35.3708130Z file:/Users/runner/work/Amethyst-iOS-MyRemastered/Amethyst-iOS-MyRemastered/.git/modules/Natives/external/AFNetworking/config	remote.origin.url
2025-11-22T12:53:35.3809410Z Entering 'Natives/external/DBNumberedSlider'
2025-11-22T12:53:35.3910790Z file:/Users/runner/work/Amethyst-iOS-MyRemastered/Amethyst-iOS-MyRemastered/.git/modules/Natives/external/DBNumberedSlider/config	remote.origin.url
2025-11-22T12:53:35.4012010Z Entering 'Natives/external/MobileGlues'
2025-11-22T12:53:35.4113300Z file:/Users/runner/work/Amethyst-iOS-MyRemastered/Amethyst-iOS-MyRemastered/.git/modules/Natives/external/MobileGlues/config	remote.origin.url
2025-11-22T12:53:35.4215480Z Entering 'Natives/external/MobileGlues/src/main/cpp/3rdparty/glm'
2025-11-22T12:53:35.4316970Z file:/Users/runner/work/Amethyst-iOS-MyRemastered/Amethyst-iOS-MyRemastered/.git/modules/Natives/external/MobileGlues/modules/src/main/cpp/3rdparty/glm/config	remote.origin.url
2025-11-22T12:53:35.4418770Z Entering 'Natives/external/MobileGlues/src/main/cpp/3rdparty/perfetto'
2025-11-22T12:53:35.4520380Z file:/Users/runner/work/Amethyst-iOS-MyRemastered/Amethyst-iOS-MyRemastered/.git/modules/Natives/external/MobileGlues/modules/src/main/cpp/3rdparty/perfetto/config	remote.origin.url
2025-11-22T12:53:35.4622070Z Entering 'Natives/external/MobileGlues/src/main/cpp/3rdparty/xxhash'
2025-11-22T12:53:35.4723720Z file:/Users/runner/work/Amethyst-iOS-MyRemastered/Amethyst-iOS-MyRemastered/.git/modules/Natives/external/MobileGlues/modules/src/main/cpp/3rdparty/xxhash/config	remote.origin.url
2025-11-22T12:53:35.4825170Z Entering 'Natives/external/MobileGlues/src/main/cpp/include/FastSTL'
2025-11-22T12:53:35.4926840Z file:/Users/runner/work/Amethyst-iOS-MyRemastered/Amethyst-iOS-MyRemastered/.git/modules/Natives/external/MobileGlues/modules/src/main/cpp/include/FastSTL/config	remote.origin.url
2025-11-22T12:53:35.5028280Z Entering 'Natives/external/fishhook'
2025-11-22T12:53:35.5129480Z file:/Users/runner/work/Amethyst-iOS-MyRemastered/Amethyst-iOS-MyRemastered/.git/modules/Natives/external/fishhook/config	remote.origin.url
2025-11-22T12:53:35.5433860Z [command]/opt/homebrew/bin/git config --file /Users/runner/work/Amethyst-iOS-MyRemastered/Amethyst-iOS-MyRemastered/.git/modules/Natives/external/AFNetworking/config --name-only --get-regexp ^includeIf\.gitdir:
2025-11-22T12:53:35.5738470Z [command]/opt/homebrew/bin/git config --file /Users/runner/work/Amethyst-iOS-MyRemastered/Amethyst-iOS-MyRemastered/.git/modules/Natives/external/DBNumberedSlider/config --name-only --get-regexp ^includeIf\.gitdir:
2025-11-22T12:53:35.6043240Z [command]/opt/homebrew/bin/git config --file /Users/runner/work/Amethyst-iOS-MyRemastered/Amethyst-iOS-MyRemastered/.git/modules/Natives/external/MobileGlues/config --name-only --get-regexp ^includeIf\.gitdir:
2025-11-22T12:53:35.6347710Z [command]/opt/homebrew/bin/git config --file /Users/runner/work/Amethyst-iOS-MyRemastered/Amethyst-iOS-MyRemastered/.git/modules/Natives/external/MobileGlues/modules/src/main/cpp/3rdparty/glm/config --name-only --get-regexp ^includeIf\.gitdir:
2025-11-22T12:53:35.6652850Z [command]/opt/homebrew/bin/git config --file /Users/runner/work/Amethyst-iOS-MyRemastered/Amethyst-iOS-MyRemastered/.git/modules/Natives/external/MobileGlues/modules/src/main/cpp/3rdparty/perfetto/config --name-only --get-regexp ^includeIf\.gitdir:
2025-11-22T12:53:35.6958750Z [command]/opt/homebrew/bin/git config --file /Users/runner/work/Amethyst-iOS-MyRemastered/Amethyst-iOS-MyRemastered/.git/modules/Natives/external/MobileGlues/modules/src/main/cpp/3rdparty/xxhash/config --name-only --get-regexp ^includeIf\.gitdir:
2025-11-22T12:53:35.7263460Z [command]/opt/homebrew/bin/git config --file /Users/runner/work/Amethyst-iOS-MyRemastered/Amethyst-iOS-MyRemastered/.git/modules/Natives/external/MobileGlues/modules/src/main/cpp/include/FastSTL/config --name-only --get-regexp ^includeIf\.gitdir:
2025-11-22T12:53:35.7567710Z [command]/opt/homebrew/bin/git config --file /Users/runner/work/Amethyst-iOS-MyRemastered/Amethyst-iOS-MyRemastered/.git/modules/Natives/external/fishhook/config --name-only --get-regexp ^includeIf\.gitdir:
2025-11-22T12:53:35.7964480Z Cleaning up orphan processes
2025-11-22T12:53:36.8117380Z Terminate orphan process: pid (11253) (ibtoold)
