2025-10-20T12:51:20.9308700Z Current runner version: '2.329.0'
2025-10-20T12:51:20.9322920Z ##[group]Runner Image Provisioner
2025-10-20T12:51:20.9323390Z Hosted Compute Agent
2025-10-20T12:51:20.9323720Z Version: 20251016.436
2025-10-20T12:51:20.9324100Z Commit: 8ab8ac8bfd662a3739dab9fe09456aba92132568
2025-10-20T12:51:20.9324550Z Build Date: 2025-10-15T20:44:12Z
2025-10-20T12:51:20.9324910Z ##[endgroup]
2025-10-20T12:51:20.9325250Z ##[group]Operating System
2025-10-20T12:51:20.9325610Z macOS
2025-10-20T12:51:20.9325910Z 14.7.6
2025-10-20T12:51:20.9326210Z 23H626
2025-10-20T12:51:20.9326490Z ##[endgroup]
2025-10-20T12:51:20.9326800Z ##[group]Runner Image
2025-10-20T12:51:20.9327120Z Image: macos-14-arm64
2025-10-20T12:51:20.9327450Z Version: 20251013.0032
2025-10-20T12:51:20.9328130Z Included Software: https://github.com/actions/runner-images/blob/macos-14-arm64/20251013.0032/images/macos/macos-14-arm64-Readme.md
2025-10-20T12:51:20.9329190Z Image Release: https://github.com/actions/runner-images/releases/tag/macos-14-arm64%2F20251013.0032
2025-10-20T12:51:20.9329800Z ##[endgroup]
2025-10-20T12:51:20.9332480Z ##[group]GITHUB_TOKEN Permissions
2025-10-20T12:51:20.9333760Z Actions: write
2025-10-20T12:51:20.9334080Z Attestations: write
2025-10-20T12:51:20.9334380Z Checks: write
2025-10-20T12:51:20.9334660Z Contents: write
2025-10-20T12:51:20.9334950Z Deployments: write
2025-10-20T12:51:20.9335250Z Discussions: write
2025-10-20T12:51:20.9335560Z Issues: write
2025-10-20T12:51:20.9335880Z Metadata: read
2025-10-20T12:51:20.9336190Z Models: read
2025-10-20T12:51:20.9336480Z Packages: write
2025-10-20T12:51:20.9336790Z Pages: write
2025-10-20T12:51:20.9337130Z PullRequests: write
2025-10-20T12:51:20.9337450Z RepositoryProjects: write
2025-10-20T12:51:20.9337790Z SecurityEvents: write
2025-10-20T12:51:20.9338170Z Statuses: write
2025-10-20T12:51:20.9338470Z ##[endgroup]
2025-10-20T12:51:20.9339950Z Secret source: Actions
2025-10-20T12:51:20.9340330Z Prepare workflow directory
2025-10-20T12:51:20.9651630Z Prepare all required actions
2025-10-20T12:51:20.9683090Z Getting action download info
2025-10-20T12:51:21.2881490Z Download action repository 'actions/checkout@v4' (SHA:08eba0b27e820071cde6df949e0beb9ba4906955)
2025-10-20T12:51:22.0365630Z Download action repository 'actions/cache@v4' (SHA:0057852bfaa89a56745cba8c7296529d2fc39830)
2025-10-20T12:51:22.2188380Z Download action repository 'actions/upload-artifact@v4' (SHA:ea165f8d65b6e75b540449e92b4886f43607fa02)
2025-10-20T12:51:22.4824480Z Complete job name: Development build (2, ios)
2025-10-20T12:51:22.5231010Z ##[group]Run set -e
2025-10-20T12:51:22.5231410Z [36;1mset -e[0m
2025-10-20T12:51:22.5231810Z [36;1mecho "Available apps in /Applications (matching Xcode*):"[0m
2025-10-20T12:51:22.5232340Z [36;1mls /Applications | grep -E "Xcode(.+)?\.app" || true[0m
2025-10-20T12:51:22.5232910Z [36;1m# Prefer Xcode_16, then Xcode_15, then /Applications/Xcode.app[0m
2025-10-20T12:51:22.5233390Z [36;1mif [ -d "/Applications/Xcode_16.app" ]; then[0m
2025-10-20T12:51:22.5233830Z [36;1m  echo "Selecting /Applications/Xcode_16.app"[0m
2025-10-20T12:51:22.5234360Z [36;1m  sudo xcode-select -s /Applications/Xcode_16.app/Contents/Developer[0m
2025-10-20T12:51:22.5234890Z [36;1melif [ -d "/Applications/Xcode_15.app" ]; then[0m
2025-10-20T12:51:22.5235330Z [36;1m  echo "Selecting /Applications/Xcode_15.app"[0m
2025-10-20T12:51:22.5235840Z [36;1m  sudo xcode-select -s /Applications/Xcode_15.app/Contents/Developer[0m
2025-10-20T12:51:22.5236390Z [36;1melif [ -d "/Applications/Xcode.app" ]; then[0m
2025-10-20T12:51:22.5236820Z [36;1m  echo "Selecting /Applications/Xcode.app"[0m
2025-10-20T12:51:22.5237320Z [36;1m  sudo xcode-select -s /Applications/Xcode.app/Contents/Developer[0m
2025-10-20T12:51:22.5237770Z [36;1melse[0m
2025-10-20T12:51:22.5238310Z [36;1m  echo "No preinstalled Xcode found under /Applications that matches the search. Leaving system default."[0m
2025-10-20T12:51:22.5238900Z [36;1mfi[0m
2025-10-20T12:51:22.5239180Z [36;1mxcodebuild -version || true[0m
2025-10-20T12:51:22.5240180Z [36;1mecho "Available simulator runtimes (for debugging):"[0m
2025-10-20T12:51:22.5240630Z [36;1mxcrun simctl list runtimes || true[0m
2025-10-20T12:51:22.5298850Z shell: /bin/bash -e {0}
2025-10-20T12:51:22.5299490Z ##[endgroup]
2025-10-20T12:51:22.5632660Z Available apps in /Applications (matching Xcode*):
2025-10-20T12:51:22.5668290Z Xcode.app
2025-10-20T12:51:22.5668680Z Xcode_15.0.1.app
2025-10-20T12:51:22.5669020Z Xcode_15.0.app
2025-10-20T12:51:22.5669290Z Xcode_15.1.0.app
2025-10-20T12:51:22.5669640Z Xcode_15.1.app
2025-10-20T12:51:22.5669940Z Xcode_15.2.0.app
2025-10-20T12:51:22.5670230Z Xcode_15.2.app
2025-10-20T12:51:22.5670510Z Xcode_15.3.0.app
2025-10-20T12:51:22.5670810Z Xcode_15.3.app
2025-10-20T12:51:22.5671130Z Xcode_15.4.0.app
2025-10-20T12:51:22.5671410Z Xcode_15.4.app
2025-10-20T12:51:22.5671710Z Xcode_16.1.0.app
2025-10-20T12:51:22.5671990Z Xcode_16.1.app
2025-10-20T12:51:22.5672290Z Xcode_16.2.0.app
2025-10-20T12:51:22.5672560Z Xcode_16.2.app
2025-10-20T12:51:22.5673080Z Selecting /Applications/Xcode.app
2025-10-20T12:51:23.8499260Z Xcode 15.4
2025-10-20T12:51:23.8501310Z Build version 15F31d
2025-10-20T12:51:23.8504640Z Available simulator runtimes (for debugging):
2025-10-20T12:51:37.0675440Z == Runtimes ==
2025-10-20T12:51:37.0766250Z iOS 17.0 (17.0.1 - 21A342) - com.apple.CoreSimulator.SimRuntime.iOS-17-0
2025-10-20T12:51:37.0767690Z iOS 17.2 (17.2 - 21C62) - com.apple.CoreSimulator.SimRuntime.iOS-17-2
2025-10-20T12:51:37.0768720Z iOS 17.4 (17.4 - 21E213) - com.apple.CoreSimulator.SimRuntime.iOS-17-4
2025-10-20T12:51:37.0771880Z iOS 17.5 (17.5 - 21F79) - com.apple.CoreSimulator.SimRuntime.iOS-17-5
2025-10-20T12:51:37.0774530Z iOS 18.1 (18.1 - 22B81) - com.apple.CoreSimulator.SimRuntime.iOS-18-1
2025-10-20T12:51:37.0776250Z iOS 18.2 (18.2 - 22C150) - com.apple.CoreSimulator.SimRuntime.iOS-18-2
2025-10-20T12:51:37.0777660Z tvOS 17.0 (17.0 - 21J353) - com.apple.CoreSimulator.SimRuntime.tvOS-17-0
2025-10-20T12:51:37.0779300Z tvOS 17.2 (17.2 - 21K364) - com.apple.CoreSimulator.SimRuntime.tvOS-17-2
2025-10-20T12:51:37.0781210Z tvOS 17.4 (17.4 - 21L224) - com.apple.CoreSimulator.SimRuntime.tvOS-17-4
2025-10-20T12:51:37.0782580Z tvOS 17.5 (17.5 - 21L569) - com.apple.CoreSimulator.SimRuntime.tvOS-17-5
2025-10-20T12:51:37.0789390Z tvOS 18.1 (18.1 - 22J578) - com.apple.CoreSimulator.SimRuntime.tvOS-18-1
2025-10-20T12:51:37.0791420Z tvOS 18.2 (18.2 - 22K154) - com.apple.CoreSimulator.SimRuntime.tvOS-18-2
2025-10-20T12:51:37.0793030Z watchOS 10.0 (10.0 - 21R355) - com.apple.CoreSimulator.SimRuntime.watchOS-10-0
2025-10-20T12:51:37.0793680Z watchOS 10.2 (10.2 - 21S364) - com.apple.CoreSimulator.SimRuntime.watchOS-10-2
2025-10-20T12:51:37.0794400Z watchOS 10.4 (10.4 - 21T214) - com.apple.CoreSimulator.SimRuntime.watchOS-10-4
2025-10-20T12:51:37.0794890Z watchOS 10.5 (10.5 - 21T575) - com.apple.CoreSimulator.SimRuntime.watchOS-10-5
2025-10-20T12:51:37.0795380Z watchOS 11.1 (11.1 - 22R581) - com.apple.CoreSimulator.SimRuntime.watchOS-11-1
2025-10-20T12:51:37.0795850Z watchOS 11.2 (11.2 - 22S99) - com.apple.CoreSimulator.SimRuntime.watchOS-11-2
2025-10-20T12:51:37.0796440Z visionOS 1.0 (1.0 - 21N305) - com.apple.CoreSimulator.SimRuntime.xrOS-1-0
2025-10-20T12:51:37.0796970Z visionOS 1.1 (1.1 - 21O209) - com.apple.CoreSimulator.SimRuntime.xrOS-1-1
2025-10-20T12:51:37.0797430Z visionOS 1.2 (1.2 - 21O5565d) - com.apple.CoreSimulator.SimRuntime.xrOS-1-2
2025-10-20T12:51:37.0797960Z visionOS 2.1 (2.1 - 22N580) - com.apple.CoreSimulator.SimRuntime.xrOS-2-1
2025-10-20T12:51:37.0798410Z visionOS 2.2 (2.2 - 22N840) - com.apple.CoreSimulator.SimRuntime.xrOS-2-2
2025-10-20T12:51:37.1045790Z ##[group]Run brew update
2025-10-20T12:51:37.1047580Z [36;1mbrew update[0m
2025-10-20T12:51:37.1048630Z [36;1mbrew install make[0m
2025-10-20T12:51:37.1471220Z shell: /bin/bash -e {0}
2025-10-20T12:51:37.1471590Z ##[endgroup]
2025-10-20T12:51:42.1646180Z [34m==>[0m [1mUpdating Homebrew...[0m
2025-10-20T12:52:04.8764900Z To restore the stashed changes to /opt/homebrew/Library/Taps/homebrew/homebrew-core, run:
2025-10-20T12:52:04.8783060Z   cd /opt/homebrew/Library/Taps/homebrew/homebrew-core && git stash pop
2025-10-20T12:52:09.3911980Z [34m==>[0m [1mHomebrew's analytics have entirely moved to our InfluxDB instance in the EU.[0m
2025-10-20T12:52:09.4010430Z We gather less data than before and have destroyed all Google Analytics data:
2025-10-20T12:52:09.4113800Z   [4mhttps://docs.brew.sh/Analytics[24m[0m
2025-10-20T12:52:09.4213810Z Please reconsider re-enabling analytics to help our volunteer maintainers with:
2025-10-20T12:52:09.4315900Z   brew analytics on
2025-10-20T12:52:09.4723890Z [34m==>[0m [1mHomebrew is run entirely by unpaid volunteers. Please consider donating:[0m
2025-10-20T12:52:09.4826270Z   [4mhttps://github.com/Homebrew/brew#donations[24m
2025-10-20T12:52:09.4927560Z 
2025-10-20T12:52:11.3131940Z Updated 4 taps (hashicorp/tap, aws/tap, homebrew/core and homebrew/cask).
2025-10-20T12:52:11.3144950Z [34m==>[0m [1mNew Formulae[0m
2025-10-20T12:52:11.8509100Z clippy: Copy files from your terminal that actually paste into GUI apps
2025-10-20T12:52:11.8612350Z fennel-ls: Language Server for Fennel
2025-10-20T12:52:11.8716240Z taze: Modern cli tool that keeps your deps fresh
2025-10-20T12:52:11.8758410Z zsv: Tabular data swiss-army knife CLI
2025-10-20T12:52:11.8902330Z [34m==>[0m [1mNew Casks[0m
2025-10-20T12:52:12.2028890Z backdrop: Live wallpaper app
2025-10-20T12:52:12.2029750Z codex: OpenAI's coding agent that runs in your terminal
2025-10-20T12:52:12.2031020Z dockflow: Manage Dock presets and switch between them instantly
2025-10-20T12:52:12.2034220Z emdash: UI for running multiple coding agents in parallel
2025-10-20T12:52:12.2043010Z launchos: Launchpad alternative
2025-10-20T12:52:12.2047130Z liquibase-community: Library for database change tracking
2025-10-20T12:52:12.2051190Z liquibase-secure: Database change management tool
2025-10-20T12:52:12.2055320Z macpacker: Archive manager
2025-10-20T12:52:12.2060640Z nook: Minimal browser with a sidebar-first design
2025-10-20T12:52:12.2067950Z proxygen-app: HTTP proxy tool
2025-10-20T12:52:12.2074420Z pxplay: Third-party Remote Play client for PlayStation consoles
2025-10-20T12:52:12.2082240Z strawberry: AI-powered web browser
2025-10-20T12:52:12.9386980Z [34m==>[0m [1mOutdated Formulae[0m
2025-10-20T12:52:12.9388530Z aws-sam-cli
2025-10-20T12:52:12.9483910Z azure-cli
2025-10-20T12:52:12.9550530Z cryptography
2025-10-20T12:52:12.9559210Z gh
2025-10-20T12:52:12.9559560Z git
2025-10-20T12:52:12.9559840Z git-lfs
2025-10-20T12:52:12.9560410Z libngtcp2
2025-10-20T12:52:12.9560800Z python@3.13
2025-10-20T12:52:12.9561190Z swiftformat
2025-10-20T12:52:12.9561430Z 
2025-10-20T12:52:12.9562010Z You have [1m9[0m outdated formulae installed.
2025-10-20T12:52:12.9562670Z You can upgrade them with [1mbrew upgrade[0m
2025-10-20T12:52:12.9563130Z or list them with [1mbrew outdated[0m.
2025-10-20T12:52:15.9065250Z [32m==>[0m [1mFetching downloads for: [32mmake[39m[0m
2025-10-20T12:52:15.9087900Z [34m==>[0m [1mDownloading https://ghcr.io/v2/homebrew/core/make/manifests/4.4.1-1[0m
2025-10-20T12:52:16.4083850Z [32m==>[0m [1mFetching [32mmake[39m[0m
2025-10-20T12:52:16.4100780Z [34m==>[0m [1mDownloading https://ghcr.io/v2/homebrew/core/make/blobs/sha256:94377dc5a364da305c75fd7aa923a42897993de9edd1eb074428e13c3f2aaf93[0m
2025-10-20T12:52:16.8161600Z [34m==>[0m [1mPouring make--4.4.1.arm64_sonoma.bottle.1.tar.gz[0m
2025-10-20T12:52:17.0311150Z [34m==>[0m [1mCaveats[0m
2025-10-20T12:52:17.0337360Z GNU "make" has been installed as "gmake".
2025-10-20T12:52:17.0362320Z If you need to use it as "make", you can add a "gnubin" directory
2025-10-20T12:52:17.0364440Z to your PATH from your bashrc like:
2025-10-20T12:52:17.0364570Z 
2025-10-20T12:52:17.0364730Z     PATH="/opt/homebrew/opt/make/libexec/gnubin:$PATH"
2025-10-20T12:52:17.0365260Z [34m==>[0m [1mSummary[0m
2025-10-20T12:52:17.0365770Z 🍺  /opt/homebrew/Cellar/make/4.4.1: 17 files, 1.3MB
2025-10-20T12:52:17.0636790Z ##[group]Run brew install --cask temurin@8 || true
2025-10-20T12:52:17.0637470Z [36;1mbrew install --cask temurin@8 || true[0m
2025-10-20T12:52:17.1082310Z shell: /bin/bash -e {0}
2025-10-20T12:52:17.1082520Z ##[endgroup]
2025-10-20T12:52:17.8399990Z [34m==>[0m [1mCaveats[0m
2025-10-20T12:52:17.8400720Z temurin@8 is built for Intel macOS and so requires Rosetta 2 to be installed.
2025-10-20T12:52:17.8401170Z You can install Rosetta 2 with:
2025-10-20T12:52:17.8401480Z   softwareupdate --install-rosetta --agree-to-license
2025-10-20T12:52:17.8401990Z Note that it is very difficult to remove Rosetta 2 once it is installed.
2025-10-20T12:52:17.8402270Z 
2025-10-20T12:52:18.4051230Z [34m==>[0m [1mDownloading https://github.com/adoptium/temurin8-binaries/releases/download/jdk8u462-b08/OpenJDK8U-jdk_x64_mac_hotspot_8u462b08.pkg[0m
2025-10-20T12:52:18.4066540Z [34m==>[0m [1mDownloading from https://release-assets.githubusercontent.com/github-production-release-asset/372924428/4ef1c15f-92c6-44da-8245-30cfb5287697?sp=r&sv=2018-11-09&sr=b&spr=https&se=2025-10-20T13%3A52%3A09Z&rscd=attachment%3B+filename%3DOpenJDK8U-jdk_x64_mac_hotspot_8u462b08.pkg&rsct=application%2Foctet-stream&skoid=96c2d410-5711-43a1-aedd-ab1947aa7ab0&sktid=398a6654-997b-47e9-b12b-9515b896b4de&skt=2025-10-20T12%3A51%3A52Z&ske=2025-10-20T13%3A52%3A09Z&sks=b&skv=2018-11-09&sig=c9BskTKPZCWO2tNM0NQuujVEst79MmNSVy2nRmRI7I4%3D&jwt=***
2025-10-20T12:52:22.2719030Z [32m==>[0m [1mInstalling Cask [32mtemurin@8[39m[0m
2025-10-20T12:52:22.3447870Z [34m==>[0m [1mRunning installer for temurin@8 with `sudo` (which may request your password)...[0m
2025-10-20T12:52:55.5811630Z installer: Package name is Eclipse Temurin
2025-10-20T12:52:55.5814370Z installer: Installing at base path /
2025-10-20T12:52:55.5815230Z installer: The install was successful.
2025-10-20T12:52:55.6753610Z 🍺  temurin@8 was successfully installed!
2025-10-20T12:52:55.7439860Z ##[group]Run brew install ldid || true
2025-10-20T12:52:55.7440260Z [36;1mbrew install ldid || true[0m
2025-10-20T12:52:55.7694350Z shell: /bin/bash -e {0}
2025-10-20T12:52:55.7694730Z ##[endgroup]
2025-10-20T12:52:57.9563220Z [32m==>[0m [1mFetching downloads for: [32mldid[39m[0m
2025-10-20T12:52:57.9598620Z [34m==>[0m [1mDownloading https://ghcr.io/v2/homebrew/core/ldid/manifests/2.1.5_1[0m
2025-10-20T12:52:58.5545390Z [32m==>[0m [1mFetching dependencies for ldid: [32mlibplist[39m[0m
2025-10-20T12:52:58.5557350Z [34m==>[0m [1mDownloading https://ghcr.io/v2/homebrew/core/libplist/manifests/2.7.0[0m
2025-10-20T12:52:58.9425620Z [32m==>[0m [1mFetching [32mlibplist[39m[0m
2025-10-20T12:52:58.9432670Z [34m==>[0m [1mDownloading https://ghcr.io/v2/homebrew/core/libplist/blobs/sha256:06036e6de87c0a8bfc917d72f2af3f63ea6eb557391035782ca8bddb5506c342[0m
2025-10-20T12:52:59.3924570Z [32m==>[0m [1mFetching [32mldid[39m[0m
2025-10-20T12:52:59.3940440Z [34m==>[0m [1mDownloading https://ghcr.io/v2/homebrew/core/ldid/blobs/sha256:e3c26343041639b82e88edf54d3af9f579876f800b7aeada94d36c807e441c27[0m
2025-10-20T12:52:59.7882140Z [32m==>[0m [1mInstalling ldid dependency: [32mlibplist[39m[0m
2025-10-20T12:52:59.7884260Z [34m==>[0m [1mDownloading https://ghcr.io/v2/homebrew/core/libplist/manifests/2.7.0[0m
2025-10-20T12:52:59.7886350Z Already downloaded: /Users/runner/Library/Caches/Homebrew/downloads/e0496924f58628f0bb8aae0a1177d8f8f003e2e9f9f949939fd2399aced47c4d--libplist-2.7.0.bottle_manifest.json
2025-10-20T12:52:59.7988910Z [34m==>[0m [1mPouring libplist--2.7.0.arm64_sonoma.bottle.tar.gz[0m
2025-10-20T12:53:00.1632770Z 🍺  /opt/homebrew/Cellar/libplist/2.7.0: 32 files, 646.5KB
2025-10-20T12:53:00.1637760Z [34m==>[0m [1mPouring ldid--2.1.5_1.arm64_sonoma.bottle.tar.gz[0m
2025-10-20T12:53:00.3100250Z 🍺  /opt/homebrew/Cellar/ldid/2.1.5_1: 6 files, 286.1KB
2025-10-20T12:53:00.3387170Z ##[group]Run echo "before"
2025-10-20T12:53:00.3387490Z [36;1mecho "before"[0m
2025-10-20T12:53:00.3387720Z [36;1mls -lah ./[0m
2025-10-20T12:53:00.3387990Z [36;1mrm -rf ./* || true[0m
2025-10-20T12:53:00.3388200Z [36;1mrm -rf ./.??* || true[0m
2025-10-20T12:53:00.3395070Z [36;1mecho "after"[0m
2025-10-20T12:53:00.3395380Z [36;1mls -lah ./[0m
2025-10-20T12:53:00.3498260Z shell: /bin/bash -e {0}
2025-10-20T12:53:00.3498550Z ##[endgroup]
2025-10-20T12:53:00.3889660Z before
2025-10-20T12:53:00.4014300Z total 0
2025-10-20T12:53:00.4115610Z drwxr-xr-x  2 runner  staff    64B Oct 20 12:51 .
2025-10-20T12:53:00.4174990Z drwxr-xr-x  3 runner  staff    96B Oct 20 12:51 ..
2025-10-20T12:53:00.4286850Z after
2025-10-20T12:53:00.4315050Z total 0
2025-10-20T12:53:00.4315450Z drwxr-xr-x  2 runner  staff    64B Oct 20 12:51 .
2025-10-20T12:53:00.4315900Z drwxr-xr-x  3 runner  staff    96B Oct 20 12:51 ..
2025-10-20T12:53:00.4506350Z ##[group]Run actions/checkout@v4
2025-10-20T12:53:00.4507380Z with:
2025-10-20T12:53:00.4507720Z   repository: herbrine8403/Amethyst-iOS-MyRemastered
2025-10-20T12:53:00.4508670Z   token: ***
2025-10-20T12:53:00.4508830Z   ssh-strict: true
2025-10-20T12:53:00.4508950Z   ssh-user: git
2025-10-20T12:53:00.4509240Z   persist-credentials: true
2025-10-20T12:53:00.4509550Z   clean: true
2025-10-20T12:53:00.4509780Z   sparse-checkout-cone-mode: true
2025-10-20T12:53:00.4510030Z   fetch-depth: 1
2025-10-20T12:53:00.4510210Z   fetch-tags: false
2025-10-20T12:53:00.4510350Z   show-progress: true
2025-10-20T12:53:00.4510670Z   lfs: false
2025-10-20T12:53:00.4510820Z   submodules: false
2025-10-20T12:53:00.4511040Z   set-safe-directory: true
2025-10-20T12:53:00.4512120Z ##[endgroup]
2025-10-20T12:53:00.8312610Z Syncing repository: herbrine8403/Amethyst-iOS-MyRemastered
2025-10-20T12:53:00.8314010Z ##[group]Getting Git version info
2025-10-20T12:53:00.8314560Z Working directory is '/Users/runner/work/Amethyst-iOS-MyRemastered/Amethyst-iOS-MyRemastered'
2025-10-20T12:53:00.8315140Z [command]/opt/homebrew/bin/git version
2025-10-20T12:53:00.8334140Z git version 2.50.1
2025-10-20T12:53:00.8372950Z ##[endgroup]
2025-10-20T12:53:00.8391160Z Copying '/Users/runner/.gitconfig' to '/Users/runner/work/_temp/2bd39dce-95ad-4caf-ad08-44d8b27b815f/.gitconfig'
2025-10-20T12:53:00.8405760Z Temporarily overriding HOME='/Users/runner/work/_temp/2bd39dce-95ad-4caf-ad08-44d8b27b815f' before making global git config changes
2025-10-20T12:53:00.8406390Z Adding repository directory to the temporary git global config as a safe directory
2025-10-20T12:53:00.8406990Z [command]/opt/homebrew/bin/git config --global --add safe.directory /Users/runner/work/Amethyst-iOS-MyRemastered/Amethyst-iOS-MyRemastered
2025-10-20T12:53:00.8491320Z Deleting the contents of '/Users/runner/work/Amethyst-iOS-MyRemastered/Amethyst-iOS-MyRemastered'
2025-10-20T12:53:00.8510270Z ##[group]Initializing the repository
2025-10-20T12:53:00.8514220Z [command]/opt/homebrew/bin/git init /Users/runner/work/Amethyst-iOS-MyRemastered/Amethyst-iOS-MyRemastered
2025-10-20T12:53:00.8683220Z hint: Using 'master' as the name for the initial branch. This default branch name
2025-10-20T12:53:00.8683850Z hint: is subject to change. To configure the initial branch name to use in all
2025-10-20T12:53:00.8684240Z hint: of your new repositories, which will suppress this warning, call:
2025-10-20T12:53:00.8684550Z hint:
2025-10-20T12:53:00.8684760Z hint: 	git config --global init.defaultBranch <name>
2025-10-20T12:53:00.8685000Z hint:
2025-10-20T12:53:00.8685210Z hint: Names commonly chosen instead of 'master' are 'main', 'trunk' and
2025-10-20T12:53:00.8685600Z hint: 'development'. The just-created branch can be renamed via this command:
2025-10-20T12:53:00.8685900Z hint:
2025-10-20T12:53:00.8686040Z hint: 	git branch -m <name>
2025-10-20T12:53:00.8686220Z hint:
2025-10-20T12:53:00.8686450Z hint: Disable this message with "git config set advice.defaultBranchName false"
2025-10-20T12:53:00.8687230Z Initialized empty Git repository in /Users/runner/work/Amethyst-iOS-MyRemastered/Amethyst-iOS-MyRemastered/.git/
2025-10-20T12:53:00.8689150Z [command]/opt/homebrew/bin/git remote add origin https://github.com/herbrine8403/Amethyst-iOS-MyRemastered
2025-10-20T12:53:00.8759810Z ##[endgroup]
2025-10-20T12:53:00.8760880Z ##[group]Disabling automatic garbage collection
2025-10-20T12:53:00.8764050Z [command]/opt/homebrew/bin/git config --local gc.auto 0
2025-10-20T12:53:00.8827040Z ##[endgroup]
2025-10-20T12:53:00.8828220Z ##[group]Setting up auth
2025-10-20T12:53:00.8829330Z [command]/opt/homebrew/bin/git config --local --name-only --get-regexp core\.sshCommand
2025-10-20T12:53:00.8872740Z [command]/opt/homebrew/bin/git submodule foreach --recursive sh -c "git config --local --name-only --get-regexp 'core\.sshCommand' && git config --local --unset-all 'core.sshCommand' || :"
2025-10-20T12:53:00.9693980Z [command]/opt/homebrew/bin/git config --local --name-only --get-regexp http\.https\:\/\/github\.com\/\.extraheader
2025-10-20T12:53:00.9747950Z [command]/opt/homebrew/bin/git submodule foreach --recursive sh -c "git config --local --name-only --get-regexp 'http\.https\:\/\/github\.com\/\.extraheader' && git config --local --unset-all 'http.https://github.com/.extraheader' || :"
2025-10-20T12:53:01.0468230Z [command]/opt/homebrew/bin/git config --local http.https://github.com/.extraheader AUTHORIZATION: basic ***
2025-10-20T12:53:01.0535890Z ##[endgroup]
2025-10-20T12:53:01.0536640Z ##[group]Fetching the repository
2025-10-20T12:53:01.0541490Z [command]/opt/homebrew/bin/git -c protocol.version=2 fetch --no-tags --prune --no-recurse-submodules --depth=1 origin +5df97d816405e0758ecd0eda61f606f57f3d655d:refs/remotes/origin/auth/authlib-injector
2025-10-20T12:53:04.3675720Z From https://github.com/herbrine8403/Amethyst-iOS-MyRemastered
2025-10-20T12:53:04.3677970Z  * [new ref]         5df97d816405e0758ecd0eda61f606f57f3d655d -> origin/auth/authlib-injector
2025-10-20T12:53:04.3762250Z ##[endgroup]
2025-10-20T12:53:04.3763740Z ##[group]Determining the checkout info
2025-10-20T12:53:04.3767460Z ##[endgroup]
2025-10-20T12:53:04.3789350Z [command]/opt/homebrew/bin/git sparse-checkout disable
2025-10-20T12:53:04.3860810Z [command]/opt/homebrew/bin/git config --local --unset-all extensions.worktreeConfig
2025-10-20T12:53:04.3948520Z ##[group]Checking out the ref
2025-10-20T12:53:04.3955040Z [command]/opt/homebrew/bin/git checkout --progress --force -B auth/authlib-injector refs/remotes/origin/auth/authlib-injector
2025-10-20T12:53:04.8264690Z Switched to a new branch 'auth/authlib-injector'
2025-10-20T12:53:04.8367720Z branch 'auth/authlib-injector' set up to track 'origin/auth/authlib-injector'.
2025-10-20T12:53:04.8659220Z ##[endgroup]
2025-10-20T12:53:04.8958860Z [command]/opt/homebrew/bin/git log -1 --format=%H
2025-10-20T12:53:04.8991470Z 5df97d816405e0758ecd0eda61f606f57f3d655d
2025-10-20T12:53:04.9327320Z ##[group]Run git submodule update --init --recursive
2025-10-20T12:53:04.9327650Z [36;1mgit submodule update --init --recursive[0m
2025-10-20T12:53:04.9384050Z shell: /bin/bash -e {0}
2025-10-20T12:53:04.9384240Z ##[endgroup]
2025-10-20T12:53:05.1871160Z Submodule 'Natives/external/AFNetworking' (https://github.com/AFNetworking/AFNetworking) registered for path 'Natives/external/AFNetworking'
2025-10-20T12:53:05.1972110Z Submodule 'Natives/external/DBNumberedSlider' (https://github.com/khanhduytran0/DBNumberedSlider) registered for path 'Natives/external/DBNumberedSlider'
2025-10-20T12:53:05.2074700Z Submodule 'Natives/external/MobileGlues' (https://github.com/MobileGL-Dev/MobileGlues) registered for path 'Natives/external/MobileGlues'
2025-10-20T12:53:05.2177350Z Submodule 'Natives/external/fishhook' (https://github.com/khanhduytran0/fishhook) registered for path 'Natives/external/fishhook'
2025-10-20T12:53:05.2280950Z Cloning into '/Users/runner/work/Amethyst-iOS-MyRemastered/Amethyst-iOS-MyRemastered/Natives/external/AFNetworking'...
2025-10-20T12:53:06.8296770Z Cloning into '/Users/runner/work/Amethyst-iOS-MyRemastered/Amethyst-iOS-MyRemastered/Natives/external/DBNumberedSlider'...
2025-10-20T12:53:07.6953390Z Cloning into '/Users/runner/work/Amethyst-iOS-MyRemastered/Amethyst-iOS-MyRemastered/Natives/external/MobileGlues'...
2025-10-20T12:53:12.0398010Z Cloning into '/Users/runner/work/Amethyst-iOS-MyRemastered/Amethyst-iOS-MyRemastered/Natives/external/fishhook'...
2025-10-20T12:53:12.8793740Z Submodule path 'Natives/external/AFNetworking': checked out '4eaec5b586ddd897ebeda896e332a62a9fdab818'
2025-10-20T12:53:12.9179540Z Submodule path 'Natives/external/DBNumberedSlider': checked out '4eddc68b5f92247f8afc0f6114d1b92b338749f4'
2025-10-20T12:53:13.4229370Z Submodule path 'Natives/external/MobileGlues': checked out 'c2bcd17430d4fe4b8cfb0b3f59441047188b178b'
2025-10-20T12:53:13.4549970Z Submodule 'src/main/cpp/3rdparty/glm' (https://github.com/g-truc/glm.git) registered for path 'Natives/external/MobileGlues/src/main/cpp/3rdparty/glm'
2025-10-20T12:53:13.4652960Z Submodule 'src/main/cpp/3rdparty/perfetto' (https://android.googlesource.com/platform/external/perfetto) registered for path 'Natives/external/MobileGlues/src/main/cpp/3rdparty/perfetto'
2025-10-20T12:53:13.4671520Z Submodule 'src/main/cpp/3rdparty/xxhash' (https://github.com/stbrumme/xxhash.git) registered for path 'Natives/external/MobileGlues/src/main/cpp/3rdparty/xxhash'
2025-10-20T12:53:13.4698440Z Cloning into '/Users/runner/work/Amethyst-iOS-MyRemastered/Amethyst-iOS-MyRemastered/Natives/external/MobileGlues/src/main/cpp/3rdparty/glm'...
2025-10-20T12:53:19.2172470Z Cloning into '/Users/runner/work/Amethyst-iOS-MyRemastered/Amethyst-iOS-MyRemastered/Natives/external/MobileGlues/src/main/cpp/3rdparty/perfetto'...
2025-10-20T12:53:35.0535000Z Cloning into '/Users/runner/work/Amethyst-iOS-MyRemastered/Amethyst-iOS-MyRemastered/Natives/external/MobileGlues/src/main/cpp/3rdparty/xxhash'...
2025-10-20T12:53:36.2883580Z Submodule path 'Natives/external/MobileGlues/src/main/cpp/3rdparty/glm': checked out '2d4c4b4dd31fde06cfffad7915c2b3006402322f'
2025-10-20T12:53:39.0001680Z Submodule path 'Natives/external/MobileGlues/src/main/cpp/3rdparty/perfetto': checked out '33a4fd07897a9a648664926ea27769278a19ff13'
2025-10-20T12:53:39.0426750Z Submodule path 'Natives/external/MobileGlues/src/main/cpp/3rdparty/xxhash': checked out 'c2866db364b6ea3a11933e62235ddc166ba18565'
2025-10-20T12:53:39.0870500Z Submodule path 'Natives/external/fishhook': checked out '27bedb2ab670cc51d7be06d538b249564b47cfbf'
2025-10-20T12:53:39.1057090Z ##[group]Run echo "sha=$(git ls-remote https://github.com/PojavLauncherTeam/gl4es-114-extra refs/heads/master | grep -io '^\S*')" >> $GITHUB_OUTPUT
2025-10-20T12:53:39.1058010Z [36;1mecho "sha=$(git ls-remote https://github.com/PojavLauncherTeam/gl4es-114-extra refs/heads/master | grep -io '^\S*')" >> $GITHUB_OUTPUT[0m
2025-10-20T12:53:39.2656420Z shell: /bin/bash -e {0}
2025-10-20T12:53:39.2657080Z ##[endgroup]
2025-10-20T12:53:39.9361550Z ##[group]Run export PATH=/opt/homebrew/bin:$PATH
2025-10-20T12:53:39.9361940Z [36;1mexport PATH=/opt/homebrew/bin:$PATH[0m
2025-10-20T12:53:39.9362270Z [36;1mexport SLIMMED=0[0m
2025-10-20T12:53:39.9362790Z [36;1mif [ "ios" == "ios" ]; then[0m
2025-10-20T12:53:39.9363500Z [36;1m  # Build ipa and tipa for iOS[0m
2025-10-20T12:53:39.9364780Z [36;1m  gmake -j$(sysctl -n hw.ncpu) dsym package PLATFORM=2[0m
2025-10-20T12:53:39.9365820Z [36;1m  gmake -j$(sysctl -n hw.ncpu) dsym package PLATFORM=2 TROLLSTORE_JIT_ENT=1[0m
2025-10-20T12:53:39.9366220Z [36;1melif [ "ios" == "tvos" ]; then[0m
2025-10-20T12:53:39.9366470Z [36;1m  # Build tipa only for tvOS[0m
2025-10-20T12:53:39.9366900Z [36;1m  gmake -j$(sysctl -n hw.ncpu) dsym package PLATFORM=2 TROLLSTORE_JIT_ENT=1[0m
2025-10-20T12:53:39.9367280Z [36;1melse[0m
2025-10-20T12:53:39.9367500Z [36;1m  # Build ipa only for everything else[0m
2025-10-20T12:53:39.9368030Z [36;1m  gmake -j$(sysctl -n hw.ncpu) dsym package PLATFORM=2[0m
2025-10-20T12:53:39.9368340Z [36;1mfi[0m
2025-10-20T12:53:39.9429790Z shell: /bin/bash -e {0}
2025-10-20T12:53:39.9430050Z env:
2025-10-20T12:53:39.9430340Z   IPHONEOS_DEPLOYMENT_TARGET: 14
2025-10-20T12:53:39.9430580Z ##[endgroup]
2025-10-20T12:53:40.0425930Z Makefile:55: Building on macOS.
2025-10-20T12:53:40.0427280Z Makefile:79: Set PLATFORM to 2, which is equal to iOS.
2025-10-20T12:53:44.0220890Z [Amethyst v1.0] native - start
2025-10-20T12:53:44.0491200Z [Amethyst v1.0] java - start
2025-10-20T12:53:44.0500000Z [Amethyst v1.0] assets - start
2025-10-20T12:53:44.0522470Z gmake[1]: warning: -j3 forced in submake: resetting jobserver mode.
2025-10-20T12:53:44.0523130Z gmake[1]: Entering directory '/Users/runner/work/Amethyst-iOS-MyRemastered/Amethyst-iOS-MyRemastered/JavaApp'
2025-10-20T12:53:44.0661860Z CMake Warning:
2025-10-20T12:53:44.0665380Z   Ignoring extra path from command line:
2025-10-20T12:53:44.0680400Z 
2025-10-20T12:53:44.0685800Z    "/Users/runner/work/Amethyst-iOS-MyRemastered/Amethyst-iOS-MyRemastered/Natives/build"
2025-10-20T12:53:44.0696950Z 
2025-10-20T12:53:44.0707500Z 
2025-10-20T12:53:44.0708850Z CMake Warning:
2025-10-20T12:53:44.0711280Z   Ignoring extra path from command line:
2025-10-20T12:53:44.0720510Z 
2025-10-20T12:53:44.0728270Z    "."
2025-10-20T12:53:44.0736910Z 
2025-10-20T12:53:44.0737120Z Compiling src/launcher/net/kdt/pojavlaunch/LWJGLGLFWKeycode.java
2025-10-20T12:53:44.0747830Z 
2025-10-20T12:53:44.0756670Z Compiling src/launcher/net/kdt/pojavlaunch/PojavClassLoader.java
2025-10-20T12:53:44.0771730Z Compiling src/launcher/net/kdt/pojavlaunch/PojavLauncher.java
2025-10-20T12:53:44.0930250Z CMake Deprecation Warning at CMakeLists.txt:1 (cmake_minimum_required):
2025-10-20T12:53:44.1033310Z   Compatibility with CMake < 3.10 will be removed from a future version of
2025-10-20T12:53:44.1068040Z   CMake.
2025-10-20T12:53:44.1113440Z 
2025-10-20T12:53:44.1116250Z   Update the VERSION argument <min> value.  Or, use the <min>...<max> syntax
2025-10-20T12:53:44.1145110Z   to tell CMake that the project requires at least <min> but has been updated
2025-10-20T12:53:44.1147690Z   to work with policies introduced by <max> or earlier.
2025-10-20T12:53:44.1147970Z 
2025-10-20T12:53:44.1148130Z 
2025-10-20T12:53:45.3947630Z -- The C compiler identification is AppleClang 15.0.0.15000309
2025-10-20T12:53:50.6992580Z Compiling src/launcher/net/kdt/pojavlaunch/uikit/UIKitCallback.java
2025-10-20T12:53:51.5538190Z -- The CXX compiler identification is AppleClang 15.0.0.15000309
2025-10-20T12:53:51.7085360Z -- Detecting C compiler ABI info
2025-10-20T12:53:52.0533070Z -- Detecting C compiler ABI info - done
2025-10-20T12:53:52.0658820Z -- Check for working C compiler: /usr/bin/cc - skipped
2025-10-20T12:53:52.0768090Z -- Detecting C compile features
2025-10-20T12:53:52.0869280Z -- Detecting C compile features - done
2025-10-20T12:53:52.0981790Z -- Detecting CXX compiler ABI info
2025-10-20T12:53:52.1277350Z Note: src/launcher/net/kdt/pojavlaunch/PojavClassLoader.java uses or overrides a deprecated API.
2025-10-20T12:53:52.1378900Z Note: Recompile with -Xlint:deprecation for details.
2025-10-20T12:53:52.1680710Z Compiling src/launcher/net/kdt/pojavlaunch/uikit/UIKit.java
2025-10-20T12:53:52.4697580Z -- Detecting CXX compiler ABI info - done
2025-10-20T12:53:52.6316740Z -- Check for working CXX compiler: /usr/bin/c++ - skipped
2025-10-20T12:53:52.6418680Z -- Detecting CXX compile features
2025-10-20T12:53:52.6524370Z -- Detecting CXX compile features - done
2025-10-20T12:53:52.6625670Z -- Including mod loader icon in bundle: fabric_dark.png
2025-10-20T12:53:52.6735290Z -- Including mod loader icon in bundle: fabric_light.png
2025-10-20T12:53:52.6836620Z -- Including mod loader icon in bundle: forge_dark.png
2025-10-20T12:53:52.6938290Z -- Including mod loader icon in bundle: forge_light.png
2025-10-20T12:53:52.7042620Z -- Including mod loader icon in bundle: neoforge_dark.png
2025-10-20T12:53:52.7144210Z -- Including mod loader icon in bundle: neoforge_light.png
2025-10-20T12:53:52.7244970Z -- minizip folder not found, skipping minizip compilation.
2025-10-20T12:53:52.7345530Z -- Configuring done (8.6s)
2025-10-20T12:53:52.9137360Z -- Generating done (0.2s)
2025-10-20T12:53:52.9238240Z -- Build files have been written to: /Users/runner/work/Amethyst-iOS-MyRemastered/Amethyst-iOS-MyRemastered/Natives/build
2025-10-20T12:53:52.9344160Z gmake[1]: warning: -j3 forced in submake: resetting jobserver mode.
2025-10-20T12:53:52.9345710Z gmake[1]: Entering directory '/Users/runner/work/Amethyst-iOS-MyRemastered/Amethyst-iOS-MyRemastered/Natives/build'
2025-10-20T12:53:52.9962750Z [  1%] Building C object CMakeFiles/awt_headless.dir/awt_xawt/empty.m.o
2025-10-20T12:53:53.0079090Z [  1%] Building C object CMakeFiles/AFNetworking.dir/external/AFNetworking/AFNetworking/AFSecurityPolicy.m.o
2025-10-20T12:53:53.0185640Z [  2%] Building C object CMakeFiles/tinygl4angle.dir/external/gl4es/string_utils.c.o
2025-10-20T12:53:53.0943960Z [  3%] Linking C shared library libawt_headless.dylib
2025-10-20T12:53:53.2717600Z [  4%] Building C object CMakeFiles/tinygl4angle.dir/external/gl4es/tinygl4angle.c.o
2025-10-20T12:53:54.2931390Z [  4%] Built target awt_headless
2025-10-20T12:53:54.3252670Z [  5%] Building C object CMakeFiles/AmethystAccountJNI.dir/authenticator/MinecraftAccountJNI.m.o
2025-10-20T12:53:54.4852360Z /Users/runner/work/Amethyst-iOS-MyRemastered/Amethyst-iOS-MyRemastered/Natives/external/AFNetworking/AFNetworking/AFSecurityPolicy.m:68:46: warning: 'SecTrustCopyPublicKey' is deprecated: first deprecated in iOS 14.0 [-Wdeprecated-declarations]
2025-10-20T12:53:54.4960990Z     allowedPublicKey = (__bridge_transfer id)SecTrustCopyPublicKey(allowedTrust);
2025-10-20T12:53:54.5089130Z                                              ^~~~~~~~~~~~~~~~~~~~~
2025-10-20T12:53:54.5190650Z                                              SecTrustCopyKey
2025-10-20T12:53:54.5292520Z /Applications/Xcode_15.4.app/Contents/Developer/Platforms/iPhoneOS.platform/Developer/SDKs/iPhoneOS17.5.sdk/System/Library/Frameworks/Security.framework/Headers/SecTrust.h:476:11: note: 'SecTrustCopyPublicKey' has been explicitly marked deprecated here
2025-10-20T12:53:54.5394830Z SecKeyRef SecTrustCopyPublicKey(SecTrustRef trust)
2025-10-20T12:53:54.5498860Z           ^
2025-10-20T12:53:54.5600620Z /Users/runner/work/Amethyst-iOS-MyRemastered/Amethyst-iOS-MyRemastered/Natives/external/AFNetworking/AFNetworking/AFSecurityPolicy.m:129:53: warning: 'SecTrustCopyPublicKey' is deprecated: first deprecated in iOS 14.0 [-Wdeprecated-declarations]
2025-10-20T12:53:54.5601770Z         [trustChain addObject:(__bridge_transfer id)SecTrustCopyPublicKey(trust)];
2025-10-20T12:53:54.5703020Z                                                     ^~~~~~~~~~~~~~~~~~~~~
2025-10-20T12:53:54.5812080Z                                                     SecTrustCopyKey
2025-10-20T12:53:54.5914240Z /Applications/Xcode_15.4.app/Contents/Developer/Platforms/iPhoneOS.platform/Developer/SDKs/iPhoneOS17.5.sdk/System/Library/Frameworks/Security.framework/Headers/SecTrust.h:476:11: note: 'SecTrustCopyPublicKey' has been explicitly marked deprecated here
2025-10-20T12:53:54.6034100Z SecKeyRef SecTrustCopyPublicKey(SecTrustRef trust)
2025-10-20T12:53:54.6135370Z           ^
2025-10-20T12:53:54.8653970Z 2 warnings generated.
2025-10-20T12:53:54.8862290Z [  6%] Building C object CMakeFiles/AFNetworking.dir/external/AFNetworking/AFNetworking/AFHTTPSessionManager.m.o
2025-10-20T12:53:55.4827270Z [  7%] Linking C shared library libtinygl4angle.dylib
2025-10-20T12:53:56.1762510Z [  7%] Built target tinygl4angle
2025-10-20T12:53:56.2167220Z [  8%] Building C object CMakeFiles/awt_xawt.dir/awt_xawt/xawt_fake.m.o
2025-10-20T12:53:56.3355420Z [  9%] Linking C shared library libawt_xawt.dylib
2025-10-20T12:53:56.5297670Z [ 10%] Linking C shared library libAmethystAccountJNI.dylib
2025-10-20T12:53:56.9490020Z [ 10%] Built target awt_xawt
2025-10-20T12:53:56.9592510Z [ 11%] Building C object CMakeFiles/AFNetworking.dir/external/AFNetworking/AFNetworking/AFURLRequestSerialization.m.o
2025-10-20T12:53:57.2259850Z [ 11%] Built target AmethystAccountJNI
2025-10-20T12:53:57.2389770Z [ 12%] Building C object CMakeFiles/AFNetworking.dir/external/AFNetworking/AFNetworking/AFURLSessionManager.m.o
2025-10-20T12:53:59.8449620Z [ 13%] Building C object CMakeFiles/AFNetworking.dir/external/AFNetworking/AFNetworking/AFNetworkReachabilityManager.m.o
2025-10-20T12:54:02.0161480Z [ 14%] Building C object CMakeFiles/AFNetworking.dir/external/AFNetworking/AFNetworking/AFURLResponseSerialization.m.o
2025-10-20T12:54:03.0910570Z [ 15%] Building C object CMakeFiles/AFNetworking.dir/external/AFNetworking/UIKit+AFNetworking/AFNetworkActivityIndicatorManager.m.o
2025-10-20T12:54:03.1019880Z [ 16%] Building C object CMakeFiles/AFNetworking.dir/external/AFNetworking/UIKit+AFNetworking/AFAutoPurgingImageCache.m.o
2025-10-20T12:54:03.1429290Z Compiling src/launcher/net/kdt/pojavlaunch/value/launcherprofiles/MinecraftSelectedUser.java
2025-10-20T12:54:04.1955660Z [ 17%] Building C object CMakeFiles/AFNetworking.dir/external/AFNetworking/UIKit+AFNetworking/AFImageDownloader.m.o
2025-10-20T12:54:04.4524510Z /Users/runner/work/Amethyst-iOS-MyRemastered/Amethyst-iOS-MyRemastered/Natives/external/AFNetworking/UIKit+AFNetworking/AFNetworkActivityIndicatorManager.m:118:48: warning: 'setNetworkActivityIndicatorVisible:' is deprecated: first deprecated in iOS 13.0 - Provide a custom network activity UI in your app if desired. [-Wdeprecated-declarations]
2025-10-20T12:54:04.4627000Z             [[UIApplication sharedApplication] setNetworkActivityIndicatorVisible:networkActivityIndicatorVisible];
2025-10-20T12:54:04.4731900Z                                                ^
2025-10-20T12:54:04.4834520Z /Applications/Xcode_15.4.app/Contents/Developer/Platforms/iPhoneOS.platform/Developer/SDKs/iPhoneOS17.5.sdk/System/Library/Frameworks/UIKit.framework/Headers/UIApplication.h:113:68: note: property 'networkActivityIndicatorVisible' is declared deprecated here
2025-10-20T12:54:04.4946600Z @property(nonatomic,getter=isNetworkActivityIndicatorVisible) BOOL networkActivityIndicatorVisible API_UNAVAILABLE(tvos) API_DEPRECATED("Provide a custom network activity UI in your app if desired.", ios(2.0, 13.0)) API_UNAVAILABLE(visionos);
2025-10-20T12:54:04.5052590Z                                                                    ^
2025-10-20T12:54:04.5160660Z /Applications/Xcode_15.4.app/Contents/Developer/Platforms/iPhoneOS.platform/Developer/SDKs/iPhoneOS17.5.sdk/System/Library/Frameworks/UIKit.framework/Headers/UIApplication.h:113:68: note: 'setNetworkActivityIndicatorVisible:' has been explicitly marked deprecated here
2025-10-20T12:54:04.5265140Z 1 warning generated.
2025-10-20T12:54:04.5367830Z [ 18%] Building C object CMakeFiles/AFNetworking.dir/external/AFNetworking/UIKit+AFNetworking/UIButton+AFNetworking.m.o
2025-10-20T12:54:04.6285350Z [ 19%] Building C object CMakeFiles/AFNetworking.dir/external/AFNetworking/UIKit+AFNetworking/UIImageView+AFNetworking.m.o
2025-10-20T12:54:05.8505940Z [ 20%] Linking C shared library libAFNetworking.dylib
2025-10-20T12:54:06.0901450Z [ 20%] Built target AFNetworking
2025-10-20T12:54:06.1638180Z [ 22%] Building C object CMakeFiles/AngelAuraAmethyst.dir/dyld_bypass_validation.m.o
2025-10-20T12:54:06.1740380Z [ 22%] Building C object CMakeFiles/AngelAuraAmethyst.dir/dyld_patch_platform.m.o
2025-10-20T12:54:06.1842980Z [ 23%] Building C object CMakeFiles/AngelAuraAmethyst.dir/main.m.o
2025-10-20T12:54:06.6567830Z [ 24%] Building C object CMakeFiles/AngelAuraAmethyst.dir/main_hook.m.o
2025-10-20T12:54:07.5330290Z [ 25%] Building C object CMakeFiles/AngelAuraAmethyst.dir/JavaLauncher.m.o
2025-10-20T12:54:07.8065780Z Compiling src/launcher/net/kdt/pojavlaunch/value/launcherprofiles/MinecraftResolution.java
2025-10-20T12:54:08.9170090Z [ 26%] Building C object CMakeFiles/AngelAuraAmethyst.dir/external/fishhook/fishhook.c.o
2025-10-20T12:54:08.9279040Z [ 27%] Building C object CMakeFiles/AngelAuraAmethyst.dir/UIKit+hook.m.o
2025-10-20T12:54:09.0294680Z [ 28%] Building C object CMakeFiles/AngelAuraAmethyst.dir/authenticator/BaseAuthenticator.m.o
2025-10-20T12:54:09.2827910Z [ 29%] Building C object CMakeFiles/AngelAuraAmethyst.dir/authenticator/LocalAuthenticator.m.o
2025-10-20T12:54:09.7465860Z [ 30%] Building C object CMakeFiles/AngelAuraAmethyst.dir/authenticator/MicrosoftAuthenticator.m.o
2025-10-20T12:54:10.6865320Z [ 31%] Building C object CMakeFiles/AngelAuraAmethyst.dir/authenticator/ThirdPartyAuthenticator.m.o
2025-10-20T12:54:10.8969990Z [ 32%] Building C object CMakeFiles/AngelAuraAmethyst.dir/ctxbridges/gl_bridge.m.o
2025-10-20T12:54:11.9656420Z [ 33%] Building C object CMakeFiles/AngelAuraAmethyst.dir/ctxbridges/osm_bridge.m.o
2025-10-20T12:54:12.7223290Z Compiling src/launcher/net/kdt/pojavlaunch/value/launcherprofiles/MinecraftProfile.java
2025-10-20T12:54:12.8276890Z [ 34%] Building C object CMakeFiles/AngelAuraAmethyst.dir/customcontrols/ControlButton.m.o
2025-10-20T12:54:15.0564170Z [ 35%] Building C object CMakeFiles/AngelAuraAmethyst.dir/customcontrols/ControlDrawer.m.o
2025-10-20T12:54:15.1190980Z [ 36%] Building C object CMakeFiles/AngelAuraAmethyst.dir/customcontrols/ControlJoystick.m.o
2025-10-20T12:54:15.5454590Z <?xml version="1.0" encoding="UTF-8"?>
2025-10-20T12:54:15.5556870Z <!DOCTYPE plist PUBLIC "-//Apple//DTD PLIST 1.0//EN" "http://www.apple.com/DTDs/PropertyList-1.0.dtd">
2025-10-20T12:54:15.5658050Z <plist version="1.0">
2025-10-20T12:54:15.5759200Z <dict>
2025-10-20T12:54:15.5860310Z 	<key>com.apple.actool.compilation-results</key>
2025-10-20T12:54:15.5971630Z 	<dict>
2025-10-20T12:54:15.6070730Z 		<key>output-files</key>
2025-10-20T12:54:15.6173890Z 		<array>
2025-10-20T12:54:15.6276760Z 			<string>/Users/runner/work/Amethyst-iOS-MyRemastered/Amethyst-iOS-MyRemastered/Natives/resources/AppIcon-Light60x60@2x.png</string>
2025-10-20T12:54:15.6377850Z 			<string>/Users/runner/work/Amethyst-iOS-MyRemastered/Amethyst-iOS-MyRemastered/Natives/resources/AppIcon-Light76x76@2x~ipad.png</string>
2025-10-20T12:54:15.6483000Z 			<string>/Users/runner/work/Amethyst-iOS-MyRemastered/Amethyst-iOS-MyRemastered/Natives/resources/Assets.car</string>
2025-10-20T12:54:15.6585120Z 			<string>/dev/null</string>
2025-10-20T12:54:15.6686250Z 		</array>
2025-10-20T12:54:15.6787510Z 	</dict>
2025-10-20T12:54:15.6888540Z </dict>
2025-10-20T12:54:15.6989520Z </plist>
2025-10-20T12:54:15.7090370Z [Amethyst v1.0] assets - end
2025-10-20T12:54:15.7191740Z [ 37%] Building C object CMakeFiles/AngelAuraAmethyst.dir/customcontrols/ControlLayout.m.o
2025-10-20T12:54:16.8060320Z Note: src/launcher/net/kdt/pojavlaunch/PojavClassLoader.java uses or overrides a deprecated API.
2025-10-20T12:54:16.8161850Z Note: Recompile with -Xlint:deprecation for details.
2025-10-20T12:54:16.8263050Z Note: Some input files use unchecked or unsafe operations.
2025-10-20T12:54:16.8364190Z Note: Recompile with -Xlint:unchecked for details.
2025-10-20T12:54:16.9177120Z Compiling src/launcher/net/kdt/pojavlaunch/value/launcherprofiles/MinecraftLauncherProfiles.java
2025-10-20T12:54:17.2610000Z [ 38%] Building C object CMakeFiles/AngelAuraAmethyst.dir/customcontrols/ControlSubButton.m.o
2025-10-20T12:54:17.3843190Z [ 39%] Building C object CMakeFiles/AngelAuraAmethyst.dir/customcontrols/CustomControlsUtils.m.o
2025-10-20T12:54:17.7163450Z [ 40%] Building C object CMakeFiles/AngelAuraAmethyst.dir/customcontrols/NSPredicateUtilitiesExternal.m.o
2025-10-20T12:54:18.0479950Z Compiling src/launcher/net/kdt/pojavlaunch/value/launcherprofiles/LauncherProfiles.java
2025-10-20T12:54:18.9128810Z [ 41%] Building C object CMakeFiles/AngelAuraAmethyst.dir/external/DBNumberedSlider/Classes/DBNumberedSlider.m.o
2025-10-20T12:54:19.2097590Z [ 42%] Building C object CMakeFiles/AngelAuraAmethyst.dir/external/NRFileManager/NSFileManager+NRFileManager.m.o
2025-10-20T12:54:19.2197860Z [ 43%] Building C object CMakeFiles/AngelAuraAmethyst.dir/external/ballpa1n/HostManager.c.o
2025-10-20T12:54:19.4038690Z [ 44%] Building C object CMakeFiles/AngelAuraAmethyst.dir/external/ballpa1n/wrapped/HostManagerBridge.m.o
2025-10-20T12:54:19.8984230Z [ 45%] Building C object CMakeFiles/AngelAuraAmethyst.dir/installer/FabricInstallViewController.m.o
2025-10-20T12:54:20.0696760Z [ 46%] Building C object CMakeFiles/AngelAuraAmethyst.dir/installer/ForgeInstallViewController.m.o
2025-10-20T12:54:20.6543430Z [ 47%] Building C object CMakeFiles/AngelAuraAmethyst.dir/installer/ModpackInstallViewController.m.o
2025-10-20T12:54:21.6905950Z [ 48%] Building C object CMakeFiles/AngelAuraAmethyst.dir/installer/FabricUtils.m.o
2025-10-20T12:54:21.7408860Z [ 49%] Building C object CMakeFiles/AngelAuraAmethyst.dir/installer/modpack/ModpackUtils.m.o
2025-10-20T12:54:22.3968030Z [ 50%] Building C object CMakeFiles/AngelAuraAmethyst.dir/installer/modpack/ModpackAPI.m.o
2025-10-20T12:54:22.4109010Z In file included from /Users/runner/work/Amethyst-iOS-MyRemastered/Amethyst-iOS-MyRemastered/Natives/installer/ModpackInstallViewController.m:4:
2025-10-20T12:54:22.4225120Z In file included from /Users/runner/work/Amethyst-iOS-MyRemastered/Amethyst-iOS-MyRemastered/Natives/external/AFNetworking/UIKit+AFNetworking/UIKit+AFNetworking.h:40:
2025-10-20T12:54:22.4330440Z In file included from /Users/runner/work/Amethyst-iOS-MyRemastered/Amethyst-iOS-MyRemastered/Natives/external/AFNetworking/UIKit+AFNetworking/WKWebView+AFNetworking.h:29:
2025-10-20T12:54:22.4434520Z In file included from /Applications/Xcode_15.4.app/Contents/Developer/Platforms/iPhoneOS.platform/Developer/SDKs/iPhoneOS17.5.sdk/System/Cryptexes/OS/System/Library/Frameworks/WebKit.framework/Headers/WebKit.h:34:
2025-10-20T12:54:22.4564670Z /Applications/Xcode_15.4.app/Contents/Developer/Platforms/iPhoneOS.platform/Developer/SDKs/iPhoneOS17.5.sdk/System/Cryptexes/OS/System/Library/Frameworks/WebKit.framework/Headers/WKDownloadDelegate.h:59:19: warning: 'WKDownload' is only available on iOS 14.5 or newer [-Wunguarded-availability-new]
2025-10-20T12:54:22.4673680Z - (void)download:(WKDownload *)download decideDestinationUsingResponse:(NSURLResponse *)response suggestedFilename:(NSString *)suggestedFilename completionHandler:(void (^)(NSURL * _Nullable destination))completionHandler;
2025-10-20T12:54:22.4775600Z                   ^
2025-10-20T12:54:22.4877410Z /Applications/Xcode_15.4.app/Contents/Developer/Platforms/iPhoneOS.platform/Developer/SDKs/iPhoneOS17.5.sdk/System/Cryptexes/OS/System/Library/Frameworks/WebKit.framework/Headers/WKDownload.h:37:12: note: 'WKDownload' has been marked as being introduced in iOS 14.5 here, but the deployment target is iOS 14.0.0
2025-10-20T12:54:22.4979550Z @interface WKDownload : NSObject<NSProgressReporting>
2025-10-20T12:54:22.5081660Z            ^
2025-10-20T12:54:22.5182410Z /Applications/Xcode_15.4.app/Contents/Developer/Platforms/iPhoneOS.platform/Developer/SDKs/iPhoneOS17.5.sdk/System/Cryptexes/OS/System/Library/Frameworks/WebKit.framework/Headers/WKDownloadDelegate.h:59:1: note: annotate 'download:decideDestinationUsingResponse:suggestedFilename:completionHandler:' with an availability attribute to silence this warning
2025-10-20T12:54:22.5287210Z - (void)download:(WKDownload *)download decideDestinationUsingResponse:(NSURLResponse *)response suggestedFilename:(NSString *)suggestedFilename completionHandler:(void (^)(NSURL * _Nullable destination))completionHandler;
2025-10-20T12:54:22.5385390Z ^
2025-10-20T12:54:22.5486740Z                                                                                                                                                                                                                               API_AVAILABLE(ios(14.5))
2025-10-20T12:54:22.5587790Z /Applications/Xcode_15.4.app/Contents/Developer/Platforms/iPhoneOS.platform/Developer/SDKs/iPhoneOS17.5.sdk/System/Cryptexes/OS/System/Library/Frameworks/WebKit.framework/Headers/WKDownloadDelegate.h:71:19: warning: 'WKDownload' is only available on iOS 14.5 or newer [-Wunguarded-availability-new]
2025-10-20T12:54:22.5688280Z - (void)download:(WKDownload *)download willPerformHTTPRedirection:(NSHTTPURLResponse *)response newRequest:(NSURLRequest *)request decisionHandler:(void (^)(WKDownloadRedirectPolicy))decisionHandler WK_SWIFT_ASYNC_NAME(download(_:decidedPolicyForHTTPRedirection:newRequest:)) WK_SWIFT_ASYNC(4);
2025-10-20T12:54:22.5689450Z [ 51%] Building C object CMakeFiles/AngelAuraAmethyst.dir/installer/modpack/CurseForgeAPI.m.o
2025-10-20T12:54:22.5788480Z                   ^
2025-10-20T12:54:22.5892950Z /Applications/Xcode_15.4.app/Contents/Developer/Platforms/iPhoneOS.platform/Developer/SDKs/iPhoneOS17.5.sdk/System/Cryptexes/OS/System/Library/Frameworks/WebKit.framework/Headers/WKDownload.h:37:12: note: 'WKDownload' has been marked as being introduced in iOS 14.5 here, but the deployment target is iOS 14.0.0
2025-10-20T12:54:22.5992060Z @interface WKDownload : NSObject<NSProgressReporting>
2025-10-20T12:54:22.6092750Z            ^
2025-10-20T12:54:22.6198770Z /Applications/Xcode_15.4.app/Contents/Developer/Platforms/iPhoneOS.platform/Developer/SDKs/iPhoneOS17.5.sdk/System/Cryptexes/OS/System/Library/Frameworks/WebKit.framework/Headers/WKDownloadDelegate.h:71:1: note: annotate 'download:willPerformHTTPRedirection:newRequest:decisionHandler:' with an availability attribute to silence this warning
2025-10-20T12:54:22.6301620Z - (void)download:(WKDownload *)download willPerformHTTPRedirection:(NSHTTPURLResponse *)response newRequest:(NSURLRequest *)request decisionHandler:(void (^)(WKDownloadRedirectPolicy))decisionHandler WK_SWIFT_ASYNC_NAME(download(_:decidedPolicyForHTTPRedirection:newRequest:)) WK_SWIFT_ASYNC(4);
2025-10-20T12:54:22.6302820Z ^
2025-10-20T12:54:22.6403780Z                                                                                                                                                                                                                                                                                                        API_AVAILABLE(ios(14.5))
2025-10-20T12:54:22.6505840Z /Applications/Xcode_15.4.app/Contents/Developer/Platforms/iPhoneOS.platform/Developer/SDKs/iPhoneOS17.5.sdk/System/Cryptexes/OS/System/Library/Frameworks/WebKit.framework/Headers/WKDownloadDelegate.h:71:159: warning: 'WKDownloadRedirectPolicy' is only available on iOS 14.5 or newer [-Wunguarded-availability-new]
2025-10-20T12:54:22.6608590Z - (void)download:(WKDownload *)download willPerformHTTPRedirection:(NSHTTPURLResponse *)response newRequest:(NSURLRequest *)request decisionHandler:(void (^)(WKDownloadRedirectPolicy))decisionHandler WK_SWIFT_ASYNC_NAME(download(_:decidedPolicyForHTTPRedirection:newRequest:)) WK_SWIFT_ASYNC(4);
2025-10-20T12:54:22.6702650Z [ 52%] Building C object CMakeFiles/AngelAuraAmethyst.dir/installer/modpack/ModrinthAPI.m.o
2025-10-20T12:54:22.6711620Z                                                                                                                                                               ^
2025-10-20T12:54:22.6814030Z /Applications/Xcode_15.4.app/Contents/Developer/Platforms/iPhoneOS.platform/Developer/SDKs/iPhoneOS17.5.sdk/System/Cryptexes/OS/System/Library/Frameworks/WebKit.framework/Headers/WKDownloadDelegate.h:36:28: note: 'WKDownloadRedirectPolicy' has been marked as being introduced in iOS 14.5 here, but the deployment target is iOS 14.0.0
2025-10-20T12:54:22.6916080Z typedef NS_ENUM(NSInteger, WKDownloadRedirectPolicy) {
2025-10-20T12:54:22.7087260Z                            ^
2025-10-20T12:54:22.7287010Z /Applications/Xcode_15.4.app/Contents/Developer/Platforms/iPhoneOS.platform/Developer/SDKs/iPhoneOS17.5.sdk/System/Cryptexes/OS/System/Library/Frameworks/WebKit.framework/Headers/WKDownloadDelegate.h:71:1: note: annotate 'download:willPerformHTTPRedirection:newRequest:decisionHandler:' with an availability attribute to silence this warning
2025-10-20T12:54:22.7306340Z - (void)download:(WKDownload *)download willPerformHTTPRedirection:(NSHTTPURLResponse *)response newRequest:(NSURLRequest *)request decisionHandler:(void (^)(WKDownloadRedirectPolicy))decisionHandler WK_SWIFT_ASYNC_NAME(download(_:decidedPolicyForHTTPRedirection:newRequest:)) WK_SWIFT_ASYNC(4);
2025-10-20T12:54:22.7381270Z ^
2025-10-20T12:54:22.7500860Z                                                                                                                                                                                                                                                                                                        API_AVAILABLE(ios(14.5))
2025-10-20T12:54:22.7602280Z /Applications/Xcode_15.4.app/Contents/Developer/Platforms/iPhoneOS.platform/Developer/SDKs/iPhoneOS17.5.sdk/System/Cryptexes/OS/System/Library/Frameworks/WebKit.framework/Headers/WKDownloadDelegate.h:83:19: warning: 'WKDownload' is only available on iOS 14.5 or newer [-Wunguarded-availability-new]
2025-10-20T12:54:22.7703960Z - (void)download:(WKDownload *)download didReceiveAuthenticationChallenge:(NSURLAuthenticationChallenge *)challenge completionHandler:(void (^)(NSURLSessionAuthChallengeDisposition, NSURLCredential * _Nullable))completionHandler WK_SWIFT_ASYNC_NAME(download(_:respondTo:));
2025-10-20T12:54:22.7805670Z                   ^
2025-10-20T12:54:22.7907100Z /Applications/Xcode_15.4.app/Contents/Developer/Platforms/iPhoneOS.platform/Developer/SDKs/iPhoneOS17.5.sdk/System/Cryptexes/OS/System/Library/Frameworks/WebKit.framework/Headers/WKDownload.h:37:12: note: 'WKDownload' has been marked as being introduced in iOS 14.5 here, but the deployment target is iOS 14.0.0
2025-10-20T12:54:22.8008380Z @interface WKDownload : NSObject<NSProgressReporting>
2025-10-20T12:54:22.8109330Z            ^
2025-10-20T12:54:22.8109820Z Compiling src/launcher/net/kdt/pojavlaunch/value/launcherprofiles/MinecraftAuthenticationDatabase.java
2025-10-20T12:54:22.8211910Z /Applications/Xcode_15.4.app/Contents/Developer/Platforms/iPhoneOS.platform/Developer/SDKs/iPhoneOS17.5.sdk/System/Cryptexes/OS/System/Library/Frameworks/WebKit.framework/Headers/WKDownloadDelegate.h:83:1: note: annotate 'download:didReceiveAuthenticationChallenge:completionHandler:' with an availability attribute to silence this warning
2025-10-20T12:54:22.8312420Z - (void)download:(WKDownload *)download didReceiveAuthenticationChallenge:(NSURLAuthenticationChallenge *)challenge completionHandler:(void (^)(NSURLSessionAuthChallengeDisposition, NSURLCredential * _Nullable))completionHandler WK_SWIFT_ASYNC_NAME(download(_:respondTo:));
2025-10-20T12:54:22.8414630Z ^
2025-10-20T12:54:22.8515490Z                                                                                                                                                                                                                                                                                  API_AVAILABLE(ios(14.5))
2025-10-20T12:54:22.8617070Z /Applications/Xcode_15.4.app/Contents/Developer/Platforms/iPhoneOS.platform/Developer/SDKs/iPhoneOS17.5.sdk/System/Cryptexes/OS/System/Library/Frameworks/WebKit.framework/Headers/WKDownloadDelegate.h:88:28: warning: 'WKDownload' is only available on iOS 14.5 or newer [-Wunguarded-availability-new]
2025-10-20T12:54:22.8716860Z - (void)downloadDidFinish:(WKDownload *)download;
2025-10-20T12:54:22.8818480Z                            ^
2025-10-20T12:54:22.8920820Z /Applications/Xcode_15.4.app/Contents/Developer/Platforms/iPhoneOS.platform/Developer/SDKs/iPhoneOS17.5.sdk/System/Cryptexes/OS/System/Library/Frameworks/WebKit.framework/Headers/WKDownload.h:37:12: note: 'WKDownload' has been marked as being introduced in iOS 14.5 here, but the deployment target is iOS 14.0.0
2025-10-20T12:54:22.9023600Z @interface WKDownload : NSObject<NSProgressReporting>
2025-10-20T12:54:22.9124150Z            ^
2025-10-20T12:54:22.9225780Z /Applications/Xcode_15.4.app/Contents/Developer/Platforms/iPhoneOS.platform/Developer/SDKs/iPhoneOS17.5.sdk/System/Cryptexes/OS/System/Library/Frameworks/WebKit.framework/Headers/WKDownloadDelegate.h:88:1: note: annotate 'downloadDidFinish:' with an availability attribute to silence this warning
2025-10-20T12:54:22.9325750Z - (void)downloadDidFinish:(WKDownload *)download;
2025-10-20T12:54:22.9427370Z ^
2025-10-20T12:54:22.9528260Z                                                  API_AVAILABLE(ios(14.5))
2025-10-20T12:54:22.9629590Z /Applications/Xcode_15.4.app/Contents/Developer/Platforms/iPhoneOS.platform/Developer/SDKs/iPhoneOS17.5.sdk/System/Cryptexes/OS/System/Library/Frameworks/WebKit.framework/Headers/WKDownloadDelegate.h:95:19: warning: 'WKDownload' is only available on iOS 14.5 or newer [-Wunguarded-availability-new]
2025-10-20T12:54:22.9729970Z - (void)download:(WKDownload *)download didFailWithError:(NSError *)error resumeData:(nullable NSData *)resumeData;
2025-10-20T12:54:22.9831390Z                   ^
2025-10-20T12:54:22.9933880Z /Applications/Xcode_15.4.app/Contents/Developer/Platforms/iPhoneOS.platform/Developer/SDKs/iPhoneOS17.5.sdk/System/Cryptexes/OS/System/Library/Frameworks/WebKit.framework/Headers/WKDownload.h:37:12: note: 'WKDownload' has been marked as being introduced in iOS 14.5 here, but the deployment target is iOS 14.0.0
2025-10-20T12:54:23.0034750Z @interface WKDownload : NSObject<NSProgressReporting>
2025-10-20T12:54:23.0136660Z            ^
2025-10-20T12:54:23.0240520Z /Applications/Xcode_15.4.app/Contents/Developer/Platforms/iPhoneOS.platform/Developer/SDKs/iPhoneOS17.5.sdk/System/Cryptexes/OS/System/Library/Frameworks/WebKit.framework/Headers/WKDownloadDelegate.h:95:1: note: annotate 'download:didFailWithError:resumeData:' with an availability attribute to silence this warning
2025-10-20T12:54:23.0339260Z - (void)download:(WKDownload *)download didFailWithError:(NSError *)error resumeData:(nullable NSData *)resumeData;
2025-10-20T12:54:23.0440500Z ^
2025-10-20T12:54:23.0541710Z                                                                                                                    API_AVAILABLE(ios(14.5))
2025-10-20T12:54:23.0643360Z In file included from /Users/runner/work/Amethyst-iOS-MyRemastered/Amethyst-iOS-MyRemastered/Natives/installer/ModpackInstallViewController.m:4:
2025-10-20T12:54:23.0746080Z In file included from /Users/runner/work/Amethyst-iOS-MyRemastered/Amethyst-iOS-MyRemastered/Natives/external/AFNetworking/UIKit+AFNetworking/UIKit+AFNetworking.h:40:
2025-10-20T12:54:23.0848120Z In file included from /Users/runner/work/Amethyst-iOS-MyRemastered/Amethyst-iOS-MyRemastered/Natives/external/AFNetworking/UIKit+AFNetworking/WKWebView+AFNetworking.h:29:
2025-10-20T12:54:23.0848990Z [ 53%] Building C object CMakeFiles/AngelAuraAmethyst.dir/input/ControllerInput.m.o
2025-10-20T12:54:23.0950610Z In file included from /Applications/Xcode_15.4.app/Contents/Developer/Platforms/iPhoneOS.platform/Developer/SDKs/iPhoneOS17.5.sdk/System/Cryptexes/OS/System/Library/Frameworks/WebKit.framework/Headers/WebKit.h:57:
2025-10-20T12:54:23.1052790Z /Applications/Xcode_15.4.app/Contents/Developer/Platforms/iPhoneOS.platform/Developer/SDKs/iPhoneOS17.5.sdk/System/Cryptexes/OS/System/Library/Frameworks/WebKit.framework/Headers/WKUIDelegate.h:256:118: warning: 'WKDialogResult' is only available on iOS 16.0 or newer [-Wunguarded-availability-new]
2025-10-20T12:54:23.1154940Z - (void)webView:(WKWebView *)webView showLockdownModeFirstUseMessage:(NSString *)message completionHandler:(void (^)(WKDialogResult))completionHandler API_AVAILABLE(ios(13.0));
2025-10-20T12:54:23.1257010Z                                                                                                                      ^
2025-10-20T12:54:23.1359100Z /Applications/Xcode_15.4.app/Contents/Developer/Platforms/iPhoneOS.platform/Developer/SDKs/iPhoneOS17.5.sdk/System/Cryptexes/OS/System/Library/Frameworks/WebKit.framework/Headers/WKUIDelegate.h:67:28: note: 'WKDialogResult' has been marked as being introduced in iOS 16.0 here, but the deployment target is iOS 14.0.0
2025-10-20T12:54:23.1461290Z typedef NS_ENUM(NSInteger, WKDialogResult) {
2025-10-20T12:54:23.1562390Z                            ^
2025-10-20T12:54:23.1664380Z /Applications/Xcode_15.4.app/Contents/Developer/Platforms/iPhoneOS.platform/Developer/SDKs/iPhoneOS17.5.sdk/System/Cryptexes/OS/System/Library/Frameworks/WebKit.framework/Headers/WKUIDelegate.h:256:1: note: annotate 'webView:showLockdownModeFirstUseMessage:completionHandler:' with an availability attribute to silence this warning
2025-10-20T12:54:23.1766980Z - (void)webView:(WKWebView *)webView showLockdownModeFirstUseMessage:(NSString *)message completionHandler:(void (^)(WKDialogResult))completionHandler API_AVAILABLE(ios(13.0));
2025-10-20T12:54:23.1868440Z ^
2025-10-20T12:54:23.1969270Z 7 warnings generated.
2025-10-20T12:54:23.2070480Z Note: src/launcher/net/kdt/pojavlaunch/PojavClassLoader.java uses or overrides a deprecated API.
2025-10-20T12:54:23.2173540Z Note: Recompile with -Xlint:deprecation for details.
2025-10-20T12:54:23.2274730Z Note: Some input files use unchecked or unsafe operations.
2025-10-20T12:54:23.2376400Z Note: Recompile with -Xlint:unchecked for details.
2025-10-20T12:54:23.7887170Z [ 54%] Building C object CMakeFiles/AngelAuraAmethyst.dir/input/GyroInput.m.o
2025-10-20T12:54:23.9307520Z [ 55%] Building C object CMakeFiles/AngelAuraAmethyst.dir/input/KeyboardInput.m.o
2025-10-20T12:54:24.9188870Z [ 56%] Building C object CMakeFiles/AngelAuraAmethyst.dir/AccountListViewController.m.o
2025-10-20T12:54:24.9346540Z [ 57%] Building C object CMakeFiles/AngelAuraAmethyst.dir/AppDelegate.m.o
2025-10-20T12:54:25.5801690Z [ 57%] Building C object CMakeFiles/AngelAuraAmethyst.dir/CustomControlsViewController.m.o
2025-10-20T12:54:25.9854320Z [ 58%] Building C object CMakeFiles/AngelAuraAmethyst.dir/CustomControlsViewController+UndoManager.m.o
2025-10-20T12:54:26.1335710Z Compiling src/launcher/net/kdt/pojavlaunch/value/launcherprofiles/MinecraftLauncherSettings.java
2025-10-20T12:54:26.1536380Z [ 59%] Building C object CMakeFiles/AngelAuraAmethyst.dir/DownloadProgressViewController.m.o
2025-10-20T12:54:26.8960290Z [ 60%] Building C object CMakeFiles/AngelAuraAmethyst.dir/FileListViewController.m.o
2025-10-20T12:54:26.9872340Z [ 61%] Building C object CMakeFiles/AngelAuraAmethyst.dir/GameSurfaceView.m.o
2025-10-20T12:54:27.1606640Z [ 62%] Building C object CMakeFiles/AngelAuraAmethyst.dir/JavaGUIViewController.m.o
2025-10-20T12:54:27.8512260Z [ 63%] Building C object CMakeFiles/AngelAuraAmethyst.dir/LauncherMenuViewController.m.o
2025-10-20T12:54:28.1265660Z [ 64%] Building C object CMakeFiles/AngelAuraAmethyst.dir/LauncherNavigationController.m.o
2025-10-20T12:54:28.7609350Z [ 65%] Building C object CMakeFiles/AngelAuraAmethyst.dir/LauncherNewsViewController.m.o
2025-10-20T12:54:28.9870360Z [ 66%] Building C object CMakeFiles/AngelAuraAmethyst.dir/LauncherPreferences.m.o
2025-10-20T12:54:29.1156620Z In file included from /Users/runner/work/Amethyst-iOS-MyRemastered/Amethyst-iOS-MyRemastered/Natives/LauncherNewsViewController.m:1:
2025-10-20T12:54:29.1257640Z In file included from /Applications/Xcode_15.4.app/Contents/Developer/Platforms/iPhoneOS.platform/Developer/SDKs/iPhoneOS17.5.sdk/System/Cryptexes/OS/System/Library/Frameworks/WebKit.framework/Headers/WebKit.h:34:
2025-10-20T12:54:29.1321140Z Compiling src/launcher/net/kdt/pojavlaunch/value/MinecraftLibraryArtifact.java
2025-10-20T12:54:29.1323030Z /Applications/Xcode_15.4.app/Contents/Developer/Platforms/iPhoneOS.platform/Developer/SDKs/iPhoneOS17.5.sdk/System/Cryptexes/OS/System/Library/Frameworks/WebKit.framework/Headers/WKDownloadDelegate.h:59:19: warning: 'WKDownload' is only available on iOS 14.5 or newer [-Wunguarded-availability-new]
2025-10-20T12:54:29.1425400Z - (void)download:(WKDownload *)download decideDestinationUsingResponse:(NSURLResponse *)response suggestedFilename:(NSString *)suggestedFilename completionHandler:(void (^)(NSURL * _Nullable destination))completionHandler;
2025-10-20T12:54:29.1526700Z                   ^
2025-10-20T12:54:29.1642310Z /Applications/Xcode_15.4.app/Contents/Developer/Platforms/iPhoneOS.platform/Developer/SDKs/iPhoneOS17.5.sdk/System/Cryptexes/OS/System/Library/Frameworks/WebKit.framework/Headers/WKDownload.h:37:12: note: 'WKDownload' has been marked as being introduced in iOS 14.5 here, but the deployment target is iOS 14.0.0
2025-10-20T12:54:29.1744130Z @interface WKDownload : NSObject<NSProgressReporting>
2025-10-20T12:54:29.1845130Z            ^
2025-10-20T12:54:29.1947070Z /Applications/Xcode_15.4.app/Contents/Developer/Platforms/iPhoneOS.platform/Developer/SDKs/iPhoneOS17.5.sdk/System/Cryptexes/OS/System/Library/Frameworks/WebKit.framework/Headers/WKDownloadDelegate.h:59:1: note: annotate 'download:decideDestinationUsingResponse:suggestedFilename:completionHandler:' with an availability attribute to silence this warning
2025-10-20T12:54:29.2049370Z - (void)download:(WKDownload *)download decideDestinationUsingResponse:(NSURLResponse *)response suggestedFilename:(NSString *)suggestedFilename completionHandler:(void (^)(NSURL * _Nullable destination))completionHandler;
2025-10-20T12:54:29.2151280Z ^
2025-10-20T12:54:29.2252850Z                                                                                                                                                                                                                               API_AVAILABLE(ios(14.5))
2025-10-20T12:54:29.2359030Z /Applications/Xcode_15.4.app/Contents/Developer/Platforms/iPhoneOS.platform/Developer/SDKs/iPhoneOS17.5.sdk/System/Cryptexes/OS/System/Library/Frameworks/WebKit.framework/Headers/WKDownloadDelegate.h:71:19: warning: 'WKDownload' is only available on iOS 14.5 or newer [-Wunguarded-availability-new]
2025-10-20T12:54:29.2462100Z - (void)download:(WKDownload *)download willPerformHTTPRedirection:(NSHTTPURLResponse *)response newRequest:(NSURLRequest *)request decisionHandler:(void (^)(WKDownloadRedirectPolicy))decisionHandler WK_SWIFT_ASYNC_NAME(download(_:decidedPolicyForHTTPRedirection:newRequest:)) WK_SWIFT_ASYNC(4);
2025-10-20T12:54:29.2563900Z                   ^
2025-10-20T12:54:29.2667530Z /Applications/Xcode_15.4.app/Contents/Developer/Platforms/iPhoneOS.platform/Developer/SDKs/iPhoneOS17.5.sdk/System/Cryptexes/OS/System/Library/Frameworks/WebKit.framework/Headers/WKDownload.h:37:12: note: 'WKDownload' has been marked as being introduced in iOS 14.5 here, but the deployment target is iOS 14.0.0
2025-10-20T12:54:29.2771290Z @interface WKDownload : NSObject<NSProgressReporting>
2025-10-20T12:54:29.2872690Z            ^
2025-10-20T12:54:29.2974640Z /Applications/Xcode_15.4.app/Contents/Developer/Platforms/iPhoneOS.platform/Developer/SDKs/iPhoneOS17.5.sdk/System/Cryptexes/OS/System/Library/Frameworks/WebKit.framework/Headers/WKDownloadDelegate.h:71:1: note: annotate 'download:willPerformHTTPRedirection:newRequest:decisionHandler:' with an availability attribute to silence this warning
2025-10-20T12:54:29.3078010Z - (void)download:(WKDownload *)download willPerformHTTPRedirection:(NSHTTPURLResponse *)response newRequest:(NSURLRequest *)request decisionHandler:(void (^)(WKDownloadRedirectPolicy))decisionHandler WK_SWIFT_ASYNC_NAME(download(_:decidedPolicyForHTTPRedirection:newRequest:)) WK_SWIFT_ASYNC(4);
2025-10-20T12:54:29.3179950Z ^
2025-10-20T12:54:29.3281180Z                                                                                                                                                                                                                                                                                                        API_AVAILABLE(ios(14.5))
2025-10-20T12:54:29.3385760Z /Applications/Xcode_15.4.app/Contents/Developer/Platforms/iPhoneOS.platform/Developer/SDKs/iPhoneOS17.5.sdk/System/Cryptexes/OS/System/Library/Frameworks/WebKit.framework/Headers/WKDownloadDelegate.h:71:159: warning: 'WKDownloadRedirectPolicy' is only available on iOS 14.5 or newer [-Wunguarded-availability-new]
2025-10-20T12:54:29.3389630Z [ 67%] Building C object CMakeFiles/AngelAuraAmethyst.dir/LauncherPreferencesViewController.m.o
2025-10-20T12:54:29.3491880Z - (void)download:(WKDownload *)download willPerformHTTPRedirection:(NSHTTPURLResponse *)response newRequest:(NSURLRequest *)request decisionHandler:(void (^)(WKDownloadRedirectPolicy))decisionHandler WK_SWIFT_ASYNC_NAME(download(_:decidedPolicyForHTTPRedirection:newRequest:)) WK_SWIFT_ASYNC(4);
2025-10-20T12:54:29.3593980Z                                                                                                                                                               ^
2025-10-20T12:54:29.3696010Z /Applications/Xcode_15.4.app/Contents/Developer/Platforms/iPhoneOS.platform/Developer/SDKs/iPhoneOS17.5.sdk/System/Cryptexes/OS/System/Library/Frameworks/WebKit.framework/Headers/WKDownloadDelegate.h:36:28: note: 'WKDownloadRedirectPolicy' has been marked as being introduced in iOS 14.5 here, but the deployment target is iOS 14.0.0
2025-10-20T12:54:29.3798230Z typedef NS_ENUM(NSInteger, WKDownloadRedirectPolicy) {
2025-10-20T12:54:29.3899450Z                            ^
2025-10-20T12:54:29.4001720Z /Applications/Xcode_15.4.app/Contents/Developer/Platforms/iPhoneOS.platform/Developer/SDKs/iPhoneOS17.5.sdk/System/Cryptexes/OS/System/Library/Frameworks/WebKit.framework/Headers/WKDownloadDelegate.h:71:1: note: annotate 'download:willPerformHTTPRedirection:newRequest:decisionHandler:' with an availability attribute to silence this warning
2025-10-20T12:54:29.4110290Z - (void)download:(WKDownload *)download willPerformHTTPRedirection:(NSHTTPURLResponse *)response newRequest:(NSURLRequest *)request decisionHandler:(void (^)(WKDownloadRedirectPolicy))decisionHandler WK_SWIFT_ASYNC_NAME(download(_:decidedPolicyForHTTPRedirection:newRequest:)) WK_SWIFT_ASYNC(4);
2025-10-20T12:54:29.4212330Z ^
2025-10-20T12:54:29.4313480Z                                                                                                                                                                                                                                                                                                        API_AVAILABLE(ios(14.5))
2025-10-20T12:54:29.4415870Z /Applications/Xcode_15.4.app/Contents/Developer/Platforms/iPhoneOS.platform/Developer/SDKs/iPhoneOS17.5.sdk/System/Cryptexes/OS/System/Library/Frameworks/WebKit.framework/Headers/WKDownloadDelegate.h:83:19: warning: 'WKDownload' is only available on iOS 14.5 or newer [-Wunguarded-availability-new]
2025-10-20T12:54:29.4521850Z - (void)download:(WKDownload *)download didReceiveAuthenticationChallenge:(NSURLAuthenticationChallenge *)challenge completionHandler:(void (^)(NSURLSessionAuthChallengeDisposition, NSURLCredential * _Nullable))completionHandler WK_SWIFT_ASYNC_NAME(download(_:respondTo:));
2025-10-20T12:54:29.4651560Z                   ^
2025-10-20T12:54:29.4753350Z /Applications/Xcode_15.4.app/Contents/Developer/Platforms/iPhoneOS.platform/Developer/SDKs/iPhoneOS17.5.sdk/System/Cryptexes/OS/System/Library/Frameworks/WebKit.framework/Headers/WKDownload.h:37:12: note: 'WKDownload' has been marked as being introduced in iOS 14.5 here, but the deployment target is iOS 14.0.0
2025-10-20T12:54:29.4855640Z @interface WKDownload : NSObject<NSProgressReporting>
2025-10-20T12:54:29.4957000Z            ^
2025-10-20T12:54:29.5087030Z /Applications/Xcode_15.4.app/Contents/Developer/Platforms/iPhoneOS.platform/Developer/SDKs/iPhoneOS17.5.sdk/System/Cryptexes/OS/System/Library/Frameworks/WebKit.framework/Headers/WKDownloadDelegate.h:83:1: note: annotate 'download:didReceiveAuthenticationChallenge:completionHandler:' with an availability attribute to silence this warning
2025-10-20T12:54:29.5190450Z - (void)download:(WKDownload *)download didReceiveAuthenticationChallenge:(NSURLAuthenticationChallenge *)challenge completionHandler:(void (^)(NSURLSessionAuthChallengeDisposition, NSURLCredential * _Nullable))completionHandler WK_SWIFT_ASYNC_NAME(download(_:respondTo:));
2025-10-20T12:54:29.5270350Z ^
2025-10-20T12:54:29.5371210Z                                                                                                                                                                                                                                                                                  API_AVAILABLE(ios(14.5))
2025-10-20T12:54:29.5472550Z /Applications/Xcode_15.4.app/Contents/Developer/Platforms/iPhoneOS.platform/Developer/SDKs/iPhoneOS17.5.sdk/System/Cryptexes/OS/System/Library/Frameworks/WebKit.framework/Headers/WKDownloadDelegate.h:88:28: warning: 'WKDownload' is only available on iOS 14.5 or newer [-Wunguarded-availability-new]
2025-10-20T12:54:29.5572860Z - (void)downloadDidFinish:(WKDownload *)download;
2025-10-20T12:54:29.5674550Z                            ^
2025-10-20T12:54:29.5776170Z /Applications/Xcode_15.4.app/Contents/Developer/Platforms/iPhoneOS.platform/Developer/SDKs/iPhoneOS17.5.sdk/System/Cryptexes/OS/System/Library/Frameworks/WebKit.framework/Headers/WKDownload.h:37:12: note: 'WKDownload' has been marked as being introduced in iOS 14.5 here, but the deployment target is iOS 14.0.0
2025-10-20T12:54:29.5875900Z @interface WKDownload : NSObject<NSProgressReporting>
2025-10-20T12:54:29.5977250Z            ^
2025-10-20T12:54:29.6079200Z /Applications/Xcode_15.4.app/Contents/Developer/Platforms/iPhoneOS.platform/Developer/SDKs/iPhoneOS17.5.sdk/System/Cryptexes/OS/System/Library/Frameworks/WebKit.framework/Headers/WKDownloadDelegate.h:88:1: note: annotate 'downloadDidFinish:' with an availability attribute to silence this warning
2025-10-20T12:54:29.6178760Z - (void)downloadDidFinish:(WKDownload *)download;
2025-10-20T12:54:29.6279810Z ^
2025-10-20T12:54:29.6380960Z                                                  API_AVAILABLE(ios(14.5))
2025-10-20T12:54:29.6482880Z /Applications/Xcode_15.4.app/Contents/Developer/Platforms/iPhoneOS.platform/Developer/SDKs/iPhoneOS17.5.sdk/System/Cryptexes/OS/System/Library/Frameworks/WebKit.framework/Headers/WKDownloadDelegate.h:95:19: warning: 'WKDownload' is only available on iOS 14.5 or newer [-Wunguarded-availability-new]
2025-10-20T12:54:29.6582690Z - (void)download:(WKDownload *)download didFailWithError:(NSError *)error resumeData:(nullable NSData *)resumeData;
2025-10-20T12:54:29.6683920Z                   ^
2025-10-20T12:54:29.6785700Z /Applications/Xcode_15.4.app/Contents/Developer/Platforms/iPhoneOS.platform/Developer/SDKs/iPhoneOS17.5.sdk/System/Cryptexes/OS/System/Library/Frameworks/WebKit.framework/Headers/WKDownload.h:37:12: note: 'WKDownload' has been marked as being introduced in iOS 14.5 here, but the deployment target is iOS 14.0.0
2025-10-20T12:54:29.6885450Z @interface WKDownload : NSObject<NSProgressReporting>
2025-10-20T12:54:29.6986330Z            ^
2025-10-20T12:54:29.7088150Z /Applications/Xcode_15.4.app/Contents/Developer/Platforms/iPhoneOS.platform/Developer/SDKs/iPhoneOS17.5.sdk/System/Cryptexes/OS/System/Library/Frameworks/WebKit.framework/Headers/WKDownloadDelegate.h:95:1: note: annotate 'download:didFailWithError:resumeData:' with an availability attribute to silence this warning
2025-10-20T12:54:29.7188390Z - (void)download:(WKDownload *)download didFailWithError:(NSError *)error resumeData:(nullable NSData *)resumeData;
2025-10-20T12:54:29.7289600Z ^
2025-10-20T12:54:29.7390820Z                                                                                                                    API_AVAILABLE(ios(14.5))
2025-10-20T12:54:29.7491690Z In file included from /Users/runner/work/Amethyst-iOS-MyRemastered/Amethyst-iOS-MyRemastered/Natives/LauncherNavigationController.m:16:
2025-10-20T12:54:29.7596490Z In file included from /Users/runner/work/Amethyst-iOS-MyRemastered/Amethyst-iOS-MyRemastered/Natives/external/AFNetworking/UIKit+AFNetworking/UIKit+AFNetworking.h:40:
2025-10-20T12:54:29.7697910Z In file included from /Users/runner/work/Amethyst-iOS-MyRemastered/Amethyst-iOS-MyRemastered/Natives/external/AFNetworking/UIKit+AFNetworking/WKWebView+AFNetworking.h:29:
2025-10-20T12:54:29.7798240Z In file included from /Applications/Xcode_15.4.app/Contents/Developer/Platforms/iPhoneOS.platform/Developer/SDKs/iPhoneOS17.5.sdk/System/Cryptexes/OS/System/Library/Frameworks/WebKit.framework/Headers/WebKit.h:34:
2025-10-20T12:54:29.7899650Z /Applications/Xcode_15.4.app/Contents/Developer/Platforms/iPhoneOS.platform/Developer/SDKs/iPhoneOS17.5.sdk/System/Cryptexes/OS/System/Library/Frameworks/WebKit.framework/Headers/WKDownloadDelegate.h:59:19: warning: 'WKDownload' is only available on iOS 14.5 or newer [-Wunguarded-availability-new]
2025-10-20T12:54:29.8010030Z - (void)download:(WKDownload *)download decideDestinationUsingResponse:(NSURLResponse *)response suggestedFilename:(NSString *)suggestedFilename completionHandler:(void (^)(NSURL * _Nullable destination))completionHandler;
2025-10-20T12:54:29.8109280Z                   ^
2025-10-20T12:54:29.8215640Z /Applications/Xcode_15.4.app/Contents/Developer/Platforms/iPhoneOS.platform/Developer/SDKs/iPhoneOS17.5.sdk/System/Cryptexes/OS/System/Library/Frameworks/WebKit.framework/Headers/WKDownload.h:37:12: note: 'WKDownload' has been marked as being introduced in iOS 14.5 here, but the deployment target is iOS 14.0.0
2025-10-20T12:54:29.8317830Z @interface WKDownload : NSObject<NSProgressReporting>
2025-10-20T12:54:29.8418000Z            ^
2025-10-20T12:54:29.8519950Z /Applications/Xcode_15.4.app/Contents/Developer/Platforms/iPhoneOS.platform/Developer/SDKs/iPhoneOS17.5.sdk/System/Cryptexes/OS/System/Library/Frameworks/WebKit.framework/Headers/WKDownloadDelegate.h:59:1: note: annotate 'download:decideDestinationUsingResponse:suggestedFilename:completionHandler:' with an availability attribute to silence this warning
2025-10-20T12:54:29.8620020Z - (void)download:(WKDownload *)download decideDestinationUsingResponse:(NSURLResponse *)response suggestedFilename:(NSString *)suggestedFilename completionHandler:(void (^)(NSURL * _Nullable destination))completionHandler;
2025-10-20T12:54:29.8720030Z ^
2025-10-20T12:54:29.8821160Z                                                                                                                                                                                                                               API_AVAILABLE(ios(14.5))
2025-10-20T12:54:29.8923230Z /Applications/Xcode_15.4.app/Contents/Developer/Platforms/iPhoneOS.platform/Developer/SDKs/iPhoneOS17.5.sdk/System/Cryptexes/OS/System/Library/Frameworks/WebKit.framework/Headers/WKDownloadDelegate.h:71:19: warning: 'WKDownload' is only available on iOS 14.5 or newer [-Wunguarded-availability-new]
2025-10-20T12:54:29.9023680Z - (void)download:(WKDownload *)download willPerformHTTPRedirection:(NSHTTPURLResponse *)response newRequest:(NSURLRequest *)request decisionHandler:(void (^)(WKDownloadRedirectPolicy))decisionHandler WK_SWIFT_ASYNC_NAME(download(_:decidedPolicyForHTTPRedirection:newRequest:)) WK_SWIFT_ASYNC(4);
2025-10-20T12:54:29.9139180Z                   ^
2025-10-20T12:54:29.9244260Z /Applications/Xcode_15.4.app/Contents/Developer/Platforms/iPhoneOS.platform/Developer/SDKs/iPhoneOS17.5.sdk/System/Cryptexes/OS/System/Library/Frameworks/WebKit.framework/Headers/WKDownload.h:37:12: note: 'WKDownload' has been marked as being introduced in iOS 14.5 here, but the deployment target is iOS 14.0.0
2025-10-20T12:54:29.9247450Z [ 68%] Building C object CMakeFiles/AngelAuraAmethyst.dir/LauncherPrefContCfgViewController.m.o
2025-10-20T12:54:29.9342570Z @interface WKDownload : NSObject<NSProgressReporting>
2025-10-20T12:54:29.9450820Z            ^
2025-10-20T12:54:29.9553330Z /Applications/Xcode_15.4.app/Contents/Developer/Platforms/iPhoneOS.platform/Developer/SDKs/iPhoneOS17.5.sdk/System/Cryptexes/OS/System/Library/Frameworks/WebKit.framework/Headers/WKDownloadDelegate.h:71:1: note: annotate 'download:willPerformHTTPRedirection:newRequest:decisionHandler:' with an availability attribute to silence this warning
2025-10-20T12:54:29.9652980Z - (void)download:(WKDownload *)download willPerformHTTPRedirection:(NSHTTPURLResponse *)response newRequest:(NSURLRequest *)request decisionHandler:(void (^)(WKDownloadRedirectPolicy))decisionHandler WK_SWIFT_ASYNC_NAME(download(_:decidedPolicyForHTTPRedirection:newRequest:)) WK_SWIFT_ASYNC(4);
2025-10-20T12:54:29.9752630Z ^
2025-10-20T12:54:29.9853690Z                                                                                                                                                                                                                                                                                                        API_AVAILABLE(ios(14.5))
2025-10-20T12:54:29.9955620Z /Applications/Xcode_15.4.app/Contents/Developer/Platforms/iPhoneOS.platform/Developer/SDKs/iPhoneOS17.5.sdk/System/Cryptexes/OS/System/Library/Frameworks/WebKit.framework/Headers/WKDownloadDelegate.h:71:159: warning: 'WKDownloadRedirectPolicy' is only available on iOS 14.5 or newer [-Wunguarded-availability-new]
2025-10-20T12:54:30.0057130Z - (void)download:(WKDownload *)download willPerformHTTPRedirection:(NSHTTPURLResponse *)response newRequest:(NSURLRequest *)request decisionHandler:(void (^)(WKDownloadRedirectPolicy))decisionHandler WK_SWIFT_ASYNC_NAME(download(_:decidedPolicyForHTTPRedirection:newRequest:)) WK_SWIFT_ASYNC(4);
2025-10-20T12:54:30.0155810Z                                                                                                                                                               ^
2025-10-20T12:54:30.0258440Z /Applications/Xcode_15.4.app/Contents/Developer/Platforms/iPhoneOS.platform/Developer/SDKs/iPhoneOS17.5.sdk/System/Cryptexes/OS/System/Library/Frameworks/WebKit.framework/Headers/WKDownloadDelegate.h:36:28: note: 'WKDownloadRedirectPolicy' has been marked as being introduced in iOS 14.5 here, but the deployment target is iOS 14.0.0
2025-10-20T12:54:30.0360840Z typedef NS_ENUM(NSInteger, WKDownloadRedirectPolicy) {
2025-10-20T12:54:30.0486320Z                            ^
2025-10-20T12:54:30.0588300Z /Applications/Xcode_15.4.app/Contents/Developer/Platforms/iPhoneOS.platform/Developer/SDKs/iPhoneOS17.5.sdk/System/Cryptexes/OS/System/Library/Frameworks/WebKit.framework/Headers/WKDownloadDelegate.h:71:1: note: annotate 'download:willPerformHTTPRedirection:newRequest:decisionHandler:' with an availability attribute to silence this warning
2025-10-20T12:54:30.0589640Z [ 69%] Building C object CMakeFiles/AngelAuraAmethyst.dir/LauncherPrefGameDirViewController.m.o
2025-10-20T12:54:30.0689180Z - (void)download:(WKDownload *)download willPerformHTTPRedirection:(NSHTTPURLResponse *)response newRequest:(NSURLRequest *)request decisionHandler:(void (^)(WKDownloadRedirectPolicy))decisionHandler WK_SWIFT_ASYNC_NAME(download(_:decidedPolicyForHTTPRedirection:newRequest:)) WK_SWIFT_ASYNC(4);
2025-10-20T12:54:30.0792510Z ^
2025-10-20T12:54:30.0893640Z                                                                                                                                                                                                                                                                                                        API_AVAILABLE(ios(14.5))
2025-10-20T12:54:30.0996250Z /Applications/Xcode_15.4.app/Contents/Developer/Platforms/iPhoneOS.platform/Developer/SDKs/iPhoneOS17.5.sdk/System/Cryptexes/OS/System/Library/Frameworks/WebKit.framework/Headers/WKDownloadDelegate.h:83:19: warning: 'WKDownload' is only available on iOS 14.5 or newer [-Wunguarded-availability-new]
2025-10-20T12:54:30.1096810Z - (void)download:(WKDownload *)download didReceiveAuthenticationChallenge:(NSURLAuthenticationChallenge *)challenge completionHandler:(void (^)(NSURLSessionAuthChallengeDisposition, NSURLCredential * _Nullable))completionHandler WK_SWIFT_ASYNC_NAME(download(_:respondTo:));
2025-10-20T12:54:30.1196400Z                   ^
2025-10-20T12:54:30.1298050Z /Applications/Xcode_15.4.app/Contents/Developer/Platforms/iPhoneOS.platform/Developer/SDKs/iPhoneOS17.5.sdk/System/Cryptexes/OS/System/Library/Frameworks/WebKit.framework/Headers/WKDownload.h:37:12: note: 'WKDownload' has been marked as being introduced in iOS 14.5 here, but the deployment target is iOS 14.0.0
2025-10-20T12:54:30.1399580Z @interface WKDownload : NSObject<NSProgressReporting>
2025-10-20T12:54:30.1503250Z            ^
2025-10-20T12:54:30.1607820Z /Applications/Xcode_15.4.app/Contents/Developer/Platforms/iPhoneOS.platform/Developer/SDKs/iPhoneOS17.5.sdk/System/Cryptexes/OS/System/Library/Frameworks/WebKit.framework/Headers/WKDownloadDelegate.h:83:1: note: annotate 'download:didReceiveAuthenticationChallenge:completionHandler:' with an availability attribute to silence this warning
2025-10-20T12:54:30.1711340Z - (void)download:(WKDownload *)download didReceiveAuthenticationChallenge:(NSURLAuthenticationChallenge *)challenge completionHandler:(void (^)(NSURLSessionAuthChallengeDisposition, NSURLCredential * _Nullable))completionHandler WK_SWIFT_ASYNC_NAME(download(_:respondTo:));
2025-10-20T12:54:30.1814690Z ^
2025-10-20T12:54:30.1925140Z                                                                                                                                                                                                                                                                                  API_AVAILABLE(ios(14.5))
2025-10-20T12:54:30.1940120Z /Applications/Xcode_15.4.app/Contents/Developer/Platforms/iPhoneOS.platform/Developer/SDKs/iPhoneOS17.5.sdk/System/Cryptexes/OS/System/Library/Frameworks/WebKit.framework/Headers/WKDownloadDelegate.h:88:28: warning: 'WKDownload' is only available on iOS 14.5 or newer [-Wunguarded-availability-new]
2025-10-20T12:54:30.2053510Z - (void)downloadDidFinish:(WKDownload *)download;
2025-10-20T12:54:30.2154840Z                            ^
2025-10-20T12:54:30.2256730Z /Applications/Xcode_15.4.app/Contents/Developer/Platforms/iPhoneOS.platform/Developer/SDKs/iPhoneOS17.5.sdk/System/Cryptexes/OS/System/Library/Frameworks/WebKit.framework/Headers/WKDownload.h:37:12: note: 'WKDownload' has been marked as being introduced in iOS 14.5 here, but the deployment target is iOS 14.0.0
2025-10-20T12:54:30.2363660Z @interface WKDownload : NSObject<NSProgressReporting>
2025-10-20T12:54:30.2466450Z            ^
2025-10-20T12:54:30.2568540Z /Applications/Xcode_15.4.app/Contents/Developer/Platforms/iPhoneOS.platform/Developer/SDKs/iPhoneOS17.5.sdk/System/Cryptexes/OS/System/Library/Frameworks/WebKit.framework/Headers/WKDownloadDelegate.h:88:1: note: annotate 'downloadDidFinish:' with an availability attribute to silence this warning
2025-10-20T12:54:30.2671530Z - (void)downloadDidFinish:(WKDownload *)download;
2025-10-20T12:54:30.2777560Z ^
2025-10-20T12:54:30.2879990Z                                                  API_AVAILABLE(ios(14.5))
2025-10-20T12:54:30.2989720Z /Applications/Xcode_15.4.app/Contents/Developer/Platforms/iPhoneOS.platform/Developer/SDKs/iPhoneOS17.5.sdk/System/Cryptexes/OS/System/Library/Frameworks/WebKit.framework/Headers/WKDownloadDelegate.h:95:19: warning: 'WKDownload' is only available on iOS 14.5 or newer [-Wunguarded-availability-new]
2025-10-20T12:54:30.3091930Z - (void)download:(WKDownload *)download didFailWithError:(NSError *)error resumeData:(nullable NSData *)resumeData;
2025-10-20T12:54:30.3195070Z                   ^
2025-10-20T12:54:30.3303100Z /Applications/Xcode_15.4.app/Contents/Developer/Platforms/iPhoneOS.platform/Developer/SDKs/iPhoneOS17.5.sdk/System/Cryptexes/OS/System/Library/Frameworks/WebKit.framework/Headers/WKDownload.h:37:12: note: 'WKDownload' has been marked as being introduced in iOS 14.5 here, but the deployment target is iOS 14.0.0
2025-10-20T12:54:30.3406540Z @interface WKDownload : NSObject<NSProgressReporting>
2025-10-20T12:54:30.3525470Z            ^
2025-10-20T12:54:30.3627910Z /Applications/Xcode_15.4.app/Contents/Developer/Platforms/iPhoneOS.platform/Developer/SDKs/iPhoneOS17.5.sdk/System/Cryptexes/OS/System/Library/Frameworks/WebKit.framework/Headers/WKDownloadDelegate.h:95:1: note: annotate 'download:didFailWithError:resumeData:' with an availability attribute to silence this warning
2025-10-20T12:54:30.3733450Z - (void)download:(WKDownload *)download didFailWithError:(NSError *)error resumeData:(nullable NSData *)resumeData;
2025-10-20T12:54:30.3841690Z ^
2025-10-20T12:54:30.3942910Z                                                                                                                    API_AVAILABLE(ios(14.5))
2025-10-20T12:54:30.4044800Z In file included from /Users/runner/work/Amethyst-iOS-MyRemastered/Amethyst-iOS-MyRemastered/Natives/LauncherNavigationController.m:16:
2025-10-20T12:54:30.4146840Z In file included from /Users/runner/work/Amethyst-iOS-MyRemastered/Amethyst-iOS-MyRemastered/Natives/external/AFNetworking/UIKit+AFNetworking/UIKit+AFNetworking.h:40:
2025-10-20T12:54:30.4147920Z In file included from /Users/runner/work/Amethyst-iOS-MyRemastered/Amethyst-iOS-MyRemastered/Natives/external/AFNetworking/UIKit+AFNetworking/WKWebView+AFNetworking.h:29:
2025-10-20T12:54:30.4249700Z In file included from /Applications/Xcode_15.4.app/Contents/Developer/Platforms/iPhoneOS.platform/Developer/SDKs/iPhoneOS17.5.sdk/System/Cryptexes/OS/System/Library/Frameworks/WebKit.framework/Headers/WebKit.h:57:
2025-10-20T12:54:30.4353400Z /Applications/Xcode_15.4.app/Contents/Developer/Platforms/iPhoneOS.platform/Developer/SDKs/iPhoneOS17.5.sdk/System/Cryptexes/OS/System/Library/Frameworks/WebKit.framework/Headers/WKUIDelegate.h:256:118: warning: 'WKDialogResult' is only available on iOS 16.0 or newer [-Wunguarded-availability-new]
2025-10-20T12:54:30.4462110Z - (void)webView:(WKWebView *)webView showLockdownModeFirstUseMessage:(NSString *)message completionHandler:(void (^)(WKDialogResult))completionHandler API_AVAILABLE(ios(13.0));
2025-10-20T12:54:30.4564420Z                                                                                                                      ^
2025-10-20T12:54:30.4666790Z /Applications/Xcode_15.4.app/Contents/Developer/Platforms/iPhoneOS.platform/Developer/SDKs/iPhoneOS17.5.sdk/System/Cryptexes/OS/System/Library/Frameworks/WebKit.framework/Headers/WKUIDelegate.h:67:28: note: 'WKDialogResult' has been marked as being introduced in iOS 16.0 here, but the deployment target is iOS 14.0.0
2025-10-20T12:54:30.4768590Z typedef NS_ENUM(NSInteger, WKDialogResult) {
2025-10-20T12:54:30.4870140Z                            ^
2025-10-20T12:54:30.4974190Z /Applications/Xcode_15.4.app/Contents/Developer/Platforms/iPhoneOS.platform/Developer/SDKs/iPhoneOS17.5.sdk/System/Cryptexes/OS/System/Library/Frameworks/WebKit.framework/Headers/WKUIDelegate.h:256:1: note: annotate 'webView:showLockdownModeFirstUseMessage:completionHandler:' with an availability attribute to silence this warning
2025-10-20T12:54:30.5077240Z - (void)webView:(WKWebView *)webView showLockdownModeFirstUseMessage:(NSString *)message completionHandler:(void (^)(WKDialogResult))completionHandler API_AVAILABLE(ios(13.0));
2025-10-20T12:54:30.5179530Z ^
2025-10-20T12:54:30.5295940Z /Users/runner/work/Amethyst-iOS-MyRemastered/Amethyst-iOS-MyRemastered/Natives/LauncherNavigationController.m:329:26: warning: 'dismissModalViewControllerAnimated:' is deprecated: first deprecated in iOS 6.0 [-Wdeprecated-declarations]
2025-10-20T12:54:30.5397950Z         [self.progressVC dismissModalViewControllerAnimated:NO];
2025-10-20T12:54:30.5504240Z                          ^
2025-10-20T12:54:30.5610030Z /Applications/Xcode_15.4.app/Contents/Developer/Platforms/iPhoneOS.platform/Developer/SDKs/iPhoneOS17.5.sdk/System/Library/Frameworks/UIKit.framework/Headers/UIViewController.h:259:1: note: 'dismissModalViewControllerAnimated:' has been explicitly marked deprecated here
2025-10-20T12:54:30.5712310Z - (void)dismissModalViewControllerAnimated:(BOOL)animated API_DEPRECATED("", ios(2.0, 6.0)) API_UNAVAILABLE(visionos) API_UNAVAILABLE(tvos);
2025-10-20T12:54:30.5813610Z ^
2025-10-20T12:54:30.5914580Z 8 warnings generated.
2025-10-20T12:54:30.6017020Z In file included from /Users/runner/work/Amethyst-iOS-MyRemastered/Amethyst-iOS-MyRemastered/Natives/LauncherNewsViewController.m:1:
2025-10-20T12:54:30.6134510Z In file included from /Applications/Xcode_15.4.app/Contents/Developer/Platforms/iPhoneOS.platform/Developer/SDKs/iPhoneOS17.5.sdk/System/Cryptexes/OS/System/Library/Frameworks/WebKit.framework/Headers/WebKit.h:57:
2025-10-20T12:54:30.6243990Z /Applications/Xcode_15.4.app/Contents/Developer/Platforms/iPhoneOS.platform/Developer/SDKs/iPhoneOS17.5.sdk/System/Cryptexes/OS/System/Library/Frameworks/WebKit.framework/Headers/WKUIDelegate.h:256:118: warning: 'WKDialogResult' is only available on iOS 16.0 or newer [-Wunguarded-availability-new]
2025-10-20T12:54:30.6346300Z - (void)webView:(WKWebView *)webView showLockdownModeFirstUseMessage:(NSString *)message completionHandler:(void (^)(WKDialogResult))completionHandler API_AVAILABLE(ios(13.0));
2025-10-20T12:54:30.6452720Z                                                                                                                      ^
2025-10-20T12:54:30.6555380Z /Applications/Xcode_15.4.app/Contents/Developer/Platforms/iPhoneOS.platform/Developer/SDKs/iPhoneOS17.5.sdk/System/Cryptexes/OS/System/Library/Frameworks/WebKit.framework/Headers/WKUIDelegate.h:67:28: note: 'WKDialogResult' has been marked as being introduced in iOS 16.0 here, but the deployment target is iOS 14.0.0
2025-10-20T12:54:30.6657540Z typedef NS_ENUM(NSInteger, WKDialogResult) {
2025-10-20T12:54:30.6758350Z                            ^
2025-10-20T12:54:30.6860480Z /Applications/Xcode_15.4.app/Contents/Developer/Platforms/iPhoneOS.platform/Developer/SDKs/iPhoneOS17.5.sdk/System/Cryptexes/OS/System/Library/Frameworks/WebKit.framework/Headers/WKUIDelegate.h:256:1: note: annotate 'webView:showLockdownModeFirstUseMessage:completionHandler:' with an availability attribute to silence this warning
2025-10-20T12:54:30.6964690Z - (void)webView:(WKWebView *)webView showLockdownModeFirstUseMessage:(NSString *)message completionHandler:(void (^)(WKDialogResult))completionHandler API_AVAILABLE(ios(13.0));
2025-10-20T12:54:30.7065790Z ^
2025-10-20T12:54:30.7167000Z 7 warnings generated.
2025-10-20T12:54:30.8660550Z [ 70%] Building C object CMakeFiles/AngelAuraAmethyst.dir/LauncherPrefManageJREViewController.m.o
2025-10-20T12:54:31.0668740Z In file included from /Users/runner/work/Amethyst-iOS-MyRemastered/Amethyst-iOS-MyRemastered/Natives/LauncherPreferencesViewController.m:20:
2025-10-20T12:54:31.0769460Z /Users/runner/work/Amethyst-iOS-MyRemastered/Amethyst-iOS-MyRemastered/Natives/./CustomIconManager.h:6:4: warning: pointer is missing a nullability type specifier (_Nonnull, _Nullable, or _Null_unspecified) [-Wnullability-completeness]
2025-10-20T12:54:31.0869360Z + (instancetype)sharedManager;
2025-10-20T12:54:31.0970330Z    ^
2025-10-20T12:54:31.1071600Z /Users/runner/work/Amethyst-iOS-MyRemastered/Amethyst-iOS-MyRemastered/Natives/./CustomIconManager.h:6:4: note: insert '_Nullable' if the pointer may be null
2025-10-20T12:54:31.1172200Z + (instancetype)sharedManager;
2025-10-20T12:54:31.1273080Z    ^
2025-10-20T12:54:31.1373620Z                 _Nullable 
2025-10-20T12:54:31.1474410Z /Users/runner/work/Amethyst-iOS-MyRemastered/Amethyst-iOS-MyRemastered/Natives/./CustomIconManager.h:6:4: note: insert '_Nonnull' if the pointer should never be null
2025-10-20T12:54:31.1574820Z + (instancetype)sharedManager;
2025-10-20T12:54:31.1675690Z    ^
2025-10-20T12:54:31.1776570Z                 _Nonnull 
2025-10-20T12:54:31.1878040Z /Users/runner/work/Amethyst-iOS-MyRemastered/Amethyst-iOS-MyRemastered/Natives/./CustomIconManager.h:7:63: warning: block pointer is missing a nullability type specifier (_Nonnull, _Nullable, or _Null_unspecified) [-Wnullability-completeness]
2025-10-20T12:54:31.1978140Z - (void)saveCustomIcon:(UIImage *)image withCompletion:(void (^)(BOOL success, NSError * _Nullable error))completion;
2025-10-20T12:54:31.2078520Z                                                               ^
2025-10-20T12:54:31.2183050Z /Users/runner/work/Amethyst-iOS-MyRemastered/Amethyst-iOS-MyRemastered/Natives/./CustomIconManager.h:7:63: note: insert '_Nullable' if the block pointer may be null
2025-10-20T12:54:31.2294470Z - (void)saveCustomIcon:(UIImage *)image withCompletion:(void (^)(BOOL success, NSError * _Nullable error))completion;
2025-10-20T12:54:31.2397290Z                                                               ^
2025-10-20T12:54:31.2498540Z                                                                _Nullable
2025-10-20T12:54:31.2600020Z /Users/runner/work/Amethyst-iOS-MyRemastered/Amethyst-iOS-MyRemastered/Natives/./CustomIconManager.h:7:63: note: insert '_Nonnull' if the block pointer should never be null
2025-10-20T12:54:31.2700280Z - (void)saveCustomIcon:(UIImage *)image withCompletion:(void (^)(BOOL success, NSError * _Nullable error))completion;
2025-10-20T12:54:31.2800480Z                                                               ^
2025-10-20T12:54:31.2901780Z                                                                _Nonnull
2025-10-20T12:54:31.3002790Z /Users/runner/work/Amethyst-iOS-MyRemastered/Amethyst-iOS-MyRemastered/Natives/./CustomIconManager.h:8:44: warning: block pointer is missing a nullability type specifier (_Nonnull, _Nullable, or _Null_unspecified) [-Wnullability-completeness]
2025-10-20T12:54:31.3102820Z - (void)setCustomIconWithCompletion:(void (^)(BOOL success, NSError * _Nullable error))completion;
2025-10-20T12:54:31.3203720Z                                            ^
2025-10-20T12:54:31.3313430Z /Users/runner/work/Amethyst-iOS-MyRemastered/Amethyst-iOS-MyRemastered/Natives/./CustomIconManager.h:8:44: note: insert '_Nullable' if the block pointer may be null
2025-10-20T12:54:31.3412730Z - (void)setCustomIconWithCompletion:(void (^)(BOOL success, NSError * _Nullable error))completion;
2025-10-20T12:54:31.3513050Z                                            ^
2025-10-20T12:54:31.3614220Z                                             _Nullable
2025-10-20T12:54:31.3714990Z /Users/runner/work/Amethyst-iOS-MyRemastered/Amethyst-iOS-MyRemastered/Natives/./CustomIconManager.h:8:44: note: insert '_Nonnull' if the block pointer should never be null
2025-10-20T12:54:31.3817580Z - (void)setCustomIconWithCompletion:(void (^)(BOOL success, NSError * _Nullable error))completion;
2025-10-20T12:54:31.3916610Z                                            ^
2025-10-20T12:54:31.4017470Z                                             _Nonnull
2025-10-20T12:54:31.4118560Z /Users/runner/work/Amethyst-iOS-MyRemastered/Amethyst-iOS-MyRemastered/Natives/LauncherPreferencesViewController.m:243:1: error: duplicate declaration of method 'imagePickerController:didFinishPickingMediaWithInfo:'
2025-10-20T12:54:31.4219150Z - (void)imagePickerController:(UIImagePickerController *)picker didFinishPickingMediaWithInfo:(NSDictionary<UIImagePickerControllerInfoKey,id> *)info {
2025-10-20T12:54:31.4319290Z ^
2025-10-20T12:54:31.4420700Z /Users/runner/work/Amethyst-iOS-MyRemastered/Amethyst-iOS-MyRemastered/Natives/LauncherPreferencesViewController.m:69:1: note: previous declaration is here
2025-10-20T12:54:31.4521550Z - (void)imagePickerController:(UIImagePickerController *)picker didFinishPickingMediaWithInfo:(NSDictionary<UIImagePickerControllerInfoKey,id> *)info {
2025-10-20T12:54:31.4621090Z ^
2025-10-20T12:54:31.4722850Z /Users/runner/work/Amethyst-iOS-MyRemastered/Amethyst-iOS-MyRemastered/Natives/LauncherPreferencesViewController.m:268:1: error: duplicate declaration of method 'imagePickerControllerDidCancel:'
2025-10-20T12:54:31.4822900Z - (void)imagePickerControllerDidCancel:(UIImagePickerController *)picker {
2025-10-20T12:54:31.4922890Z ^
2025-10-20T12:54:31.5024170Z /Users/runner/work/Amethyst-iOS-MyRemastered/Amethyst-iOS-MyRemastered/Natives/LauncherPreferencesViewController.m:128:1: note: previous declaration is here
2025-10-20T12:54:31.5124300Z - (void)imagePickerControllerDidCancel:(UIImagePickerController *)picker {
2025-10-20T12:54:31.5225050Z ^
2025-10-20T12:54:31.5326750Z /Users/runner/work/Amethyst-iOS-MyRemastered/Amethyst-iOS-MyRemastered/Natives/LauncherPreferencesViewController.m:184:98: error: no visible @interface for 'UIDocumentPickerViewController' declares the selector 'initWithForOpeningContentTypes:allowMultipleSelection:'
2025-10-20T12:54:31.5426450Z         UIDocumentPickerViewController *documentPicker = [[UIDocumentPickerViewController alloc] initWithForOpeningContentTypes:@[
2025-10-20T12:54:31.5527750Z                                                           ~~~~~~~~~~~~~~~~~~~~~~~~~~~~~~~~~~~~~~ ^~~~~~~~~~~~~~~~~~~~~~~~~~~~~~~~~
2025-10-20T12:54:31.5629440Z /Users/runner/work/Amethyst-iOS-MyRemastered/Amethyst-iOS-MyRemastered/Natives/LauncherPreferencesViewController.m:210:56: error: use of undeclared identifier 'kUTTypeImage'
2025-10-20T12:54:31.5733400Z                 imagePicker.mediaTypes = @[(NSString *)kUTTypeImage]; // 只显示图片
2025-10-20T12:54:31.5856420Z                                                        ^
2025-10-20T12:54:31.5957650Z 3 warnings and 4 errors generated.
2025-10-20T12:54:31.6058340Z gmake[3]: *** [CMakeFiles/AngelAuraAmethyst.dir/build.make:761: CMakeFiles/AngelAuraAmethyst.dir/LauncherPreferencesViewController.m.o] Error 1
2025-10-20T12:54:31.6159170Z gmake[3]: *** Waiting for unfinished jobs....
2025-10-20T12:54:31.8367810Z gmake[2]: *** [CMakeFiles/Makefile2:262: CMakeFiles/AngelAuraAmethyst.dir/all] Error 2
2025-10-20T12:54:31.8368450Z gmake[1]: Leaving directory '/Users/runner/work/Amethyst-iOS-MyRemastered/Amethyst-iOS-MyRemastered/Natives/build'
2025-10-20T12:54:31.8469150Z gmake[1]: *** [Makefile:91: all] Error 2
2025-10-20T12:54:31.8569440Z gmake: *** [Makefile:257: native] Error 2
2025-10-20T12:54:31.8670540Z gmake: *** Waiting for unfinished jobs....
2025-10-20T12:54:32.1582360Z Compiling src/launcher/net/kdt/pojavlaunch/value/MinecraftClientInfo.java
2025-10-20T12:54:32.2185790Z Note: src/launcher/net/kdt/pojavlaunch/PojavClassLoader.java uses or overrides a deprecated API.
2025-10-20T12:54:32.2286940Z Note: Recompile with -Xlint:deprecation for details.
2025-10-20T12:54:32.2388180Z Note: Some input files use unchecked or unsafe operations.
2025-10-20T12:54:32.2489490Z Note: Recompile with -Xlint:unchecked for details.
2025-10-20T12:54:32.3506220Z Compiling src/launcher/net/kdt/pojavlaunch/value/DependentLibrary.java
2025-10-20T12:54:33.7528590Z Note: src/launcher/net/kdt/pojavlaunch/PojavClassLoader.java uses or overrides a deprecated API.
2025-10-20T12:54:33.7632260Z Note: Recompile with -Xlint:deprecation for details.
2025-10-20T12:54:33.7742950Z Note: Some input files use unchecked or unsafe operations.
2025-10-20T12:54:33.7848950Z Note: Recompile with -Xlint:unchecked for details.
2025-10-20T12:54:33.7952750Z Compiling src/launcher/net/kdt/pojavlaunch/value/MinecraftAccount.java
2025-10-20T12:54:34.5898590Z Compiling src/launcher/net/kdt/pojavlaunch/value/ForgeInstallProfile.java
2025-10-20T12:54:35.0131800Z Compiling src/launcher/net/kdt/pojavlaunch/utils/MCOptionUtils.java
2025-10-20T12:54:38.4128080Z Compiling src/launcher/net/kdt/pojavlaunch/utils/JSONUtils.java
2025-10-20T12:54:41.9076240Z Compiling src/launcher/net/kdt/pojavlaunch/JVersion.java
2025-10-20T12:54:44.7465370Z Compiling src/launcher/net/kdt/pojavlaunch/JAssets.java
2025-10-20T12:54:47.6507580Z Compiling src/launcher/net/kdt/pojavlaunch/JAssetInfo.java
2025-10-20T12:54:48.0430390Z Note: src/launcher/net/kdt/pojavlaunch/PojavClassLoader.java uses or overrides a deprecated API.
2025-10-20T12:54:48.0533330Z Note: Recompile with -Xlint:deprecation for details.
2025-10-20T12:54:48.0635620Z Note: Some input files use unchecked or unsafe operations.
2025-10-20T12:54:48.0737910Z Note: Recompile with -Xlint:unchecked for details.
2025-10-20T12:54:48.0980130Z Compiling src/launcher/net/kdt/pojavlaunch/Tools.java
2025-10-20T12:54:49.0965890Z Note: src/launcher/net/kdt/pojavlaunch/PojavClassLoader.java uses or overrides a deprecated API.
2025-10-20T12:54:49.1067850Z Note: Recompile with -Xlint:deprecation for details.
2025-10-20T12:54:49.1168790Z Note: Some input files use unchecked or unsafe operations.
2025-10-20T12:54:49.1270490Z Note: Recompile with -Xlint:unchecked for details.
2025-10-20T12:54:49.1586000Z Compiling src/launcher/net/kdt/pojavlaunch/JMinecraftVersionList.java
2025-10-20T12:54:50.2334830Z Compiling src/launcher/android/util/Objects.java
2025-10-20T12:54:51.8230180Z Compiling src/launcher/android/util/ArrayMap.java
2025-10-20T12:54:53.8982420Z Compiling src/launcher/android/util/EmptyArray.java
2025-10-20T12:54:56.4004460Z Compiling src/launcher/android/util/ContainerHelpers.java
2025-10-20T12:54:58.6337010Z Compiling src/launcher/android/util/MapCollections.java
2025-10-20T12:54:58.9367230Z Note: Some input files use unchecked or unsafe operations.
2025-10-20T12:54:58.9467340Z Note: Recompile with -Xlint:unchecked for details.
2025-10-20T12:54:59.0375470Z Compiling src/launcher/com/mojang/text2speech/NarratorWindows.java
2025-10-20T12:54:59.7955130Z Note: src/launcher/net/kdt/pojavlaunch/PojavClassLoader.java uses or overrides a deprecated API.
2025-10-20T12:54:59.8055470Z Note: Recompile with -Xlint:deprecation for details.
2025-10-20T12:54:59.8160610Z Note: Some input files use unchecked or unsafe operations.
2025-10-20T12:54:59.8289500Z Note: Recompile with -Xlint:unchecked for details.
2025-10-20T12:54:59.8501750Z Compiling src/launcher/com/mojang/text2speech/Narrator.java
2025-10-20T12:55:00.9940750Z Compiling src/launcher/com/mojang/text2speech/NarratorOSX.java
2025-10-20T12:55:01.7905100Z Compiling src/launcher/com/mojang/text2speech/NarratorLinux.java
2025-10-20T12:55:03.3484990Z Note: src/launcher/android/util/MapCollections.java uses unchecked or unsafe operations.
2025-10-20T12:55:03.3586740Z Note: Recompile with -Xlint:unchecked for details.
2025-10-20T12:55:03.4268690Z Compiling src/launcher/com/mojang/text2speech/Text2Speech.java
2025-10-20T12:55:03.6842410Z Compiling src/lwjgl/org/lwjgl/input/InfdevMouse.java
2025-10-20T12:55:05.4154870Z Compiling src/lwjgl/org/lwjgl/glfw/CallbackBridge.java
2025-10-20T12:55:06.3564220Z Compiling src/lwjgl/org/lwjgl/glfw/GLFWNativeCocoa.java
2025-10-20T12:55:07.0660370Z Compiling src/lwjgl/org/lwjgl/glfw/Callbacks.java
2025-10-20T12:55:08.7973920Z Compiling src/lwjgl/org/lwjgl/glfw/GLFWVulkan.java
2025-10-20T12:55:11.1640320Z Compiling src/lwjgl/org/lwjgl/glfw/GLFWNativeEGL.java
2025-10-20T12:55:17.4955880Z Compiling src/lwjgl/org/lwjgl/glfw/GLFWWindowProperties.java
2025-10-20T12:55:24.8380550Z Note: src/launcher/net/kdt/pojavlaunch/PojavClassLoader.java uses or overrides a deprecated API.
2025-10-20T12:55:24.8482030Z Note: Recompile with -Xlint:deprecation for details.
2025-10-20T12:55:24.8582640Z Note: Some input files use unchecked or unsafe operations.
2025-10-20T12:55:24.8683510Z Note: Recompile with -Xlint:unchecked for details.
2025-10-20T12:55:25.0017460Z Compiling src/lwjgl/org/lwjgl/glfw/GLFW.java
2025-10-20T12:55:25.3741090Z Note: src/launcher/net/kdt/pojavlaunch/PojavClassLoader.java uses or overrides a deprecated API.
2025-10-20T12:55:25.3841440Z Note: Recompile with -Xlint:deprecation for details.
2025-10-20T12:55:25.3942660Z Note: Some input files use unchecked or unsafe operations.
2025-10-20T12:55:25.4043110Z Note: Recompile with -Xlint:unchecked for details.
2025-10-20T12:55:25.5165120Z Compiling src/patchjna_agent/net/kdt/patchjna/PatchJNAAgent.java
2025-10-20T12:55:27.7120810Z Compiling src/patchjna_agent/com/sun/jna/Platform.java
2025-10-20T12:55:29.4169360Z Note: src/launcher/net/kdt/pojavlaunch/PojavClassLoader.java uses or overrides a deprecated API.
2025-10-20T12:55:29.4269530Z Note: Recompile with -Xlint:deprecation for details.
2025-10-20T12:55:29.4370980Z Note: Some input files use unchecked or unsafe operations.
2025-10-20T12:55:29.4471460Z Note: Recompile with -Xlint:unchecked for details.
2025-10-20T12:55:31.0310580Z Note: src/patchjna_agent/com/sun/jna/Platform.java uses unchecked or unsafe operations.
2025-10-20T12:55:31.0411800Z Note: Recompile with -Xlint:unchecked for details.
2025-10-20T12:55:35.1026570Z Note: src/launcher/net/kdt/pojavlaunch/PojavClassLoader.java uses or overrides a deprecated API.
2025-10-20T12:55:35.1126450Z Note: Recompile with -Xlint:deprecation for details.
2025-10-20T12:55:35.1238520Z Note: Some input files use unchecked or unsafe operations.
2025-10-20T12:55:35.1331050Z Note: Recompile with -Xlint:unchecked for details.
2025-10-20T12:55:35.1434650Z Creating build/launcher.jar
2025-10-20T12:55:35.1537780Z Creating build/lwjgl.jar
2025-10-20T12:55:35.1739260Z Creating build/patchjna_agent.jar
2025-10-20T12:55:42.3492420Z gmake[1]: Leaving directory '/Users/runner/work/Amethyst-iOS-MyRemastered/Amethyst-iOS-MyRemastered/JavaApp'
2025-10-20T12:55:42.3585360Z [Amethyst v1.0] java - end
2025-10-20T12:55:42.3618930Z ##[error]Process completed with exit code 2.
2025-10-20T12:55:42.3835810Z Post job cleanup.
2025-10-20T12:55:42.7242880Z [command]/opt/homebrew/bin/git version
2025-10-20T12:55:42.7356840Z git version 2.50.1
2025-10-20T12:55:42.7983350Z Copying '/Users/runner/.gitconfig' to '/Users/runner/work/_temp/6600c58f-c665-4305-b557-454443ce6703/.gitconfig'
2025-10-20T12:55:42.8057280Z Temporarily overriding HOME='/Users/runner/work/_temp/6600c58f-c665-4305-b557-454443ce6703' before making global git config changes
2025-10-20T12:55:42.8163590Z Adding repository directory to the temporary git global config as a safe directory
2025-10-20T12:55:42.8174440Z [command]/opt/homebrew/bin/git config --global --add safe.directory /Users/runner/work/Amethyst-iOS-MyRemastered/Amethyst-iOS-MyRemastered
2025-10-20T12:55:42.8203090Z [command]/opt/homebrew/bin/git config --local --name-only --get-regexp core\.sshCommand
2025-10-20T12:55:42.8244470Z [command]/opt/homebrew/bin/git submodule foreach --recursive sh -c "git config --local --name-only --get-regexp 'core\.sshCommand' && git config --local --unset-all 'core.sshCommand' || :"
2025-10-20T12:55:42.8631120Z Entering 'Natives/external/AFNetworking'
2025-10-20T12:55:42.8782200Z Entering 'Natives/external/DBNumberedSlider'
2025-10-20T12:55:42.8955710Z Entering 'Natives/external/MobileGlues'
2025-10-20T12:55:42.9157730Z Entering 'Natives/external/MobileGlues/src/main/cpp/3rdparty/glm'
2025-10-20T12:55:42.9380970Z Entering 'Natives/external/MobileGlues/src/main/cpp/3rdparty/perfetto'
2025-10-20T12:55:42.9706470Z Entering 'Natives/external/MobileGlues/src/main/cpp/3rdparty/xxhash'
2025-10-20T12:55:42.9980430Z Entering 'Natives/external/fishhook'
2025-10-20T12:55:43.0138070Z [command]/opt/homebrew/bin/git config --local --name-only --get-regexp http\.https\:\/\/github\.com\/\.extraheader
2025-10-20T12:55:43.0172940Z http.https://github.com/.extraheader
2025-10-20T12:55:43.0180410Z [command]/opt/homebrew/bin/git config --local --unset-all http.https://github.com/.extraheader
2025-10-20T12:55:43.0228740Z [command]/opt/homebrew/bin/git submodule foreach --recursive sh -c "git config --local --name-only --get-regexp 'http\.https\:\/\/github\.com\/\.extraheader' && git config --local --unset-all 'http.https://github.com/.extraheader' || :"
2025-10-20T12:55:43.0754720Z Entering 'Natives/external/AFNetworking'
2025-10-20T12:55:43.1142610Z Entering 'Natives/external/DBNumberedSlider'
2025-10-20T12:55:43.1444010Z Entering 'Natives/external/MobileGlues'
2025-10-20T12:55:43.1746040Z Entering 'Natives/external/MobileGlues/src/main/cpp/3rdparty/glm'
2025-10-20T12:55:43.1948540Z Entering 'Natives/external/MobileGlues/src/main/cpp/3rdparty/perfetto'
2025-10-20T12:55:43.2250420Z Entering 'Natives/external/MobileGlues/src/main/cpp/3rdparty/xxhash'
2025-10-20T12:55:43.2552170Z Entering 'Natives/external/fishhook'
2025-10-20T12:55:43.3068950Z Cleaning up orphan processes
2025-10-20T12:55:44.0946440Z Terminate orphan process: pid (9459) (ibtoold)
